---------------------------------------------------------------------------------------------------------------------------------------------------------------------------------------------------------------------------------------------------------------
      name:  <unnamed>
       log:  /Users/athamawardi/Desktop/Research-Projects/PSE_Pertamina/Output/hurdle/nonparametric_tests_master.log
  log type:  text
 opened on:  21 Jan 2026, 19:05:13
. 
. cap confirm variable Ker5_w1
. if _rc {
.     di as error "Ker5_w1 not found. Cannot run nonparam tests."
.     log close
.     exit 198
. }
. 
. cap drop S_k5
. gen byte S_k5 = (Ker5_w1 > 0) if !missing(Ker5_w1)
. label var S_k5 "Exposed: Ker5_w1>0"
. label define S_k5_lab 0 "No SPBUN exposure" 1 "Has SPBUN exposure", replace
. label values S_k5 S_k5_lab
. 
. cap drop lnKer5_w1
. gen double lnKer5_w1 = ln(1 + Ker5_w1) if !missing(Ker5_w1)
. 
. cap drop k5_bin3 k5_pos
. gen byte k5_bin3 = . 
(84,276 missing values generated)
. replace k5_bin3 = 1 if !missing(Ker5_w1)
(84,276 real changes made)
. 
. quietly count if Ker5_w1 > 0 & !missing(lnKer5_w1)
. local npos = r(N)
. 
. if (`npos' >= 2) {
.     xtile k5_pos = lnKer5_w1 if Ker5_w1 > 0 & !missing(lnKer5_w1), nq(2)
.     replace k5_bin3 = k5_pos + 1 if Ker5_w1 > 0 & !missing(k5_pos)
(12,881 real changes made)
. }
. else {
.     * fallback: if too few positives, put all positives into "Low+"
.     replace k5_bin3 = 2 if Ker5_w1 > 0 & !missing(Ker5_w1)
. }
. 
. label define k5b3 1 "Zero" 2 "Low+" 3 "High+", replace
. label values k5_bin3 k5b3
. label var k5_bin3 "Zero vs low/high intensity among positives (ln(1+Ker5_w1))"
. 
. local welfare "lnpov Edu_z Wbasic_z Hlth_z Util_z"
. 
. foreach y of local welfare {
  2.     cap confirm variable `y'
  3.     if _rc continue
  4.     cap noisily ranksum `y', by(S_k5)
  5.     cap noisily ksmirnov `y', by(S_k5)
  6. }

Two-sample Wilcoxon rank-sum (Mann–Whitney) test

        S_k5 |      Obs    Rank sum    Expected
-------------+---------------------------------
No SPBUN exp |    71395   2.905e+09   3.008e+09
Has SPBUN ex |    12881   6.464e+08   5.428e+08
-------------+---------------------------------
    Combined |    84276   3.551e+09   3.551e+09

Unadjusted variance   6.459e+12
Adjustment for ties  -1.065e+10
                     ----------
Adjusted variance     6.448e+12

H0: lnpov(S_k5==No SPBUN exposure) = lnpov(S_k5==Has SPBUN exposure)
         z = -40.817
Prob > |z| =  0.0000

Two-sample Kolmogorov–Smirnov test for equality of distribution functions

Smaller group             D     p-value  
---------------------------------------
No SPBUN exposur     0.1652       0.000
Has SPBUN exposu     0.0000       1.000
Combined K-S         0.1652       0.000

Note: Ties exist in combined dataset;
      there are 970 unique values out of 84276 observations.

Two-sample Wilcoxon rank-sum (Mann–Whitney) test

        S_k5 |      Obs    Rank sum    Expected
-------------+---------------------------------
No SPBUN exp |    71395   3.143e+09   3.008e+09
Has SPBUN ex |    12881   4.083e+08   5.428e+08
-------------+---------------------------------
    Combined |    84276   3.551e+09   3.551e+09

Unadjusted variance   6.459e+12
Adjustment for ties  -250789.04
                     ----------
Adjusted variance     6.459e+12

H0: Edu_z(S_k5==No SPBUN exposure) = Edu_z(S_k5==Has SPBUN exposure)
         z = 52.904
Prob > |z| = 0.0000

Two-sample Kolmogorov–Smirnov test for equality of distribution functions

Smaller group             D     p-value  
---------------------------------------
No SPBUN exposur     0.0000       1.000
Has SPBUN exposu    -0.2313       0.000
Combined K-S         0.2313       0.000

Note: Ties exist in combined dataset;
      there are 80429 unique values out of 84276 observations.

Two-sample Wilcoxon rank-sum (Mann–Whitney) test

        S_k5 |      Obs    Rank sum    Expected
-------------+---------------------------------
No SPBUN exp |    71395   2.917e+09   3.008e+09
Has SPBUN ex |    12881   6.341e+08   5.428e+08
-------------+---------------------------------
    Combined |    84276   3.551e+09   3.551e+09

Unadjusted variance   6.459e+12
Adjustment for ties  -1.199e+09
                     ----------
Adjusted variance     6.458e+12

H0: Wbasic_z(S_k5==No SPBUN exposure) = Wbasic_z(S_k5==Has SPBUN exposure)
         z = -35.921
Prob > |z| =  0.0000

Two-sample Kolmogorov–Smirnov test for equality of distribution functions

Smaller group             D     p-value  
---------------------------------------
No SPBUN exposur     0.1561       0.000
Has SPBUN exposu    -0.0002       0.999
Combined K-S         0.1561       0.000

Note: Ties exist in combined dataset;
      there are 1967 unique values out of 84276 observations.

Two-sample Wilcoxon rank-sum (Mann–Whitney) test

        S_k5 |      Obs    Rank sum    Expected
-------------+---------------------------------
No SPBUN exp |    71395   3.004e+09   3.008e+09
Has SPBUN ex |    12881   5.475e+08   5.428e+08
-------------+---------------------------------
    Combined |    84276   3.551e+09   3.551e+09

Unadjusted variance   6.459e+12
Adjustment for ties  -5.222e+12
                     ----------
Adjusted variance     1.237e+12

H0: Hlth_z(S_k5==No SPBUN exposure) = Hlth_z(S_k5==Has SPBUN exposure)
         z = -4.220
Prob > |z| = 0.0000

Two-sample Kolmogorov–Smirnov test for equality of distribution functions

Smaller group             D     p-value  
---------------------------------------
No SPBUN exposur     0.0110       0.070
Has SPBUN exposu    -0.0026       0.861
Combined K-S         0.0110       0.141

Note: Ties exist in combined dataset;
      there are 511 unique values out of 84276 observations.

Two-sample Wilcoxon rank-sum (Mann–Whitney) test

        S_k5 |      Obs    Rank sum    Expected
-------------+---------------------------------
No SPBUN exp |    71395   2.905e+09   3.008e+09
Has SPBUN ex |    12881   6.466e+08   5.428e+08
-------------+---------------------------------
    Combined |    84276   3.551e+09   3.551e+09

Unadjusted variance   6.459e+12
Adjustment for ties  -6.636e+08
                     ----------
Adjusted variance     6.458e+12

H0: Util_z(S_k5==No SPBUN exposure) = Util_z(S_k5==Has SPBUN exposure)
         z = -40.838
Prob > |z| =  0.0000

Two-sample Kolmogorov–Smirnov test for equality of distribution functions

Smaller group             D     p-value  
---------------------------------------
No SPBUN exposur     0.2135       0.000
Has SPBUN exposu    -0.0035       0.766
Combined K-S         0.2135       0.000

Note: Ties exist in combined dataset;
      there are 15209 unique values out of 84276 observations.
. 
. foreach y of local welfare {
  2.     cap confirm variable `y'
  3.     if _rc continue
  4. 
.     cap noisily kwallis `y', by(k5_bin3)
  5. 
.     local step = .0001
  6.     if strpos("`y'", "_z") local step = .01
  7. 
.     tempvar y_r
  8.     gen double `y_r' = round(`y', `step') if !missing(`y')
  9. 
.     cap noisily nptrend `y_r', group(k5_bin3) cuzick
 10.     if _rc {
 11.         cap noisily spearman `y' k5_bin3
 12.     }
 13. }

Kruskal–Wallis equality-of-populations rank test

  +-----------------------------+
  | k5_bin3 |    Obs | Rank sum |
  |---------+--------+----------|
  |    Zero | 71,395 | 2.90e+09 |
  |    Low+ |  6,441 | 3.01e+08 |
  |   High+ |  6,440 | 3.46e+08 |
  +-----------------------------+

  chi2(2) = 1932.191
     Prob =   0.0001

  chi2(2) with ties = 1935.381
               Prob =   0.0001

Cuzick's test with rank scores

   Number of observations =   84,276
         Number of groups =        3
Number of response levels =      970

--------------------------------------------------------
             |                        Mean
             |                    response        Number
       Group |   Group score         score        of obs
-------------+------------------------------------------
     k5_bin3 |
       Zero  |             1      3.166957        71,395
       Low+  |             2      3.575117         6,441
      High+  |             3      3.980598         6,440
--------------------------------------------------------

                Statistic = 2113.352
                Std. err. = 48.06769
                        z =   43.966
               Prob > |z| =   0.0000

Kruskal–Wallis equality-of-populations rank test

  +-----------------------------+
  | k5_bin3 |    Obs | Rank sum |
  |---------+--------+----------|
  |    Zero | 71,395 | 3.14e+09 |
  |    Low+ |  6,441 | 2.19e+08 |
  |   High+ |  6,440 | 1.90e+08 |
  +-----------------------------+

  chi2(2) = 2906.491
     Prob =   0.0001

  chi2(2) with ties = 2906.491
               Prob =   0.0001

Cuzick's test with rank scores

   Number of observations =   84,276
         Number of groups =        3
Number of response levels =      656

--------------------------------------------------------
             |                        Mean
             |                    response        Number
       Group |   Group score         score        of obs
-------------+------------------------------------------
     k5_bin3 |
       Zero  |             1      .0756924        71,395
       Low+  |             2     -.3465176         6,441
      High+  |             3     -.4924425         6,440
--------------------------------------------------------

                Statistic = -2563.03
                Std. err. = 48.10711
                        z =  -53.278
               Prob > |z| =   0.0000

Kruskal–Wallis equality-of-populations rank test

  +-----------------------------+
  | k5_bin3 |    Obs | Rank sum |
  |---------+--------+----------|
  |    Zero | 71,395 | 2.92e+09 |
  |    Low+ |  6,441 | 3.06e+08 |
  |   High+ |  6,440 | 3.28e+08 |
  +-----------------------------+

  chi2(2) = 1355.042
     Prob =   0.0001

  chi2(2) with ties = 1355.294
               Prob =   0.0001

Cuzick's test with rank scores

   Number of observations =   84,276
         Number of groups =        3
Number of response levels =      391

--------------------------------------------------------
             |                        Mean
             |                    response        Number
       Group |   Group score         score        of obs
-------------+------------------------------------------
     k5_bin3 |
       Zero  |             1     -.0601728        71,395
       Low+  |             2      .2890374         6,441
      High+  |             3      .3797469         6,440
--------------------------------------------------------

                Statistic = 1745.714
                Std. err. = 48.10003
                        z =   36.293
               Prob > |z| =   0.0000

Kruskal–Wallis equality-of-populations rank test

  +-----------------------------+
  | k5_bin3 |    Obs | Rank sum |
  |---------+--------+----------|
  |    Zero | 71,395 | 3.00e+09 |
  |    Low+ |  6,441 | 2.71e+08 |
  |   High+ |  6,440 | 2.77e+08 |
  +-----------------------------+

  chi2(2) =  7.853
     Prob = 0.0197

  chi2(2) with ties = 41.010
               Prob = 0.0001

Cuzick's test with rank scores

   Number of observations =   84,276
         Number of groups =        3
Number of response levels =      446

--------------------------------------------------------
             |                        Mean
             |                    response        Number
       Group |   Group score         score        of obs
-------------+------------------------------------------
     k5_bin3 |
       Zero  |             1      .0001661        71,395
       Low+  |             2     -.0300947         6,441
      High+  |             3      .0428665         6,440
--------------------------------------------------------

                Statistic = 118.1224
                Std. err. = 21.05202
                        z =    5.611
               Prob > |z| =   0.0000

Kruskal–Wallis equality-of-populations rank test

  +-----------------------------+
  | k5_bin3 |    Obs | Rank sum |
  |---------+--------+----------|
  |    Zero | 71,395 | 2.90e+09 |
  |    Low+ |  6,441 | 3.11e+08 |
  |   High+ |  6,440 | 3.36e+08 |
  +-----------------------------+

  chi2(2) = 1753.187
     Prob =   0.0001

  chi2(2) with ties = 1753.367
               Prob =   0.0001

Cuzick's test with rank scores

   Number of observations =   84,276
         Number of groups =        3
Number of response levels =      578

--------------------------------------------------------
             |                        Mean
             |                    response        Number
       Group |   Group score         score        of obs
-------------+------------------------------------------
     k5_bin3 |
       Zero  |             1     -.0080129        71,395
       Low+  |             2     -.0167614         6,441
      High+  |             3       .108837         6,440
--------------------------------------------------------

                Statistic = 2001.035
                Std. err. =  48.0852
                        z =   41.614
               Prob > |z| =   0.0000
. 
. local exposure_vars "lnKer5_w1 Ker5_w1 A_v_log A_v_inv C5_w1 C10_w1 C15_w1"
. foreach x of local exposure_vars {
  2.     cap confirm variable `x'
  3.     if _rc continue
  4.     foreach y of local welfare {
  5.         cap confirm variable `y'
  6.         if _rc continue
  7.         cap noisily spearman `y' `x'
  8.     }
  9. }

 Number of obs =   84276
Spearman's rho =       0.1466

Test of H0: lnpov and lnKer5_w1 are independent
    Prob > |t| =       0.0000

 Number of obs =   84276
Spearman's rho =      -0.1853

Test of H0: Edu_z and lnKer5_w1 are independent
    Prob > |t| =       0.0000

 Number of obs =   84276
Spearman's rho =       0.1264

Test of H0: Wbasic_z and lnKer5_w1 are independent
    Prob > |t| =       0.0000

 Number of obs =   84276
Spearman's rho =       0.0161

Test of H0: Hlth_z and lnKer5_w1 are independent
    Prob > |t| =       0.0000

 Number of obs =   84276
Spearman's rho =       0.1435

Test of H0: Util_z and lnKer5_w1 are independent
    Prob > |t| =       0.0000

 Number of obs =   84276
Spearman's rho =       0.1466

Test of H0: lnpov and Ker5_w1 are independent
    Prob > |t| =       0.0000

 Number of obs =   84276
Spearman's rho =      -0.1853

Test of H0: Edu_z and Ker5_w1 are independent
    Prob > |t| =       0.0000

 Number of obs =   84276
Spearman's rho =       0.1264

Test of H0: Wbasic_z and Ker5_w1 are independent
    Prob > |t| =       0.0000

 Number of obs =   84276
Spearman's rho =       0.0161

Test of H0: Hlth_z and Ker5_w1 are independent
    Prob > |t| =       0.0000

 Number of obs =   84276
Spearman's rho =       0.1435

Test of H0: Util_z and Ker5_w1 are independent
    Prob > |t| =       0.0000

 Number of obs =   17123
Spearman's rho =       0.1669

Test of H0: lnpov and A_v_log are independent
    Prob > |t| =       0.0000

 Number of obs =   17123
Spearman's rho =      -0.0995

Test of H0: Edu_z and A_v_log are independent
    Prob > |t| =       0.0000

 Number of obs =   17123
Spearman's rho =       0.0516

Test of H0: Wbasic_z and A_v_log are independent
    Prob > |t| =       0.0000

 Number of obs =   17123
Spearman's rho =       0.0108

Test of H0: Hlth_z and A_v_log are independent
    Prob > |t| =       0.1566

 Number of obs =   17123
Spearman's rho =       0.1091

Test of H0: Util_z and A_v_log are independent
    Prob > |t| =       0.0000

 Number of obs =   17123
Spearman's rho =       0.1669

Test of H0: lnpov and A_v_inv are independent
    Prob > |t| =       0.0000

 Number of obs =   17123
Spearman's rho =      -0.0995

Test of H0: Edu_z and A_v_inv are independent
    Prob > |t| =       0.0000

 Number of obs =   17123
Spearman's rho =       0.0516

Test of H0: Wbasic_z and A_v_inv are independent
    Prob > |t| =       0.0000

 Number of obs =   17123
Spearman's rho =       0.0108

Test of H0: Hlth_z and A_v_inv are independent
    Prob > |t| =       0.1566

 Number of obs =   17123
Spearman's rho =       0.1091

Test of H0: Util_z and A_v_inv are independent
    Prob > |t| =       0.0000

 Number of obs =   84276
Spearman's rho =       0.1081

Test of H0: lnpov and C5_w1 are independent
    Prob > |t| =       0.0000

 Number of obs =   84276
Spearman's rho =      -0.1099

Test of H0: Edu_z and C5_w1 are independent
    Prob > |t| =       0.0000

 Number of obs =   84276
Spearman's rho =       0.0772

Test of H0: Wbasic_z and C5_w1 are independent
    Prob > |t| =       0.0000

 Number of obs =   84276
Spearman's rho =       0.0136

Test of H0: Hlth_z and C5_w1 are independent
    Prob > |t| =       0.0001

 Number of obs =   84276
Spearman's rho =       0.0900

Test of H0: Util_z and C5_w1 are independent
    Prob > |t| =       0.0000

 Number of obs =   84276
Spearman's rho =       0.1395

Test of H0: lnpov and C10_w1 are independent
    Prob > |t| =       0.0000

 Number of obs =   84276
Spearman's rho =      -0.1561

Test of H0: Edu_z and C10_w1 are independent
    Prob > |t| =       0.0000

 Number of obs =   84276
Spearman's rho =       0.1088

Test of H0: Wbasic_z and C10_w1 are independent
    Prob > |t| =       0.0000

 Number of obs =   84276
Spearman's rho =       0.0177

Test of H0: Hlth_z and C10_w1 are independent
    Prob > |t| =       0.0000

 Number of obs =   84276
Spearman's rho =       0.1258

Test of H0: Util_z and C10_w1 are independent
    Prob > |t| =       0.0000

 Number of obs =   84276
Spearman's rho =       0.1453

Test of H0: lnpov and C15_w1 are independent
    Prob > |t| =       0.0000

 Number of obs =   84276
Spearman's rho =      -0.1861

Test of H0: Edu_z and C15_w1 are independent
    Prob > |t| =       0.0000

 Number of obs =   84276
Spearman's rho =       0.1277

Test of H0: Wbasic_z and C15_w1 are independent
    Prob > |t| =       0.0000

 Number of obs =   84276
Spearman's rho =       0.0157

Test of H0: Hlth_z and C15_w1 are independent
    Prob > |t| =       0.0000

 Number of obs =   84276
Spearman's rho =       0.1426

Test of H0: Util_z and C15_w1 are independent
    Prob > |t| =       0.0000
. 
. local placecats "r308b1d r308b1e r309a r309b r309d r309e r310 r403a r403c1 r403c2 y_combo3 r101"
. foreach v of local placecats {
  2.     local v0 : subinstr local v "i." "", all
  3.     cap confirm variable `v0'
  4.     if _rc continue
  5.     cap noisily tab `v0' S_k5, chi2 row col
  6.     cap noisily tab `v0' k5_bin3, chi2 row col
  7. }

+-------------------+
| Key               |
|-------------------|
|     frequency     |
|  row percentage   |
| column percentage |
+-------------------+

           |  Exposed: Ker5_w1>0
   R308B1D | No SPBUN   Has SPBUN |     Total
-----------+----------------------+----------
         0 |    62,068      9,240 |    71,308 
           |     87.04      12.96 |    100.00 
           |     86.94      71.73 |     84.61 
-----------+----------------------+----------
         1 |     1,414        917 |     2,331 
           |     60.66      39.34 |    100.00 
           |      1.98       7.12 |      2.77 
-----------+----------------------+----------
         2 |     7,913      2,724 |    10,637 
           |     74.39      25.61 |    100.00 
           |     11.08      21.15 |     12.62 
-----------+----------------------+----------
     Total |    71,395     12,881 |    84,276 
           |     84.72      15.28 |    100.00 
           |    100.00     100.00 |    100.00 

          Pearson chi2(2) =  2.2e+03   Pr = 0.000

+-------------------+
| Key               |
|-------------------|
|     frequency     |
|  row percentage   |
| column percentage |
+-------------------+

           | Zero vs low/high intensity among
           |    positives (ln(1+Ker5_w1))
   R308B1D |      Zero       Low+      High+ |     Total
-----------+---------------------------------+----------
         0 |    62,068      5,076      4,164 |    71,308 
           |     87.04       7.12       5.84 |    100.00 
           |     86.94      78.81      64.66 |     84.61 
-----------+---------------------------------+----------
         1 |     1,414        349        568 |     2,331 
           |     60.66      14.97      24.37 |    100.00 
           |      1.98       5.42       8.82 |      2.77 
-----------+---------------------------------+----------
         2 |     7,913      1,016      1,708 |    10,637 
           |     74.39       9.55      16.06 |    100.00 
           |     11.08      15.77      26.52 |     12.62 
-----------+---------------------------------+----------
     Total |    71,395      6,441      6,440 |    84,276 
           |     84.72       7.64       7.64 |    100.00 
           |    100.00     100.00     100.00 |    100.00 

          Pearson chi2(4) =  2.7e+03   Pr = 0.000

+-------------------+
| Key               |
|-------------------|
|     frequency     |
|  row percentage   |
| column percentage |
+-------------------+

           |  Exposed: Ker5_w1>0
   R308B1E | No SPBUN   Has SPBUN |     Total
-----------+----------------------+----------
         0 |    62,068      9,240 |    71,308 
           |     87.04      12.96 |    100.00 
           |     86.94      71.73 |     84.61 
-----------+----------------------+----------
         1 |     2,852      1,022 |     3,874 
           |     73.62      26.38 |    100.00 
           |      3.99       7.93 |      4.60 
-----------+----------------------+----------
         2 |     6,475      2,619 |     9,094 
           |     71.20      28.80 |    100.00 
           |      9.07      20.33 |     10.79 
-----------+----------------------+----------
     Total |    71,395     12,881 |    84,276 
           |     84.72      15.28 |    100.00 
           |    100.00     100.00 |    100.00 

          Pearson chi2(2) =  1.9e+03   Pr = 0.000

+-------------------+
| Key               |
|-------------------|
|     frequency     |
|  row percentage   |
| column percentage |
+-------------------+

           | Zero vs low/high intensity among
           |    positives (ln(1+Ker5_w1))
   R308B1E |      Zero       Low+      High+ |     Total
-----------+---------------------------------+----------
         0 |    62,068      5,076      4,164 |    71,308 
           |     87.04       7.12       5.84 |    100.00 
           |     86.94      78.81      64.66 |     84.61 
-----------+---------------------------------+----------
         1 |     2,852        363        659 |     3,874 
           |     73.62       9.37      17.01 |    100.00 
           |      3.99       5.64      10.23 |      4.60 
-----------+---------------------------------+----------
         2 |     6,475      1,002      1,617 |     9,094 
           |     71.20      11.02      17.78 |    100.00 
           |      9.07      15.56      25.11 |     10.79 
-----------+---------------------------------+----------
     Total |    71,395      6,441      6,440 |    84,276 
           |     84.72       7.64       7.64 |    100.00 
           |    100.00     100.00     100.00 |    100.00 

          Pearson chi2(4) =  2.4e+03   Pr = 0.000

+-------------------+
| Key               |
|-------------------|
|     frequency     |
|  row percentage   |
| column percentage |
+-------------------+

           |  Exposed: Ker5_w1>0
     R309A | No SPBUN   Has SPBUN |     Total
-----------+----------------------+----------
         1 |     3,156        150 |     3,306 
           |     95.46       4.54 |    100.00 
           |      4.42       1.16 |      3.92 
-----------+----------------------+----------
         2 |    17,506      1,841 |    19,347 
           |     90.48       9.52 |    100.00 
           |     24.52      14.29 |     22.96 
-----------+----------------------+----------
         3 |    50,733     10,890 |    61,623 
           |     82.33      17.67 |    100.00 
           |     71.06      84.54 |     73.12 
-----------+----------------------+----------
     Total |    71,395     12,881 |    84,276 
           |     84.72      15.28 |    100.00 
           |    100.00     100.00 |    100.00 

          Pearson chi2(2) =  1.1e+03   Pr = 0.000

+-------------------+
| Key               |
|-------------------|
|     frequency     |
|  row percentage   |
| column percentage |
+-------------------+

           | Zero vs low/high intensity among
           |    positives (ln(1+Ker5_w1))
     R309A |      Zero       Low+      High+ |     Total
-----------+---------------------------------+----------
         1 |     3,156         89         61 |     3,306 
           |     95.46       2.69       1.85 |    100.00 
           |      4.42       1.38       0.95 |      3.92 
-----------+---------------------------------+----------
         2 |    17,506      1,022        819 |    19,347 
           |     90.48       5.28       4.23 |    100.00 
           |     24.52      15.87      12.72 |     22.96 
-----------+---------------------------------+----------
         3 |    50,733      5,330      5,560 |    61,623 
           |     82.33       8.65       9.02 |    100.00 
           |     71.06      82.75      86.34 |     73.12 
-----------+---------------------------------+----------
     Total |    71,395      6,441      6,440 |    84,276 
           |     84.72       7.64       7.64 |    100.00 
           |    100.00     100.00     100.00 |    100.00 

          Pearson chi2(4) =  1.1e+03   Pr = 0.000

+-------------------+
| Key               |
|-------------------|
|     frequency     |
|  row percentage   |
| column percentage |
+-------------------+

           |  Exposed: Ker5_w1>0
     R309B | No SPBUN   Has SPBUN |     Total
-----------+----------------------+----------
         0 |    50,733     10,890 |    61,623 
           |     82.33      17.67 |    100.00 
           |     71.06      84.54 |     73.12 
-----------+----------------------+----------
         1 |    11,213      1,231 |    12,444 
           |     90.11       9.89 |    100.00 
           |     15.71       9.56 |     14.77 
-----------+----------------------+----------
         2 |     2,990        378 |     3,368 
           |     88.78      11.22 |    100.00 
           |      4.19       2.93 |      4.00 
-----------+----------------------+----------
         3 |     6,459        382 |     6,841 
           |     94.42       5.58 |    100.00 
           |      9.05       2.97 |      8.12 
-----------+----------------------+----------
     Total |    71,395     12,881 |    84,276 
           |     84.72      15.28 |    100.00 
           |    100.00     100.00 |    100.00 

          Pearson chi2(3) =  1.1e+03   Pr = 0.000

+-------------------+
| Key               |
|-------------------|
|     frequency     |
|  row percentage   |
| column percentage |
+-------------------+

           | Zero vs low/high intensity among
           |    positives (ln(1+Ker5_w1))
     R309B |      Zero       Low+      High+ |     Total
-----------+---------------------------------+----------
         0 |    50,733      5,330      5,560 |    61,623 
           |     82.33       8.65       9.02 |    100.00 
           |     71.06      82.75      86.34 |     73.12 
-----------+---------------------------------+----------
         1 |    11,213        687        544 |    12,444 
           |     90.11       5.52       4.37 |    100.00 
           |     15.71      10.67       8.45 |     14.77 
-----------+---------------------------------+----------
         2 |     2,990        219        159 |     3,368 
           |     88.78       6.50       4.72 |    100.00 
           |      4.19       3.40       2.47 |      4.00 
-----------+---------------------------------+----------
         3 |     6,459        205        177 |     6,841 
           |     94.42       3.00       2.59 |    100.00 
           |      9.05       3.18       2.75 |      8.12 
-----------+---------------------------------+----------
     Total |    71,395      6,441      6,440 |    84,276 
           |     84.72       7.64       7.64 |    100.00 
           |    100.00     100.00     100.00 |    100.00 

          Pearson chi2(6) =  1.1e+03   Pr = 0.000

+-------------------+
| Key               |
|-------------------|
|     frequency     |
|  row percentage   |
| column percentage |
+-------------------+

           |  Exposed: Ker5_w1>0
     R309D | No SPBUN   Has SPBUN |     Total
-----------+----------------------+----------
         0 |    50,733     10,890 |    61,623 
           |     82.33      17.67 |    100.00 
           |     71.06      84.54 |     73.12 
-----------+----------------------+----------
         1 |     6,626        361 |     6,987 
           |     94.83       5.17 |    100.00 
           |      9.28       2.80 |      8.29 
-----------+----------------------+----------
         2 |     8,472        896 |     9,368 
           |     90.44       9.56 |    100.00 
           |     11.87       6.96 |     11.12 
-----------+----------------------+----------
         3 |     3,977        483 |     4,460 
           |     89.17      10.83 |    100.00 
           |      5.57       3.75 |      5.29 
-----------+----------------------+----------
         4 |     1,587        251 |     1,838 
           |     86.34      13.66 |    100.00 
           |      2.22       1.95 |      2.18 
-----------+----------------------+----------
     Total |    71,395     12,881 |    84,276 
           |     84.72      15.28 |    100.00 
           |    100.00     100.00 |    100.00 

          Pearson chi2(4) =  1.1e+03   Pr = 0.000

+-------------------+
| Key               |
|-------------------|
|     frequency     |
|  row percentage   |
| column percentage |
+-------------------+

           | Zero vs low/high intensity among
           |    positives (ln(1+Ker5_w1))
     R309D |      Zero       Low+      High+ |     Total
-----------+---------------------------------+----------
         0 |    50,733      5,330      5,560 |    61,623 
           |     82.33       8.65       9.02 |    100.00 
           |     71.06      82.75      86.34 |     73.12 
-----------+---------------------------------+----------
         1 |     6,626        216        145 |     6,987 
           |     94.83       3.09       2.08 |    100.00 
           |      9.28       3.35       2.25 |      8.29 
-----------+---------------------------------+----------
         2 |     8,472        511        385 |     9,368 
           |     90.44       5.45       4.11 |    100.00 
           |     11.87       7.93       5.98 |     11.12 
-----------+---------------------------------+----------
         3 |     3,977        258        225 |     4,460 
           |     89.17       5.78       5.04 |    100.00 
           |      5.57       4.01       3.49 |      5.29 
-----------+---------------------------------+----------
         4 |     1,587        126        125 |     1,838 
           |     86.34       6.86       6.80 |    100.00 
           |      2.22       1.96       1.94 |      2.18 
-----------+---------------------------------+----------
     Total |    71,395      6,441      6,440 |    84,276 
           |     84.72       7.64       7.64 |    100.00 
           |    100.00     100.00     100.00 |    100.00 

          Pearson chi2(8) =  1.2e+03   Pr = 0.000

+-------------------+
| Key               |
|-------------------|
|     frequency     |
|  row percentage   |
| column percentage |
+-------------------+

           |  Exposed: Ker5_w1>0
     R309E | No SPBUN   Has SPBUN |     Total
-----------+----------------------+----------
         0 |    50,733     10,890 |    61,623 
           |     82.33      17.67 |    100.00 
           |     71.06      84.54 |     73.12 
-----------+----------------------+----------
         1 |     3,167        345 |     3,512 
           |     90.18       9.82 |    100.00 
           |      4.44       2.68 |      4.17 
-----------+----------------------+----------
         2 |    17,495      1,646 |    19,141 
           |     91.40       8.60 |    100.00 
           |     24.50      12.78 |     22.71 
-----------+----------------------+----------
     Total |    71,395     12,881 |    84,276 
           |     84.72      15.28 |    100.00 
           |    100.00     100.00 |    100.00 

          Pearson chi2(2) =  1.0e+03   Pr = 0.000

+-------------------+
| Key               |
|-------------------|
|     frequency     |
|  row percentage   |
| column percentage |
+-------------------+

           | Zero vs low/high intensity among
           |    positives (ln(1+Ker5_w1))
     R309E |      Zero       Low+      High+ |     Total
-----------+---------------------------------+----------
         0 |    50,733      5,330      5,560 |    61,623 
           |     82.33       8.65       9.02 |    100.00 
           |     71.06      82.75      86.34 |     73.12 
-----------+---------------------------------+----------
         1 |     3,167        190        155 |     3,512 
           |     90.18       5.41       4.41 |    100.00 
           |      4.44       2.95       2.41 |      4.17 
-----------+---------------------------------+----------
         2 |    17,495        921        725 |    19,141 
           |     91.40       4.81       3.79 |    100.00 
           |     24.50      14.30      11.26 |     22.71 
-----------+---------------------------------+----------
     Total |    71,395      6,441      6,440 |    84,276 
           |     84.72       7.64       7.64 |    100.00 
           |    100.00     100.00     100.00 |    100.00 

          Pearson chi2(4) =  1.0e+03   Pr = 0.000

+-------------------+
| Key               |
|-------------------|
|     frequency     |
|  row percentage   |
| column percentage |
+-------------------+

           |  Exposed: Ker5_w1>0
      R310 | No SPBUN   Has SPBUN |     Total
-----------+----------------------+----------
         1 |     7,517        832 |     8,349 
           |     90.03       9.97 |    100.00 
           |     10.53       6.46 |      9.91 
-----------+----------------------+----------
         2 |    63,878     12,049 |    75,927 
           |     84.13      15.87 |    100.00 
           |     89.47      93.54 |     90.09 
-----------+----------------------+----------
     Total |    71,395     12,881 |    84,276 
           |     84.72      15.28 |    100.00 
           |    100.00     100.00 |    100.00 

          Pearson chi2(1) = 202.4878   Pr = 0.000

+-------------------+
| Key               |
|-------------------|
|     frequency     |
|  row percentage   |
| column percentage |
+-------------------+

           | Zero vs low/high intensity among
           |    positives (ln(1+Ker5_w1))
      R310 |      Zero       Low+      High+ |     Total
-----------+---------------------------------+----------
         1 |     7,517        409        423 |     8,349 
           |     90.03       4.90       5.07 |    100.00 
           |     10.53       6.35       6.57 |      9.91 
-----------+---------------------------------+----------
         2 |    63,878      6,032      6,017 |    75,927 
           |     84.13       7.94       7.92 |    100.00 
           |     89.47      93.65      93.43 |     90.09 
-----------+---------------------------------+----------
     Total |    71,395      6,441      6,440 |    84,276 
           |     84.72       7.64       7.64 |    100.00 
           |    100.00     100.00     100.00 |    100.00 

          Pearson chi2(2) = 202.6599   Pr = 0.000

+-------------------+
| Key               |
|-------------------|
|     frequency     |
|  row percentage   |
| column percentage |
+-------------------+

           |  Exposed: Ker5_w1>0
     R403A | No SPBUN   Has SPBUN |     Total
-----------+----------------------+----------
         1 |    57,968      8,034 |    66,002 
           |     87.83      12.17 |    100.00 
           |     81.19      62.37 |     78.32 
-----------+----------------------+----------
         2 |       823        114 |       937 
           |     87.83      12.17 |    100.00 
           |      1.15       0.89 |      1.11 
-----------+----------------------+----------
         3 |     4,301      1,156 |     5,457 
           |     78.82      21.18 |    100.00 
           |      6.02       8.97 |      6.48 
-----------+----------------------+----------
         4 |         5          1 |         6 
           |     83.33      16.67 |    100.00 
           |      0.01       0.01 |      0.01 
-----------+----------------------+----------
         5 |         9          0 |         9 
           |    100.00       0.00 |    100.00 
           |      0.01       0.00 |      0.01 
-----------+----------------------+----------
         6 |       585        317 |       902 
           |     64.86      35.14 |    100.00 
           |      0.82       2.46 |      1.07 
-----------+----------------------+----------
         7 |     6,183      2,285 |     8,468 
           |     73.02      26.98 |    100.00 
           |      8.66      17.74 |     10.05 
-----------+----------------------+----------
         8 |        43         84 |       127 
           |     33.86      66.14 |    100.00 
           |      0.06       0.65 |      0.15 
-----------+----------------------+----------
         9 |       293        112 |       405 
           |     72.35      27.65 |    100.00 
           |      0.41       0.87 |      0.48 
-----------+----------------------+----------
        11 |         1          0 |         1 
           |    100.00       0.00 |    100.00 
           |      0.00       0.00 |      0.00 
-----------+----------------------+----------
        13 |         1          1 |         2 
           |     50.00      50.00 |    100.00 
           |      0.00       0.01 |      0.00 
-----------+----------------------+----------
        14 |        13          9 |        22 
           |     59.09      40.91 |    100.00 
           |      0.02       0.07 |      0.03 
-----------+----------------------+----------
        15 |       652        491 |     1,143 
           |     57.04      42.96 |    100.00 
           |      0.91       3.81 |      1.36 
-----------+----------------------+----------
        16 |        65         50 |       115 
           |     56.52      43.48 |    100.00 
           |      0.09       0.39 |      0.14 
-----------+----------------------+----------
        17 |         2          2 |         4 
           |     50.00      50.00 |    100.00 
           |      0.00       0.02 |      0.00 
-----------+----------------------+----------
        18 |         5          0 |         5 
           |    100.00       0.00 |    100.00 
           |      0.01       0.00 |      0.01 
-----------+----------------------+----------
        19 |       443        225 |       668 
           |     66.32      33.68 |    100.00 
           |      0.62       1.75 |      0.79 
-----------+----------------------+----------
        20 |         3          0 |         3 
           |    100.00       0.00 |    100.00 
           |      0.00       0.00 |      0.00 
-----------+----------------------+----------
     Total |    71,395     12,881 |    84,276 
           |     84.72      15.28 |    100.00 
           |    100.00     100.00 |    100.00 

         Pearson chi2(17) =  3.1e+03   Pr = 0.000

+-------------------+
| Key               |
|-------------------|
|     frequency     |
|  row percentage   |
| column percentage |
+-------------------+

           | Zero vs low/high intensity among
           |    positives (ln(1+Ker5_w1))
     R403A |      Zero       Low+      High+ |     Total
-----------+---------------------------------+----------
         1 |    57,968      4,543      3,491 |    66,002 
           |     87.83       6.88       5.29 |    100.00 
           |     81.19      70.53      54.21 |     78.32 
-----------+---------------------------------+----------
         2 |       823         48         66 |       937 
           |     87.83       5.12       7.04 |    100.00 
           |      1.15       0.75       1.02 |      1.11 
-----------+---------------------------------+----------
         3 |     4,301        555        601 |     5,457 
           |     78.82      10.17      11.01 |    100.00 
           |      6.02       8.62       9.33 |      6.48 
-----------+---------------------------------+----------
         4 |         5          0          1 |         6 
           |     83.33       0.00      16.67 |    100.00 
           |      0.01       0.00       0.02 |      0.01 
-----------+---------------------------------+----------
         5 |         9          0          0 |         9 
           |    100.00       0.00       0.00 |    100.00 
           |      0.01       0.00       0.00 |      0.01 
-----------+---------------------------------+----------
         6 |       585        132        185 |       902 
           |     64.86      14.63      20.51 |    100.00 
           |      0.82       2.05       2.87 |      1.07 
-----------+---------------------------------+----------
         7 |     6,183        837      1,448 |     8,468 
           |     73.02       9.88      17.10 |    100.00 
           |      8.66      12.99      22.48 |     10.05 
-----------+---------------------------------+----------
         8 |        43         33         51 |       127 
           |     33.86      25.98      40.16 |    100.00 
           |      0.06       0.51       0.79 |      0.15 
-----------+---------------------------------+----------
         9 |       293         59         53 |       405 
           |     72.35      14.57      13.09 |    100.00 
           |      0.41       0.92       0.82 |      0.48 
-----------+---------------------------------+----------
        11 |         1          0          0 |         1 
           |    100.00       0.00       0.00 |    100.00 
           |      0.00       0.00       0.00 |      0.00 
-----------+---------------------------------+----------
        13 |         1          1          0 |         2 
           |     50.00      50.00       0.00 |    100.00 
           |      0.00       0.02       0.00 |      0.00 
-----------+---------------------------------+----------
        14 |        13          5          4 |        22 
           |     59.09      22.73      18.18 |    100.00 
           |      0.02       0.08       0.06 |      0.03 
-----------+---------------------------------+----------
        15 |       652        107        384 |     1,143 
           |     57.04       9.36      33.60 |    100.00 
           |      0.91       1.66       5.96 |      1.36 
-----------+---------------------------------+----------
        16 |        65         11         39 |       115 
           |     56.52       9.57      33.91 |    100.00 
           |      0.09       0.17       0.61 |      0.14 
-----------+---------------------------------+----------
        17 |         2          1          1 |         4 
           |     50.00      25.00      25.00 |    100.00 
           |      0.00       0.02       0.02 |      0.00 
-----------+---------------------------------+----------
        18 |         5          0          0 |         5 
           |    100.00       0.00       0.00 |    100.00 
           |      0.01       0.00       0.00 |      0.01 
-----------+---------------------------------+----------
        19 |       443        109        116 |       668 
           |     66.32      16.32      17.37 |    100.00 
           |      0.62       1.69       1.80 |      0.79 
-----------+---------------------------------+----------
        20 |         3          0          0 |         3 
           |    100.00       0.00       0.00 |    100.00 
           |      0.00       0.00       0.00 |      0.00 
-----------+---------------------------------+----------
     Total |    71,395      6,441      6,440 |    84,276 
           |     84.72       7.64       7.64 |    100.00 
           |    100.00     100.00     100.00 |    100.00 

         Pearson chi2(34) =  4.0e+03   Pr = 0.000

+-------------------+
| Key               |
|-------------------|
|     frequency     |
|  row percentage   |
| column percentage |
+-------------------+

           |  Exposed: Ker5_w1>0
    R403C1 | No SPBUN   Has SPBUN |     Total
-----------+----------------------+----------
         0 |    13,427      4,847 |    18,274 
           |     73.48      26.52 |    100.00 
           |     18.81      37.63 |     21.68 
-----------+----------------------+----------
         1 |    18,958      3,989 |    22,947 
           |     82.62      17.38 |    100.00 
           |     26.55      30.97 |     27.23 
-----------+----------------------+----------
         2 |    17,337      2,560 |    19,897 
           |     87.13      12.87 |    100.00 
           |     24.28      19.87 |     23.61 
-----------+----------------------+----------
         3 |    19,151      1,245 |    20,396 
           |     93.90       6.10 |    100.00 
           |     26.82       9.67 |     24.20 
-----------+----------------------+----------
         4 |     1,490        202 |     1,692 
           |     88.06      11.94 |    100.00 
           |      2.09       1.57 |      2.01 
-----------+----------------------+----------
         5 |     1,032         38 |     1,070 
           |     96.45       3.55 |    100.00 
           |      1.45       0.30 |      1.27 
-----------+----------------------+----------
     Total |    71,395     12,881 |    84,276 
           |     84.72      15.28 |    100.00 
           |    100.00     100.00 |    100.00 

          Pearson chi2(5) =  3.4e+03   Pr = 0.000

+-------------------+
| Key               |
|-------------------|
|     frequency     |
|  row percentage   |
| column percentage |
+-------------------+

           | Zero vs low/high intensity among
           |    positives (ln(1+Ker5_w1))
    R403C1 |      Zero       Low+      High+ |     Total
-----------+---------------------------------+----------
         0 |    13,427      1,898      2,949 |    18,274 
           |     73.48      10.39      16.14 |    100.00 
           |     18.81      29.47      45.79 |     21.68 
-----------+---------------------------------+----------
         1 |    18,958      2,125      1,864 |    22,947 
           |     82.62       9.26       8.12 |    100.00 
           |     26.55      32.99      28.94 |     27.23 
-----------+---------------------------------+----------
         2 |    17,337      1,583        977 |    19,897 
           |     87.13       7.96       4.91 |    100.00 
           |     24.28      24.58      15.17 |     23.61 
-----------+---------------------------------+----------
         3 |    19,151        730        515 |    20,396 
           |     93.90       3.58       2.53 |    100.00 
           |     26.82      11.33       8.00 |     24.20 
-----------+---------------------------------+----------
         4 |     1,490         82        120 |     1,692 
           |     88.06       4.85       7.09 |    100.00 
           |      2.09       1.27       1.86 |      2.01 
-----------+---------------------------------+----------
         5 |     1,032         23         15 |     1,070 
           |     96.45       2.15       1.40 |    100.00 
           |      1.45       0.36       0.23 |      1.27 
-----------+---------------------------------+----------
     Total |    71,395      6,441      6,440 |    84,276 
           |     84.72       7.64       7.64 |    100.00 
           |    100.00     100.00     100.00 |    100.00 

         Pearson chi2(10) =  4.0e+03   Pr = 0.000

+-------------------+
| Key               |
|-------------------|
|     frequency     |
|  row percentage   |
| column percentage |
+-------------------+

           |  Exposed: Ker5_w1>0
    R403C2 | No SPBUN   Has SPBUN |     Total
-----------+----------------------+----------
         0 |    14,917      5,049 |    19,966 
           |     74.71      25.29 |    100.00 
           |     20.89      39.20 |     23.69 
-----------+----------------------+----------
         1 |    33,865      6,179 |    40,044 
           |     84.57      15.43 |    100.00 
           |     47.43      47.97 |     47.52 
-----------+----------------------+----------
         2 |    10,147        958 |    11,105 
           |     91.37       8.63 |    100.00 
           |     14.21       7.44 |     13.18 
-----------+----------------------+----------
         3 |     1,967        143 |     2,110 
           |     93.22       6.78 |    100.00 
           |      2.76       1.11 |      2.50 
-----------+----------------------+----------
         4 |    10,499        552 |    11,051 
           |     95.00       5.00 |    100.00 
           |     14.71       4.29 |     13.11 
-----------+----------------------+----------
     Total |    71,395     12,881 |    84,276 
           |     84.72      15.28 |    100.00 
           |    100.00     100.00 |    100.00 

          Pearson chi2(4) =  2.9e+03   Pr = 0.000

+-------------------+
| Key               |
|-------------------|
|     frequency     |
|  row percentage   |
| column percentage |
+-------------------+

           | Zero vs low/high intensity among
           |    positives (ln(1+Ker5_w1))
    R403C2 |      Zero       Low+      High+ |     Total
-----------+---------------------------------+----------
         0 |    14,917      1,980      3,069 |    19,966 
           |     74.71       9.92      15.37 |    100.00 
           |     20.89      30.74      47.66 |     23.69 
-----------+---------------------------------+----------
         1 |    33,865      3,458      2,721 |    40,044 
           |     84.57       8.64       6.80 |    100.00 
           |     47.43      53.69      42.25 |     47.52 
-----------+---------------------------------+----------
         2 |    10,147        611        347 |    11,105 
           |     91.37       5.50       3.12 |    100.00 
           |     14.21       9.49       5.39 |     13.18 
-----------+---------------------------------+----------
         3 |     1,967         92         51 |     2,110 
           |     93.22       4.36       2.42 |    100.00 
           |      2.76       1.43       0.79 |      2.50 
-----------+---------------------------------+----------
         4 |    10,499        300        252 |    11,051 
           |     95.00       2.71       2.28 |    100.00 
           |     14.71       4.66       3.91 |     13.11 
-----------+---------------------------------+----------
     Total |    71,395      6,441      6,440 |    84,276 
           |     84.72       7.64       7.64 |    100.00 
           |    100.00     100.00     100.00 |    100.00 

          Pearson chi2(8) =  3.5e+03   Pr = 0.000

+-------------------+
| Key               |
|-------------------|
|     frequency     |
|  row percentage   |
| column percentage |
+-------------------+

                 |  Exposed: Ker5_w1>0
        y_combo3 | No SPBUN   Has SPBUN |     Total
-----------------+----------------------+----------
            None |    62,561      9,478 |    72,039 
                 |     86.84      13.16 |    100.00 
                 |     87.63      73.58 |     85.48 
-----------------+----------------------+----------
    Tangkap-only |     6,356      1,971 |     8,327 
                 |     76.33      23.67 |    100.00 
                 |      8.90      15.30 |      9.88 
-----------------+----------------------+----------
Tangkap+Budidaya |     2,128      1,167 |     3,295 
                 |     64.58      35.42 |    100.00 
                 |      2.98       9.06 |      3.91 
-----------------+----------------------+----------
     Other/mixed |       350        265 |       615 
                 |     56.91      43.09 |    100.00 
                 |      0.49       2.06 |      0.73 
-----------------+----------------------+----------
           Total |    71,395     12,881 |    84,276 
                 |     84.72      15.28 |    100.00 
                 |    100.00     100.00 |    100.00 

          Pearson chi2(3) =  2.1e+03   Pr = 0.000

+-------------------+
| Key               |
|-------------------|
|     frequency     |
|  row percentage   |
| column percentage |
+-------------------+

                 | Zero vs low/high intensity among
                 |    positives (ln(1+Ker5_w1))
        y_combo3 |      Zero       Low+      High+ |     Total
-----------------+---------------------------------+----------
            None |    62,561      5,135      4,343 |    72,039 
                 |     86.84       7.13       6.03 |    100.00 
                 |     87.63      79.72      67.44 |     85.48 
-----------------+---------------------------------+----------
    Tangkap-only |     6,356        778      1,193 |     8,327 
                 |     76.33       9.34      14.33 |    100.00 
                 |      8.90      12.08      18.52 |      9.88 
-----------------+---------------------------------+----------
Tangkap+Budidaya |     2,128        437        730 |     3,295 
                 |     64.58      13.26      22.15 |    100.00 
                 |      2.98       6.78      11.34 |      3.91 
-----------------+---------------------------------+----------
     Other/mixed |       350         91        174 |       615 
                 |     56.91      14.80      28.29 |    100.00 
                 |      0.49       1.41       2.70 |      0.73 
-----------------+---------------------------------+----------
           Total |    71,395      6,441      6,440 |    84,276 
                 |     84.72       7.64       7.64 |    100.00 
                 |    100.00     100.00     100.00 |    100.00 

          Pearson chi2(6) =  2.5e+03   Pr = 0.000

+-------------------+
| Key               |
|-------------------|
|     frequency     |
|  row percentage   |
| column percentage |
+-------------------+

           |  Exposed: Ker5_w1>0
      r101 | No SPBUN   Has SPBUN |     Total
-----------+----------------------+----------
        11 |     4,714      1,802 |     6,516 
           |     72.34      27.66 |    100.00 
           |      6.60      13.99 |      7.73 
-----------+----------------------+----------
        12 |     5,397        716 |     6,113 
           |     88.29      11.71 |    100.00 
           |      7.56       5.56 |      7.25 
-----------+----------------------+----------
        13 |     1,198         88 |     1,286 
           |     93.16       6.84 |    100.00 
           |      1.68       0.68 |      1.53 
-----------+----------------------+----------
        14 |     1,805         65 |     1,870 
           |     96.52       3.48 |    100.00 
           |      2.53       0.50 |      2.22 
-----------+----------------------+----------
        15 |     1,540         45 |     1,585 
           |     97.16       2.84 |    100.00 
           |      2.16       0.35 |      1.88 
-----------+----------------------+----------
        16 |     3,283          0 |     3,283 
           |    100.00       0.00 |    100.00 
           |      4.60       0.00 |      3.90 
-----------+----------------------+----------
        17 |     1,340        174 |     1,514 
           |     88.51      11.49 |    100.00 
           |      1.88       1.35 |      1.80 
-----------+----------------------+----------
        18 |     2,264        393 |     2,657 
           |     85.21      14.79 |    100.00 
           |      3.17       3.05 |      3.15 
-----------+----------------------+----------
        19 |       179        214 |       393 
           |     45.55      54.45 |    100.00 
           |      0.25       1.66 |      0.47 
-----------+----------------------+----------
        21 |       337         93 |       430 
           |     78.37      21.63 |    100.00 
           |      0.47       0.72 |      0.51 
-----------+----------------------+----------
        31 |       102        165 |       267 
           |     38.20      61.80 |    100.00 
           |      0.14       1.28 |      0.32 
-----------+----------------------+----------
        32 |     5,428        529 |     5,957 
           |     91.12       8.88 |    100.00 
           |      7.60       4.11 |      7.07 
-----------+----------------------+----------
        33 |     6,704      1,859 |     8,563 
           |     78.29      21.71 |    100.00 
           |      9.39      14.43 |     10.16 
-----------+----------------------+----------
        34 |       421         17 |       438 
           |     96.12       3.88 |    100.00 
           |      0.59       0.13 |      0.52 
-----------+----------------------+----------
        35 |     6,968      1,526 |     8,494 
           |     82.03      17.97 |    100.00 
           |      9.76      11.85 |     10.08 
-----------+----------------------+----------
        36 |     1,119        433 |     1,552 
           |     72.10      27.90 |    100.00 
           |      1.57       3.36 |      1.84 
-----------+----------------------+----------
        51 |       623         94 |       717 
           |     86.89      13.11 |    100.00 
           |      0.87       0.73 |      0.85 
-----------+----------------------+----------
        52 |       958        208 |     1,166 
           |     82.16      17.84 |    100.00 
           |      1.34       1.61 |      1.38 
-----------+----------------------+----------
        53 |     3,212        326 |     3,538 
           |     90.79       9.21 |    100.00 
           |      4.50       2.53 |      4.20 
-----------+----------------------+----------
        61 |     1,930        227 |     2,157 
           |     89.48      10.52 |    100.00 
           |      2.70       1.76 |      2.56 
-----------+----------------------+----------
        62 |     1,545         32 |     1,577 
           |     97.97       2.03 |    100.00 
           |      2.16       0.25 |      1.87 
-----------+----------------------+----------
        63 |     1,798        217 |     2,015 
           |     89.23      10.77 |    100.00 
           |      2.52       1.68 |      2.39 
-----------+----------------------+----------
        64 |       935        117 |     1,052 
           |     88.88      11.12 |    100.00 
           |      1.31       0.91 |      1.25 
-----------+----------------------+----------
        65 |       447         37 |       484 
           |     92.36       7.64 |    100.00 
           |      0.63       0.29 |      0.57 
-----------+----------------------+----------
        71 |     1,461        377 |     1,838 
           |     79.49      20.51 |    100.00 
           |      2.05       2.93 |      2.18 
-----------+----------------------+----------
        72 |     1,896        126 |     2,022 
           |     93.77       6.23 |    100.00 
           |      2.66       0.98 |      2.40 
-----------+----------------------+----------
        73 |     2,108        952 |     3,060 
           |     68.89      31.11 |    100.00 
           |      2.95       7.39 |      3.63 
-----------+----------------------+----------
        74 |     1,563        729 |     2,292 
           |     68.19      31.81 |    100.00 
           |      2.19       5.66 |      2.72 
-----------+----------------------+----------
        75 |       505        227 |       732 
           |     68.99      31.01 |    100.00 
           |      0.71       1.76 |      0.87 
-----------+----------------------+----------
        76 |       503        147 |       650 
           |     77.38      22.62 |    100.00 
           |      0.70       1.14 |      0.77 
-----------+----------------------+----------
        81 |     1,137        125 |     1,262 
           |     90.10       9.90 |    100.00 
           |      1.59       0.97 |      1.50 
-----------+----------------------+----------
        82 |       900        309 |     1,209 
           |     74.44      25.56 |    100.00 
           |      1.26       2.40 |      1.43 
-----------+----------------------+----------
        91 |       841        129 |       970 
           |     86.70      13.30 |    100.00 
           |      1.18       1.00 |      1.15 
-----------+----------------------+----------
        92 |       894        162 |     1,056 
           |     84.66      15.34 |    100.00 
           |      1.25       1.26 |      1.25 
-----------+----------------------+----------
        94 |       858        171 |     1,029 
           |     83.38      16.62 |    100.00 
           |      1.20       1.33 |      1.22 
-----------+----------------------+----------
        95 |       664         26 |       690 
           |     96.23       3.77 |    100.00 
           |      0.93       0.20 |      0.82 
-----------+----------------------+----------
        96 |     1,185         23 |     1,208 
           |     98.10       1.90 |    100.00 
           |      1.66       0.18 |      1.43 
-----------+----------------------+----------
        97 |     2,633          1 |     2,634 
           |     99.96       0.04 |    100.00 
           |      3.69       0.01 |      3.13 
-----------+----------------------+----------
     Total |    71,395     12,881 |    84,276 
           |     84.72      15.28 |    100.00 
           |    100.00     100.00 |    100.00 

         Pearson chi2(37) =  6.2e+03   Pr = 0.000

+-------------------+
| Key               |
|-------------------|
|     frequency     |
|  row percentage   |
| column percentage |
+-------------------+

           | Zero vs low/high intensity among
           |    positives (ln(1+Ker5_w1))
      r101 |      Zero       Low+      High+ |     Total
-----------+---------------------------------+----------
        11 |     4,714        918        884 |     6,516 
           |     72.34      14.09      13.57 |    100.00 
           |      6.60      14.25      13.73 |      7.73 
-----------+---------------------------------+----------
        12 |     5,397        370        346 |     6,113 
           |     88.29       6.05       5.66 |    100.00 
           |      7.56       5.74       5.37 |      7.25 
-----------+---------------------------------+----------
        13 |     1,198         63         25 |     1,286 
           |     93.16       4.90       1.94 |    100.00 
           |      1.68       0.98       0.39 |      1.53 
-----------+---------------------------------+----------
        14 |     1,805         34         31 |     1,870 
           |     96.52       1.82       1.66 |    100.00 
           |      2.53       0.53       0.48 |      2.22 
-----------+---------------------------------+----------
        15 |     1,540         28         17 |     1,585 
           |     97.16       1.77       1.07 |    100.00 
           |      2.16       0.43       0.26 |      1.88 
-----------+---------------------------------+----------
        16 |     3,283          0          0 |     3,283 
           |    100.00       0.00       0.00 |    100.00 
           |      4.60       0.00       0.00 |      3.90 
-----------+---------------------------------+----------
        17 |     1,340         54        120 |     1,514 
           |     88.51       3.57       7.93 |    100.00 
           |      1.88       0.84       1.86 |      1.80 
-----------+---------------------------------+----------
        18 |     2,264        255        138 |     2,657 
           |     85.21       9.60       5.19 |    100.00 
           |      3.17       3.96       2.14 |      3.15 
-----------+---------------------------------+----------
        19 |       179         85        129 |       393 
           |     45.55      21.63      32.82 |    100.00 
           |      0.25       1.32       2.00 |      0.47 
-----------+---------------------------------+----------
        21 |       337         50         43 |       430 
           |     78.37      11.63      10.00 |    100.00 
           |      0.47       0.78       0.67 |      0.51 
-----------+---------------------------------+----------
        31 |       102        106         59 |       267 
           |     38.20      39.70      22.10 |    100.00 
           |      0.14       1.65       0.92 |      0.32 
-----------+---------------------------------+----------
        32 |     5,428        331        198 |     5,957 
           |     91.12       5.56       3.32 |    100.00 
           |      7.60       5.14       3.07 |      7.07 
-----------+---------------------------------+----------
        33 |     6,704        847      1,012 |     8,563 
           |     78.29       9.89      11.82 |    100.00 
           |      9.39      13.15      15.71 |     10.16 
-----------+---------------------------------+----------
        34 |       421         16          1 |       438 
           |     96.12       3.65       0.23 |    100.00 
           |      0.59       0.25       0.02 |      0.52 
-----------+---------------------------------+----------
        35 |     6,968        931        595 |     8,494 
           |     82.03      10.96       7.00 |    100.00 
           |      9.76      14.45       9.24 |     10.08 
-----------+---------------------------------+----------
        36 |     1,119        223        210 |     1,552 
           |     72.10      14.37      13.53 |    100.00 
           |      1.57       3.46       3.26 |      1.84 
-----------+---------------------------------+----------
        51 |       623         71         23 |       717 
           |     86.89       9.90       3.21 |    100.00 
           |      0.87       1.10       0.36 |      0.85 
-----------+---------------------------------+----------
        52 |       958        109         99 |     1,166 
           |     82.16       9.35       8.49 |    100.00 
           |      1.34       1.69       1.54 |      1.38 
-----------+---------------------------------+----------
        53 |     3,212        148        178 |     3,538 
           |     90.79       4.18       5.03 |    100.00 
           |      4.50       2.30       2.76 |      4.20 
-----------+---------------------------------+----------
        61 |     1,930         84        143 |     2,157 
           |     89.48       3.89       6.63 |    100.00 
           |      2.70       1.30       2.22 |      2.56 
-----------+---------------------------------+----------
        62 |     1,545         14         18 |     1,577 
           |     97.97       0.89       1.14 |    100.00 
           |      2.16       0.22       0.28 |      1.87 
-----------+---------------------------------+----------
        63 |     1,798        126         91 |     2,015 
           |     89.23       6.25       4.52 |    100.00 
           |      2.52       1.96       1.41 |      2.39 
-----------+---------------------------------+----------
        64 |       935         47         70 |     1,052 
           |     88.88       4.47       6.65 |    100.00 
           |      1.31       0.73       1.09 |      1.25 
-----------+---------------------------------+----------
        65 |       447         14         23 |       484 
           |     92.36       2.89       4.75 |    100.00 
           |      0.63       0.22       0.36 |      0.57 
-----------+---------------------------------+----------
        71 |     1,461        203        174 |     1,838 
           |     79.49      11.04       9.47 |    100.00 
           |      2.05       3.15       2.70 |      2.18 
-----------+---------------------------------+----------
        72 |     1,896         72         54 |     2,022 
           |     93.77       3.56       2.67 |    100.00 
           |      2.66       1.12       0.84 |      2.40 
-----------+---------------------------------+----------
        73 |     2,108        352        600 |     3,060 
           |     68.89      11.50      19.61 |    100.00 
           |      2.95       5.46       9.32 |      3.63 
-----------+---------------------------------+----------
        74 |     1,563        324        405 |     2,292 
           |     68.19      14.14      17.67 |    100.00 
           |      2.19       5.03       6.29 |      2.72 
-----------+---------------------------------+----------
        75 |       505        130         97 |       732 
           |     68.99      17.76      13.25 |    100.00 
           |      0.71       2.02       1.51 |      0.87 
-----------+---------------------------------+----------
        76 |       503         66         81 |       650 
           |     77.38      10.15      12.46 |    100.00 
           |      0.70       1.02       1.26 |      0.77 
-----------+---------------------------------+----------
        81 |     1,137         50         75 |     1,262 
           |     90.10       3.96       5.94 |    100.00 
           |      1.59       0.78       1.16 |      1.50 
-----------+---------------------------------+----------
        82 |       900        146        163 |     1,209 
           |     74.44      12.08      13.48 |    100.00 
           |      1.26       2.27       2.53 |      1.43 
-----------+---------------------------------+----------
        91 |       841         40         89 |       970 
           |     86.70       4.12       9.18 |    100.00 
           |      1.18       0.62       1.38 |      1.15 
-----------+---------------------------------+----------
        92 |       894         63         99 |     1,056 
           |     84.66       5.97       9.38 |    100.00 
           |      1.25       0.98       1.54 |      1.25 
-----------+---------------------------------+----------
        94 |       858         55        116 |     1,029 
           |     83.38       5.34      11.27 |    100.00 
           |      1.20       0.85       1.80 |      1.22 
-----------+---------------------------------+----------
        95 |       664         11         15 |       690 
           |     96.23       1.59       2.17 |    100.00 
           |      0.93       0.17       0.23 |      0.82 
-----------+---------------------------------+----------
        96 |     1,185          5         18 |     1,208 
           |     98.10       0.41       1.49 |    100.00 
           |      1.66       0.08       0.28 |      1.43 
-----------+---------------------------------+----------
        97 |     2,633          0          1 |     2,634 
           |     99.96       0.00       0.04 |    100.00 
           |      3.69       0.00       0.02 |      3.13 
-----------+---------------------------------+----------
     Total |    71,395      6,441      6,440 |    84,276 
           |     84.72       7.64       7.64 |    100.00 
           |    100.00     100.00     100.00 |    100.00 

         Pearson chi2(74) =  6.8e+03   Pr = 0.000
. 
. log close
      name:  <unnamed>
       log:  /Users/athamawardi/Desktop/Research-Projects/PSE_Pertamina/Output/hurdle/nonparametric_tests_master.log
  log type:  text
 closed on:  21 Jan 2026, 19:05:27
---------------------------------------------------------------------------------------------------------------------------------------------------------------------------------------------------------------------------------------------------------------
