---------------------------------------------------------------------------------------------------------------------------------------------------------------------------------------------------------------------------------------------------------------
      name:  <unnamed>
       log:  /Users/athamawardi/Desktop/Research-Projects/PSE_Pertamina/Output/tsls/logs/Ker5_V1_run_iv_suite.log
  log type:  text
 opened on:   3 Feb 2026, 14:14:59
. }

. else {
.         log using "$outdir/logs/Ker5_V2_run_iv_suite.log", replace text
. }

. 
. /****************************************************************************************
> C. PACKAGES
> ****************************************************************************************/
. cap which ftools

. if _rc ssc install ftools, replace

. 
. cap which reghdfe

. if _rc ssc install reghdfe, replace

. 
. cap which ivreghdfe

. if _rc ssc install ivreghdfe, replace

. 
. cap which ivreg2

. if _rc ssc install ivreg2, replace

. 
. cap which esttab

. if _rc ssc install estout, replace

. 
. cap which esttab

. if _rc ssc install spwmatrix, replace

. 
. /****************************************************************************************
> D. SETTINGS 
> ****************************************************************************************/
. global ID    "iddesa"

. global FE    "kab"

. global CLUST "kab"

. 
. /****************************************************************************************
> E. INIT
> ****************************************************************************************/
. tempfile VMASTER1X1

. global VMASTER1X1 "`VMASTER1X1'"

. 
. clear

. set obs 0
Number of observations (_N) was 0, now 0.

. 
. gen str32 $ID = ""

. gen str10  sample  = ""

. gen str18  outcome = ""

. gen str12  spec    = ""

. gen double Ker5_used= .

. gen double W_hat   = .

. gen double uhat    = .

. gen double beta_vill = .

. gen double A_contrib = .

. 
. save "$VMASTER1X1", replace
(dataset contains 0 observations)
(file /var/folders/97/_t7418h90z7_plcs1h17z0vh0000gn/T//S_70602.000001 not found)
file /var/folders/97/_t7418h90z7_plcs1h17z0vh0000gn/T//S_70602.000001 saved as .dta format

. 
. tempfile VMASTER2X1

. global VMASTER2X1 "`VMASTER2X1'"

. 
. clear

. set obs 0
Number of observations (_N) was 0, now 0.

. 
. gen str32 $ID = ""

. gen str10  sample  = ""

. gen str18  outcome = ""

. gen str12  spec    = ""

. gen double Ker5_used= .

. gen double W_hat   = .

. gen double uhat    = .

. gen double beta_vill = .

. gen double A_contrib = .

. 
. save "$VMASTER2X1", replace
(dataset contains 0 observations)
(file /var/folders/97/_t7418h90z7_plcs1h17z0vh0000gn/T//S_70602.000002 not found)
file /var/folders/97/_t7418h90z7_plcs1h17z0vh0000gn/T//S_70602.000002 saved as .dta format

. 
. /****************************************************************************************
> F. FLAGS
> ****************************************************************************************/
. 
. * Default all run-switch globals to 0 if they are undefined/empty
. if "$DO_M0" == "" {
.     global DO_M0 0
. }

. if "$DO_M1" == "" {
.     global DO_M1 0
. }

. if "$DO_M2" == "" {
.     global DO_M2 0
. }

. if "$DO_M3" == "" {
.     global DO_M3 0
. }

. 
. if "$RUN_COAST" == "" {
.     global RUN_COAST 0
. }

. if "$RUN_ALL" == "" {
.     global RUN_ALL 0
. }

. 
. /****************************************************************************************
> G. CORE RUNNER
> ****************************************************************************************/
. #delimit cr
delimiter now cr
. capture program drop _run_one_sample

. program define _run_one_sample
  1.     syntax, DATASET(string) TAG(string)
  2. 
.     use "`dataset'", clear
  3. 
.     *----------------------------
.     * Guards
.     *----------------------------
.     cap confirm variable $ID
  4.     cap confirm variable $FE
  5.     cap confirm variable lat_v
  6.     local rc_lat = _rc
  7.     cap confirm variable lon_v
  8.     local rc_lon = _rc
  9.     if (`rc_lat' | `rc_lon') {
 10.         noi di as err "WARNING: Missing coords lat_v/lon_v (spatial blocks may skip)."
 11.     }
 12. 
.     cap drop spid
 13.     cap drop spid
 14.         egen long spid = group($ID)
 15.         label var spid "Spatial unit id derived from $ID"
 16. 
. 
.     *----------------------------
.     * 0) Ensure exposure + instruments exist (or build from distances)
.     *----------------------------
.     cap confirm variable Ker5_w1
 17.     if _rc {
 18.         cap confirm variable D_spbun
 19.         if _rc {
 20.             di as err "Missing Ker5_w1 and D_spbun; cannot construct exposure."
 21.             exit 198
 22.         }
 23.         gen double Ker5_w1 = -ln(1 + D_spbun) if !missing(D_spbun)
 24.     }
 25. 
.     cap confirm variable Z_pel
 26.     if _rc {
 27.         cap confirm variable D_pel_iv
 28.         if _rc {
 29.             di as err "Missing Z_pel and D_pel_iv; cannot construct instrument."
 30.             exit 198
 31.         }
 32.         gen double Z_pel = -ln(1 + D_pel_iv) if !missing(D_pel_iv)
 33.     }
 34. 
.     cap confirm variable Z_tbbm
 35.     if _rc {
 36.         cap confirm variable D_tbbm_iv
 37.         if _rc {
 38.             di as err "Missing Z_tbbm and D_tbbm_iv; cannot construct instrument."
 39.             exit 198
 40.         }
 41.         gen double Z_tbbm = -ln(1 + D_tbbm_iv) if !missing(D_tbbm_iv)
 42.     }
 43. 
.     cap confirm variable Z_tpi
 44.     if _rc {
 45.         cap confirm variable D_tpi_iv
 46.         if _rc {
 47.             di as err "Missing Z_tpi and D_tpi_iv; cannot construct instrument."
 48.             exit 198
 49.         }
 50.         gen double Z_tpi = -ln(1 + D_tpi_iv) if !missing(D_tpi_iv)
 51.     }
 52. 
.     cap confirm variable C5_w1
 53.     if !_rc {
 54.         cap drop A0_5 A5_10 A10_15
 55.         gen double A0_5   = C5_w1 if !missing(C5_w1)
 56.         gen double A5_10  = (C10_w1 - C5_w1)  if !missing(C10_w1, C5_w1)
 57.         gen double A10_15 = (C15_w1 - C10_w1) if !missing(C15_w1, C10_w1)
 58.         replace A5_10  = 0 if A5_10  < 0 & !missing(A5_10)
 59.         replace A10_15 = 0 if A10_15 < 0 & !missing(A10_15)
 60.     }
 61. 
.     *----------------------------
.     * 1) Outcomes available
.     *----------------------------
.     local YLIST_S ""
 62.     foreach y in Wbasic_z lnpov_z {
 63.         cap confirm variable `y'
 64.         if !_rc {
 65.             local YLIST_S "`YLIST_S' `y'"
 66.         }
 67.     }
 68. 
.     *--------------------------------
.     * 2) Controls
.     *--------------------------------
. 
.     * A) Clean categorical
.     local CATVARS "r308b1d r308b1e r309a r309b r309d r309e r310 r403a r403c1 r403c2"
 69. 
.     tempvar __es
 70.     gen byte `__es' = !missing(Ker5_w1, Z_tpi, Z_tbbm, Z_pel, kab)
 71. 
.     foreach v of local CATVARS {
 72.         cap confirm numeric variable `v'
 73.         if _rc continue
 74. 
.         cap drop `v'_c
 75.         clonevar `v'_c = `v'
 76. 
.         preserve
 77.             keep if `__es'
 78.             keep kab `v'_c
 79.             drop if missing(kab) | missing(`v'_c)
 80.             contract kab `v'_c
 81.             bysort `v'_c: gen n_kab = _N
 82.             levelsof `v'_c if n_kab<=1, local(rare)
 83.         restore
 84. 
.         if "`rare'" != "" {
 85.             noi di as txt "Recode rare levels in `v'_c (<=1 kab cluster) -> 99: `rare'"
 86.             recode `v'_c (`rare' = 99)
 87. 
.             local lbl : value label `v'
 88.             if "`lbl'" != "" {
 89.                 cap label define `lbl' 99 "Other/rare", add
 90.                 cap label values `v'_c `lbl'
 91.             }
 92.             else {
 93.                 cap label define `v'_lbl 99 "Other/rare", replace
 94.                 cap label values `v'_c `v'_lbl
 95.             }
 96.         }
 97.     }
 98. 
.     * B) Base categorical controls 
.     local X_S_base_cat "i.r308b1d_c i.r308b1e_c i.r309a_c i.r309b_c i.r309d_c i.r309e_c i.r310_c i.r403a_c i.r403c1_c i.r403c2_c"
 99.     local X_S_cat ""
100.     foreach term of local X_S_base_cat {
101.         local base = subinstr("`term'","i.","",.)
102.         cap confirm variable `base'
103.         if !_rc local X_S_cat "`X_S_cat' `term'"
104.     }
105. 
.     * C) PCA-breakdown controls 
.     local X_edu_b  ""
106.     cap ds r701*_b, has(type numeric)
107.     if !_rc local X_edu_b "`r(varlist)'"
108. 
.     local X_hlth_b ""
109.     cap ds r711*_b, has(type numeric)
110.     if !_rc local X_hlth_b "`r(varlist)'"
111. 
.     local X_util_b ""
112.     cap ds r509c*_b, has(type numeric)
113.     if !_rc local X_util_b "`r(varlist)'"
114. 
.     * D) Control-set variants for M1 grid
.     local X_none    ""
115.     local X_base    "`X_S_cat'"
116.     local X_edu     "`X_S_cat' `X_edu_b'"
117.     local X_hlth    "`X_S_cat' `X_hlth_b'"
118.     local X_util    "`X_S_cat' `X_util_b'"
119.     local X_edu_nb  "`X_edu_b'"
120.     local X_hlth_nb "`X_hlth_b'"
121.     local X_util_nb "`X_util_b'"
122.     local X_full    "`X_S_cat' `X_other' `X_edu_b' `X_hlth_b' `X_util_b'"
123.     local X_S "`X_full'"
124.     local X_S : list uniq X_S
125. 
.     * IV options: use partial(`X_S') to stabilize cluster-robust VCE + allow overid/Hansen J
.     local IVOPTS "absorb($FE) vce(cluster $CLUST) resid"
126.     local PARTOPTS ""
127.     if "`X_S'" != "" local PARTOPTS "partial(`X_S')"
128. 
. 
.     /****************************************************************************************
>     M0. FIRST STAGE
>     ****************************************************************************************/
.     if $DO_M0 == 1 {
129.         noi di as txt "-> Ker5 V1 M0 First stage (`tag')"
130.         qui reghdfe Ker5_w1 Z_pel Z_tbbm Z_tpi `X_S', absorb($FE) vce(cluster $CLUST)
131.         est store M0_`tag'
132.         esttab M0_`tag' using "$outdir/tables/Ker5_V1_M0_firststage_`tag'.rtf", replace ///
>             se b(%9.4f) se(%9.4f) star(* 0.10 ** 0.05 *** 0.01) ///
>             title("Ker5 M0 First stage v1: Ker5_w1 on Z + X + FE (`tag')") ///
>             scalars(N r2) compress
133.     }
134.         
.         if $DO_M0 == 0 {
135.         noi di as txt "-> Ker5 V2 M0 First stage (`tag')"
136.         qui reghdfe Ker5_w1 Z_pel Z_tbbm Z_tpi `X_S', absorb($FE) vce(cluster $CLUST)
137.         est store M0_`tag'
138.         esttab M0_`tag' using "$outdir/tables/Ker5_V2_M0_firststage_`tag'.rtf", replace ///
>             se b(%9.4f) se(%9.4f) star(* 0.10 ** 0.05 *** 0.01) ///
>             title("Ker5 M0 First stage v2: Ker5_w1 on Z + X + FE (`tag')") ///
>             scalars(N r2) compress
139.     }
140. 
.     /****************************************************************************************
>     M1. IV-2SLS 
>         ****************************************************************************************/
.     if $DO_M1 == 1 {
141. 
.         local M1SPECS "edu hlth util base none edu_nb hlth_nb util_nb"
142. 
.         foreach Y of local YLIST_S {
143. 
.             foreach s of local M1SPECS {
144.                 local scode ""
145.                 if "`s'" == "edu"     local scode "IVH_EDU"
146.                 if "`s'" == "hlth"    local scode "IVH_HLTH"
147.                 if "`s'" == "util"    local scode "IVH_UTIL"
148.                 if "`s'" == "base"    local scode "IVH_BASE"
149.                 if "`s'" == "none"    local scode "IVH_NONE"
150.                 if "`s'" == "edu_nb"  local scode "IVH_EDU_NB"
151.                 if "`s'" == "hlth_nb" local scode "IVH_HLTH_NB"
152.                 if "`s'" == "util_nb" local scode "IVH_UTIL_NB"
153.                 if "`scode'" == "" continue
154. 
.                 local X_this "`X_`s''"
155.                 local PART_this ""
156.                 if "`X_this'" != "" local PART_this "partial(`X_this')"
157. 
.                 noi di as txt "-> Ker5 M1 Homog IV v1: `Y' (`tag') [ `scode' ]"
158. 
.                 cap noisily ivreghdfe `Y' (Ker5_w1 = Z_pel Z_tbbm Z_tpi) `X_this', `IVOPTS' `PART_this'
159.                                 
.                                 local tshort = upper(substr("`tag'",1,1))
160.                                 if "`tag'" == "COAST" local tshort "C"
161.                                 if "`tag'" == "ALL"   local tshort "A"
162. 
.                                 local ycode = upper(substr("`Y'",1,2))
163.                                 if "`Y'" == "Wbasic_z"      local ycode "WB"
164.                                 if "`Y'" == "lnpov_z"       local ycode "LP"
165. 
.                                 local sshort ""
166.                                 if "`s'" == "edu"     local sshort "E"
167.                                 if "`s'" == "hlth"    local sshort "H"
168.                                 if "`s'" == "util"    local sshort "U"
169.                                 if "`s'" == "base"    local sshort "B"
170.                                 if "`s'" == "none"    local sshort "N"
171.                                 if "`s'" == "edu_nb"  local sshort "e"
172.                                 if "`s'" == "hlth_nb" local sshort "h"
173.                                 if "`s'" == "util_nb" local sshort "u"
174. 
.                                 local estname = "Ker5_v1_m1`sshort'`tshort'`ycode'"
175.                                 est store `estname'
176. 
.                                 esttab `estname' using "$outdir/tables/V1_M1_iv_homog_`tag'_`Y'_`scode'.rtf", replace ///
>                                         se b(%9.4f) se(%9.4f) star(* 0.10 ** 0.05 *** 0.01) ///
>                                         title("Ker5 M1 Homog IV (`scode') v1: `Y' on Ker5_w1 (`tag')") ///
>                                         scalars(N r2) compress
177. 
.                                 cap drop W_hat uhat beta_vill A_contrib
178.                                 predict double W_hat if e(sample), xb
179.                                 predict double uhat  if e(sample), resid
180.                                 gen double beta_vill = _b[Ker5_w1] if e(sample)
181.                                 gen double A_contrib = beta_vill * Ker5_w1 if e(sample) & !missing(Ker5_w1)
182. 
.                                 preserve
183.                                         keep $ID Ker5_w1 W_hat uhat beta_vill A_contrib
184.                                         cap confirm string variable $ID
185.                                         if _rc {
186.                                                 tostring $ID, replace usedisplayformat format(%18.0g)
187.                                         }
188.                                         replace $ID = trim($ID)
189.                                         gen str10  sample  = "`tag'"
190.                                         gen str18  outcome = "`Y'"
191.                                         gen str12  spec    = "`scode'"
192.                                         rename Ker5_w1 Ker5_used
193.                                         append using "$VMASTER1X1"
194.                                         save "$VMASTER1X1", replace
195.                                 restore
196.                 
.                 * Run heterogeneity only for FULL controls (IVX4)
.                 if "`s'" == "full" & "`H_S'" != "" {
197. 
.                     noi di as txt "-> Ker5 M1 Hetero IV v1: `Y' (`tag') [ IVX4 ] with H = `H_S'"
198. 
.                     local AENDO "Ker5_w1"
199.                     local ZALL  "Z_pel Z_tbbm Z_tpi"
200.                     local HMAIN ""
201. 
.                     foreach h of local H_S {
202. 
.                         cap drop A_X_`h'
203.                         gen double A_X_`h' = Ker5_w1 * `h' if !missing(Ker5_w1, `h')
204.                         local AENDO "`AENDO' A_X_`h'"
205. 
.                         foreach z in Z_pel Z_tbbm Z_tpi {
206.                             cap drop Z_X_`z'_`h'
207.                             gen double Z_X_`z'_`h' = `z' * `h' if !missing(`z', `h')
208.                             local ZALL "`ZALL' Z_X_`z'_`h'"
209.                         }
210. 
.                         local HMAIN "`HMAIN' c.`h'"
211.                     }
212. 
.                     * FULL controls for heterogeneity
.                     local X_this "`X_full'"
213.                     local PART_this ""
214.                     if "`X_this'" != "" local PART_this "partial(`X_this')"
215. 
.                     cap noisily ivreghdfe `Y' (`AENDO' = `ZALL') `X_this' `HMAIN', `IVOPTS' `PART_this'
216. 
.                                         local tshort = upper(substr("`tag'",1,1))
217.                                         if "`tag'" == "COAST" local tshort "C"
218.                                         if "`tag'" == "ALL"   local tshort "A"
219. 
.                                         local ycode = upper(substr("`Y'",1,2))
220.                                         if "`Y'" == "Wbasic_z"      local ycode "WB"
221.                                         if "`Y'" == "lnpov_z"       local ycode "LP"
222. 
.                                         local estname = "Ker5_v1_m1X4`tshort'`ycode'"
223.                                         est store `estname'
224. 
.                                         esttab `estname' using "$outdir/tables/Ker5_V1_M1_iv_hetero_`tag'_`Y'_IVX4.rtf", replace ///
>                                                 se b(%9.4f) se(%9.4f) star(* 0.10 ** 0.05 *** 0.01) ///
>                                                 title("Ker5 M1 Hetero IV (IVX4) v1: `Y' on Ker5_w1 + A×H (`tag')") ///
>                                                 scalars(N r2) compress
225. 
.                                         cap drop W_hat uhat beta_vill A_contrib
226.                                         predict double W_hat if e(sample), xb
227.                                         predict double uhat  if e(sample), resid
228. 
.                                         gen double beta_vill = _b[Ker5_w1] if e(sample)
229.                                         foreach h of local H_S {
230.                                                 replace beta_vill = beta_vill + (_b[A_X_`h'] * `h') if e(sample) & !missing(`h')
231.                                         }
232.                                         gen double A_contrib = beta_vill * Ker5_w1 if e(sample) & !missing(Ker5_w1)
233. 
.                                         preserve
234.                                                 cap drop Ker5_used
235.                                                 gen double Ker5_used = Ker5_w1 if e(sample) & !missing(Ker5_w1)
236.                                                 keep $ID Ker5_used W_hat uhat beta_vill A_contrib `H_S'
237.                                                 cap confirm string variable $ID
238.                                                 if _rc {
239.                                                         tostring $ID, replace usedisplayformat format(%18.0g)
240.                                                 }
241.                                                 replace $ID = trim($ID)
242. 
.                                                 gen str10  sample  = "`tag'"
243.                                                 gen str18  outcome = "`Y'"
244.                                                 gen str12  spec    = "IVX4"
245. 
.                                                 append using "$VMASTER1X1"
246.                                                 save "$VMASTER1X1", replace
247.                                         restore
248.                     
.                 }
249.             }
250.         }
251.     }
252.         
.         if $DO_M1 == 0 {
253. 
.         local M1SPECS "edu hlth util base none edu_nb hlth_nb util_nb"
254. 
.         foreach Y of local YLIST_S {
255. 
.             foreach s of local M1SPECS {
256.                 local scode ""
257.                 if "`s'" == "edu"     local scode "IVH_EDU"
258.                 if "`s'" == "hlth"    local scode "IVH_HLTH"
259.                 if "`s'" == "util"    local scode "IVH_UTIL"
260.                 if "`s'" == "base"    local scode "IVH_BASE"
261.                 if "`s'" == "none"    local scode "IVH_NONE"
262.                 if "`s'" == "edu_nb"  local scode "IVH_EDU_NB"
263.                 if "`s'" == "hlth_nb" local scode "IVH_HLTH_NB"
264.                 if "`s'" == "util_nb" local scode "IVH_UTIL_NB"
265.                 if "`scode'" == "" continue
266. 
.                 local X_this "`X_`s''"
267.                 local PART_this ""
268.                 if "`X_this'" != "" local PART_this "partial(`X_this')"
269. 
.                 noi di as txt "-> Ker5 M1 Homog IV v2: `Y' (`tag') [ `scode' ]"
270. 
.                 cap noisily ivreghdfe `Y' (Ker5_w1 = Z_pel Z_tbbm Z_tpi) `X_this', `IVOPTS' `PART_this'
271.                                 
.                                 local tshort = upper(substr("`tag'",1,1))
272.                                 if "`tag'" == "COAST" local tshort "C"
273.                                 if "`tag'" == "ALL"   local tshort "A"
274. 
.                                 local ycode = upper(substr("`Y'",1,2))
275.                                 if "`Y'" == "Wbasic_z"      local ycode "WB"
276.                                 if "`Y'" == "lnpov_z"       local ycode "LP"
277. 
.                                 local sshort ""
278.                                 if "`s'" == "edu"     local sshort "E"
279.                                 if "`s'" == "hlth"    local sshort "H"
280.                                 if "`s'" == "util"    local sshort "U"
281.                                 if "`s'" == "base"    local sshort "B"
282.                                 if "`s'" == "none"    local sshort "N"
283.                                 if "`s'" == "edu_nb"  local sshort "e"
284.                                 if "`s'" == "hlth_nb" local sshort "h"
285.                                 if "`s'" == "util_nb" local sshort "u"
286. 
.                                 local estname = "Ker5_v2_m1`sshort'`tshort'`ycode'"
287.                                 est store `estname'
288. 
.                                 esttab `estname' using "$outdir/tables/Ker5_V2_M1_iv_homog_`tag'_`Y'_`scode'.rtf", replace ///
>                                         se b(%9.4f) se(%9.4f) star(* 0.10 ** 0.05 *** 0.01) ///
>                                         title("Ker5 M1 Homog IV (`scode') v2: `Y' on Ker5_w1 (`tag')") ///
>                                         scalars(N r2) compress
289. 
.                                 cap drop W_hat uhat beta_vill A_contrib
290.                                 predict double W_hat if e(sample), xb
291.                                 predict double uhat  if e(sample), resid
292.                                 gen double beta_vill = _b[Ker5_w1] if e(sample)
293.                                 gen double A_contrib = beta_vill * Ker5_w1 if e(sample) & !missing(Ker5_w1)
294. 
.                                 preserve
295.                                         keep $ID Ker5_w1 W_hat uhat beta_vill A_contrib
296.                                         cap confirm string variable $ID
297.                                         if _rc {
298.                                                 tostring $ID, replace usedisplayformat format(%18.0g)
299.                                         }
300.                                         replace $ID = trim($ID)
301.                                         gen str10  sample  = "`tag'"
302.                                         gen str18  outcome = "`Y'"
303.                                         gen str12  spec    = "`scode'"
304.                                         rename Ker5_w1 Ker5_used
305.                                         append using "$VMASTER2X1"
306.                                         save "$VMASTER2X1", replace
307.                                 restore
308.                 
.                 * Run heterogeneity only for FULL controls (IVX4)
.                 if "`s'" == "full" & "`H_S'" != "" {
309. 
.                     noi di as txt "-> Ker5 M1 Hetero IV v2: `Y' (`tag') [ IVX4 ] with H = `H_S'"
310. 
.                     local AENDO "Ker5_w1"
311.                     local ZALL  "Z_pel Z_tbbm Z_tpi"
312.                     local HMAIN ""
313. 
.                     foreach h of local H_S {
314. 
.                         cap drop A_X_`h'
315.                         gen double A_X_`h' = Ker5_w1 * `h' if !missing(Ker5_w1, `h')
316.                         local AENDO "`AENDO' A_X_`h'"
317. 
.                         foreach z in Z_pel Z_tbbm Z_tpi {
318.                             cap drop Z_X_`z'_`h'
319.                             gen double Z_X_`z'_`h' = `z' * `h' if !missing(`z', `h')
320.                             local ZALL "`ZALL' Z_X_`z'_`h'"
321.                         }
322. 
.                         local HMAIN "`HMAIN' c.`h'"
323.                     }
324. 
.                     * FULL controls for heterogeneity
.                     local X_this "`X_full'"
325.                     local PART_this ""
326.                     if "`X_this'" != "" local PART_this "partial(`X_this')"
327. 
.                     cap noisily ivreghdfe `Y' (`AENDO' = `ZALL') `X_this' `HMAIN', `IVOPTS' `PART_this'
328. 
.                                         local tshort = upper(substr("`tag'",1,1))
329.                                         if "`tag'" == "COAST" local tshort "C"
330.                                         if "`tag'" == "ALL"   local tshort "A"
331. 
.                                         local ycode = upper(substr("`Y'",1,2))
332.                                         if "`Y'" == "Wbasic_z"      local ycode "WB"
333.                                         if "`Y'" == "lnpov_z"       local ycode "LP"
334. 
.                                         local estname = "Ker5_v2_m1X4`tshort'`ycode'"
335.                                         est store `estname'
336. 
.                                         esttab `estname' using "$outdir/tables/Ker5_V2_M1_iv_hetero_`tag'_`Y'_IVX4.rtf", replace ///
>                                                 se b(%9.4f) se(%9.4f) star(* 0.10 ** 0.05 *** 0.01) ///
>                                                 title("Ker5 M1 Hetero IV (IVX4) v2: `Y' on Ker5_w1 + A×H (`tag')") ///
>                                                 scalars(N r2) compress
337. 
.                                         cap drop W_hat uhat beta_vill A_contrib
338.                                         predict double W_hat if e(sample), xb
339.                                         predict double uhat  if e(sample), resid
340. 
.                                         gen double beta_vill = _b[Ker5_w1] if e(sample)
341.                                         foreach h of local H_S {
342.                                                 replace beta_vill = beta_vill + (_b[A_X_`h'] * `h') if e(sample) & !missing(`h')
343.                                         }
344.                                         gen double A_contrib = beta_vill * Ker5_w1 if e(sample) & !missing(Ker5_w1)
345. 
.                                         preserve
346.                                                 cap drop Ker5_used
347.                                                 gen double Ker5_used = Ker5_w1 if e(sample) & !missing(Ker5_w1)
348.                                                 keep $ID Ker5_used W_hat uhat beta_vill A_contrib `H_S'
349.                                                 cap confirm string variable $ID
350.                                                 if _rc {
351.                                                         tostring $ID, replace usedisplayformat format(%18.0g)
352.                                                 }
353.                                                 replace $ID = trim($ID)
354. 
.                                                 gen str10  sample  = "`tag'"
355.                                                 gen str18  outcome = "`Y'"
356.                                                 gen str12  spec    = "IVX4"
357. 
.                                                 append using "$VMASTER2X1"
358.                                                 save "$VMASTER2X1", replace
359.                                         restore
360.                     
.                 }
361.             }
362.         }
363.     }
364.         
. end

.         /****************************************************************************************
>     M2. REDUCED FORM
>     ****************************************************************************************/
.     if $DO_M2 == 1 {
.         foreach Y of local YLIST_S {
  2.             noi di as txt "-> Ker5 M2 Reduced form v1: `Y' (`tag')"
  3.             cap noisily reghdfe `Y' Z_pel Z_tbbm Z_tpi `X_S', absorb($FE) vce(cluster $CLUST)
  4.             if !_rc {
  5.                 est store M2_`tag'_`Y'
  6.                 esttab M2_`tag'_`Y' using "$outdir/tables/Ker5_V1_M2_reducedform_`tag'_`Y'.rtf", replace ///
>                     se b(%9.4f) se(%9.4f) star(* 0.10 ** 0.05 *** 0.01) ///
>                     title("Ker5 M2 Reduced form: `Y' on Z + X + FE (`tag')") ///
>                     scalars(N r2) compress
  7.             }
  8.         }
.     }

.         
.         if $DO_M2 == 0 {
.         foreach Y of local YLIST_S {
  2.             noi di as txt "-> Ker5 M2 Reduced form v2: `Y' (`tag')"
  3.             cap noisily reghdfe `Y' Z_pel Z_tbbm Z_tpi `X_S', absorb($FE) vce(cluster $CLUST)
  4.             if !_rc {
  5.                 est store M2_`tag'_`Y'
  6.                 esttab M2_`tag'_`Y' using "$outdir/tables/Ker5_V2_M2_reducedform_`tag'_`Y'.rtf", replace ///
>                     se b(%9.4f) se(%9.4f) star(* 0.10 ** 0.05 *** 0.01) ///
>                     title("Ker5 M2 Reduced form v2: `Y' on Z + X + FE (`tag')") ///
>                     scalars(N r2) compress
  7.             }
  8.         }
.     }

. 
.     /****************************************************************************************
>     M3. NAIVE OLS (benchmark)
>     ****************************************************************************************/
.     if $DO_M3 == 1 {
.         foreach Y of local YLIST_S {
  2.             noi di as txt "-> Ker5 M3 OLS v1: `Y' (`tag')"
  3.             cap noisily reghdfe `Y' Ker5_w1 `X_S', absorb($FE) vce(cluster $CLUST)
  4.             if !_rc {
  5.                 est store M3_`tag'_`Y'
  6.                 esttab M3_`tag'_`Y' using "$outdir/tables/Ker5_V1_M3_ols_`tag'_`Y'.rtf", replace ///
>                     se b(%9.4f) se(%9.4f) star(* 0.10 ** 0.05 *** 0.01) ///
>                     title("Ker5 M3 OLS v1: `Y' on Ker5_w1 + X + FE (`tag')") ///
>                     scalars(N r2) compress
  7.             }
  8.         }
.     }

.         
.         if $DO_M3 == 0 {
.         foreach Y of local YLIST_S {
  2.             noi di as txt "-> Ker5 M3 OLS v2: `Y' (`tag')"
  3.             cap noisily reghdfe `Y' Ker5_w1 `X_S', absorb($FE) vce(cluster $CLUST)
  4.             if !_rc {
  5.                 est store M3_`tag'_`Y'
  6.                 esttab M3_`tag'_`Y' using "$outdir/tables/Ker5_V2_M3_ols_`tag'_`Y'.rtf", replace ///
>                     se b(%9.4f) se(%9.4f) star(* 0.10 ** 0.05 *** 0.01) ///
>                     title("Ker5 M3 OLS v2: `Y' on Ker5_w1 + X + FE (`tag')") ///
>                     scalars(N r2) compress
  7.             }
  8.         }
.     }

. 
. 
. /****************************************************************************************
> H. RUN SUITE 
> ****************************************************************************************/
. 
. if $RUN_COAST == 1 {
.     _run_one_sample, dataset("$DATA_COAST") tag("COAST")
(0 real changes made)
(0 real changes made)
(0 observations deleted)
(0 observations deleted)

(0 observations deleted)
(0 observations deleted)

(0 observations deleted)
(0 observations deleted)

(0 observations deleted)
(0 observations deleted)

(0 observations deleted)
(0 observations deleted)

(0 observations deleted)
(0 observations deleted)

(0 observations deleted)
(0 observations deleted)

(0 observations deleted)
(0 observations deleted)
18 20
Recode rare levels in r403a_c (<=1 kab cluster) -> 99: 18 20
(3 changes made to r403a_c)
(0 observations deleted)
(0 observations deleted)

(0 observations deleted)
(0 observations deleted)

-> Ker5 V1 M0 First stage (COAST)
(file /Users/athamawardi/Desktop/Research-Projects/PSE_Pertamina/Output/tsls/tables/Ker5_V1_M0_firststage_COAST.rtf not found)
(output written to /Users/athamawardi/Desktop/Research-Projects/PSE_Pertamina/Output/tsls/tables/Ker5_V1_M0_firststage_COAST.rtf)
-> Ker5 M1 Homog IV v1: Wbasic_z (COAST) [ IVH_EDU ]
(dropped 2 singleton observations)
Warning - collinearities detected
Vars dropped:       4.r309d_c 2.r309e_c 5.r403c1_c 4.r403c2_c
(MWFE estimator converged in 1 iterations)

IV (2SLS) estimation
--------------------

Estimates efficient for homoskedasticity only
Statistics robust to heteroskedasticity and clustering on kab

Number of clusters (kab) =         325                Number of obs =    12966
                                                      F(  1,   324) =    13.29
                                                      Prob > F      =   0.0003
Total (centered) SS     =  2188.987949                Centered R2   =  -0.0155
Total (uncentered) SS   =  2188.987949                Uncentered R2 =  -0.0155
Residual SS             =  2222.961632                Root MSE      =    .4149

------------------------------------------------------------------------------
             |               Robust
    Wbasic_z | Coefficient  std. err.      t    P>|t|     [95% conf. interval]
-------------+----------------------------------------------------------------
     Ker5_w1 |   .3697297   .1014117     3.65   0.000     .1702211    .5692383
------------------------------------------------------------------------------
Underidentification test (Kleibergen-Paap rk LM statistic):             54.383
                                                   Chi-sq(3) P-val =    0.0000
------------------------------------------------------------------------------
Weak identification test (Cragg-Donald Wald F statistic):              459.767
                         (Kleibergen-Paap rk Wald F statistic):         33.497
Stock-Yogo weak ID test critical values:  5% maximal IV relative bias    13.91
                                         10% maximal IV relative bias     9.08
                                         20% maximal IV relative bias     6.46
                                         30% maximal IV relative bias     5.39
                                         10% maximal IV size             22.30
                                         15% maximal IV size             12.83
                                         20% maximal IV size              9.54
                                         25% maximal IV size              7.80
Source: Stock-Yogo (2005).  Reproduced by permission.
NB: Critical values are for Cragg-Donald F statistic and i.i.d. errors.
------------------------------------------------------------------------------
Hansen J statistic (overidentification test of all instruments):         0.327
                                                   Chi-sq(2) P-val =    0.8493
------------------------------------------------------------------------------
Instrumented:         Ker5_w1
Excluded instruments: Z_pel Z_tbbm Z_tpi
Partialled-out:       2.r308b1d_c 2.r308b1e_c 2.r309a_c 3.r309a_c 1.r309b_c
                      2.r309b_c 3.r309b_c 1.r309d_c 2.r309d_c 3.r309d_c
                      1.r309e_c 2.r310_c 2.r403a_c 3.r403a_c 4.r403a_c 6.r403a_c
                      7.r403a_c 8.r403a_c 9.r403a_c 14.r403a_c 15.r403a_c
                      16.r403a_c 17.r403a_c 19.r403a_c 99.r403a_c 1.r403c1_c
                      2.r403c1_c 3.r403c1_c 4.r403c1_c 1.r403c2_c 2.r403c2_c
                      3.r403c2_c r701ak3_b r701ak4_b r701bk3_b r701bk4_b
                      r701ck4_b r701dk2_b r701dk3_b r701dk4_b r701ek4_b
                      r701fk4_b r701gk4_b r701hk4_b r701ik4_b r701jk4_b
                      r701kk4_b r701ok3_b r701qk3_b _cons
                      nb: total SS, model F and R2s are after partialling-out;
                          any small-sample adjustments include partialled-out
                          variables in regressor count K
Dropped collinear:    4.r309d_c 2.r309e_c 5.r403c1_c 4.r403c2_c
------------------------------------------------------------------------------

Absorbed degrees of freedom:
-----------------------------------------------------+
 Absorbed FE | Categories  - Redundant  = Num. Coefs |
-------------+---------------------------------------|
         kab |       325         325           0    *|
-----------------------------------------------------+
* = FE nested within cluster; treated as redundant for DoF computation
(output written to /Users/athamawardi/Desktop/Research-Projects/PSE_Pertamina/Output/tsls/tables/V1_M1_iv_homog_COAST_Wbasic_z_IVH_EDU.rtf)
(2 missing values generated)
(2 missing values generated)
(2 missing values generated)
(2 missing values generated)
(0 real changes made)
(variable iddesa was str10, now str32 to accommodate using data's values)
file /var/folders/97/_t7418h90z7_plcs1h17z0vh0000gn/T//S_70602.000001 saved as .dta format
-> Ker5 M1 Homog IV v1: Wbasic_z (COAST) [ IVH_HLTH ]
(dropped 2 singleton observations)
Warning - collinearities detected
Vars dropped:       4.r309d_c 2.r309e_c 5.r403c1_c 4.r403c2_c r711ck4_b
                    r711ek3_b r711ek4_b r711fk4_b r711jk4_b
(MWFE estimator converged in 1 iterations)

IV (2SLS) estimation
--------------------

Estimates efficient for homoskedasticity only
Statistics robust to heteroskedasticity and clustering on kab

Number of clusters (kab) =         325                Number of obs =    12966
                                                      F(  1,   324) =    61.75
                                                      Prob > F      =   0.0000
Total (centered) SS     =  2430.691337                Centered R2   =  -0.0924
Total (uncentered) SS   =  2430.691337                Uncentered R2 =  -0.0924
Residual SS             =  2655.364079                Root MSE      =    .4534

------------------------------------------------------------------------------
             |               Robust
    Wbasic_z | Coefficient  std. err.      t    P>|t|     [95% conf. interval]
-------------+----------------------------------------------------------------
     Ker5_w1 |   .8646704   .1100311     7.86   0.000     .6482049    1.081136
------------------------------------------------------------------------------
Underidentification test (Kleibergen-Paap rk LM statistic):             70.703
                                                   Chi-sq(3) P-val =    0.0000
------------------------------------------------------------------------------
Weak identification test (Cragg-Donald Wald F statistic):              729.943
                         (Kleibergen-Paap rk Wald F statistic):         41.972
Stock-Yogo weak ID test critical values:  5% maximal IV relative bias    13.91
                                         10% maximal IV relative bias     9.08
                                         20% maximal IV relative bias     6.46
                                         30% maximal IV relative bias     5.39
                                         10% maximal IV size             22.30
                                         15% maximal IV size             12.83
                                         20% maximal IV size              9.54
                                         25% maximal IV size              7.80
Source: Stock-Yogo (2005).  Reproduced by permission.
NB: Critical values are for Cragg-Donald F statistic and i.i.d. errors.
------------------------------------------------------------------------------
Hansen J statistic (overidentification test of all instruments):         2.285
                                                   Chi-sq(2) P-val =    0.3191
------------------------------------------------------------------------------
Instrumented:         Ker5_w1
Excluded instruments: Z_pel Z_tbbm Z_tpi
Partialled-out:       2.r308b1d_c 2.r308b1e_c 2.r309a_c 3.r309a_c 1.r309b_c
                      2.r309b_c 3.r309b_c 1.r309d_c 2.r309d_c 3.r309d_c
                      1.r309e_c 2.r310_c 2.r403a_c 3.r403a_c 4.r403a_c 6.r403a_c
                      7.r403a_c 8.r403a_c 9.r403a_c 14.r403a_c 15.r403a_c
                      16.r403a_c 17.r403a_c 19.r403a_c 99.r403a_c 1.r403c1_c
                      2.r403c1_c 3.r403c1_c 4.r403c1_c 1.r403c2_c 2.r403c2_c
                      3.r403c2_c r711ak3_b r711ak4_b r711bk3_b r711bk4_b
                      r711ck3_b r711dk3_b r711dk4_b r711fk3_b r711gk3_b
                      r711gk4_b r711hk3_b r711hk4_b r711ik3_b r711ik4_b
                      r711jk3_b _cons
                      nb: total SS, model F and R2s are after partialling-out;
                          any small-sample adjustments include partialled-out
                          variables in regressor count K
Dropped collinear:    4.r309d_c 2.r309e_c 5.r403c1_c 4.r403c2_c r711ck4_b
                      r711ek3_b r711ek4_b r711fk4_b r711jk4_b
------------------------------------------------------------------------------

Absorbed degrees of freedom:
-----------------------------------------------------+
 Absorbed FE | Categories  - Redundant  = Num. Coefs |
-------------+---------------------------------------|
         kab |       325         325           0    *|
-----------------------------------------------------+
* = FE nested within cluster; treated as redundant for DoF computation
(output written to /Users/athamawardi/Desktop/Research-Projects/PSE_Pertamina/Output/tsls/tables/V1_M1_iv_homog_COAST_Wbasic_z_IVH_HLTH.rtf)
(2 missing values generated)
(2 missing values generated)
(2 missing values generated)
(2 missing values generated)
(0 real changes made)
(variable iddesa was str10, now str32 to accommodate using data's values)
file /var/folders/97/_t7418h90z7_plcs1h17z0vh0000gn/T//S_70602.000001 saved as .dta format
-> Ker5 M1 Homog IV v1: Wbasic_z (COAST) [ IVH_UTIL ]
(dropped 2 singleton observations)
Warning - collinearities detected
Vars dropped:       4.r309d_c 2.r309e_c 5.r403c1_c 4.r403c2_c
(MWFE estimator converged in 1 iterations)

IV (2SLS) estimation
--------------------

Estimates efficient for homoskedasticity only
Statistics robust to heteroskedasticity and clustering on kab

Number of clusters (kab) =         325                Number of obs =    12966
                                                      F(  1,   324) =    63.39
                                                      Prob > F      =   0.0000
Total (centered) SS     =  2436.525461                Centered R2   =  -0.0918
Total (uncentered) SS   =  2436.525461                Uncentered R2 =  -0.0918
Residual SS             =  2660.264136                Root MSE      =    .4536

------------------------------------------------------------------------------
             |               Robust
    Wbasic_z | Coefficient  std. err.      t    P>|t|     [95% conf. interval]
-------------+----------------------------------------------------------------
     Ker5_w1 |   .8695809   .1092198     7.96   0.000     .6547114     1.08445
------------------------------------------------------------------------------
Underidentification test (Kleibergen-Paap rk LM statistic):             71.557
                                                   Chi-sq(3) P-val =    0.0000
------------------------------------------------------------------------------
Weak identification test (Cragg-Donald Wald F statistic):              736.826
                         (Kleibergen-Paap rk Wald F statistic):         42.444
Stock-Yogo weak ID test critical values:  5% maximal IV relative bias    13.91
                                         10% maximal IV relative bias     9.08
                                         20% maximal IV relative bias     6.46
                                         30% maximal IV relative bias     5.39
                                         10% maximal IV size             22.30
                                         15% maximal IV size             12.83
                                         20% maximal IV size              9.54
                                         25% maximal IV size              7.80
Source: Stock-Yogo (2005).  Reproduced by permission.
NB: Critical values are for Cragg-Donald F statistic and i.i.d. errors.
------------------------------------------------------------------------------
Hansen J statistic (overidentification test of all instruments):         2.241
                                                   Chi-sq(2) P-val =    0.3261
------------------------------------------------------------------------------
Instrumented:         Ker5_w1
Excluded instruments: Z_pel Z_tbbm Z_tpi
Partialled-out:       2.r308b1d_c 2.r308b1e_c 2.r309a_c 3.r309a_c 1.r309b_c
                      2.r309b_c 3.r309b_c 1.r309d_c 2.r309d_c 3.r309d_c
                      1.r309e_c 2.r310_c 2.r403a_c 3.r403a_c 4.r403a_c 6.r403a_c
                      7.r403a_c 8.r403a_c 9.r403a_c 14.r403a_c 15.r403a_c
                      16.r403a_c 17.r403a_c 19.r403a_c 99.r403a_c 1.r403c1_c
                      2.r403c1_c 3.r403c1_c 4.r403c1_c 1.r403c2_c 2.r403c2_c
                      3.r403c2_c r509c1_b r509c2_b r509c3_b _cons
                      nb: total SS, model F and R2s are after partialling-out;
                          any small-sample adjustments include partialled-out
                          variables in regressor count K
Dropped collinear:    4.r309d_c 2.r309e_c 5.r403c1_c 4.r403c2_c
------------------------------------------------------------------------------

Absorbed degrees of freedom:
-----------------------------------------------------+
 Absorbed FE | Categories  - Redundant  = Num. Coefs |
-------------+---------------------------------------|
         kab |       325         325           0    *|
-----------------------------------------------------+
* = FE nested within cluster; treated as redundant for DoF computation
(output written to /Users/athamawardi/Desktop/Research-Projects/PSE_Pertamina/Output/tsls/tables/V1_M1_iv_homog_COAST_Wbasic_z_IVH_UTIL.rtf)
(2 missing values generated)
(2 missing values generated)
(2 missing values generated)
(2 missing values generated)
(0 real changes made)
(variable iddesa was str10, now str32 to accommodate using data's values)
file /var/folders/97/_t7418h90z7_plcs1h17z0vh0000gn/T//S_70602.000001 saved as .dta format
-> Ker5 M1 Homog IV v1: Wbasic_z (COAST) [ IVH_BASE ]
(dropped 2 singleton observations)
Warning - collinearities detected
Vars dropped:       4.r309d_c 2.r309e_c 5.r403c1_c 4.r403c2_c
(MWFE estimator converged in 1 iterations)

IV (2SLS) estimation
--------------------

Estimates efficient for homoskedasticity only
Statistics robust to heteroskedasticity and clustering on kab

Number of clusters (kab) =         325                Number of obs =    12966
                                                      F(  1,   324) =    62.77
                                                      Prob > F      =   0.0000
Total (centered) SS     =  2439.738806                Centered R2   =  -0.0927
Total (uncentered) SS   =  2439.738806                Uncentered R2 =  -0.0927
Residual SS             =  2665.792507                Root MSE      =     .454

------------------------------------------------------------------------------
             |               Robust
    Wbasic_z | Coefficient  std. err.      t    P>|t|     [95% conf. interval]
-------------+----------------------------------------------------------------
     Ker5_w1 |   .8694486   .1097401     7.92   0.000     .6535555    1.085342
------------------------------------------------------------------------------
Underidentification test (Kleibergen-Paap rk LM statistic):             71.450
                                                   Chi-sq(3) P-val =    0.0000
------------------------------------------------------------------------------
Weak identification test (Cragg-Donald Wald F statistic):              736.519
                         (Kleibergen-Paap rk Wald F statistic):         42.395
Stock-Yogo weak ID test critical values:  5% maximal IV relative bias    13.91
                                         10% maximal IV relative bias     9.08
                                         20% maximal IV relative bias     6.46
                                         30% maximal IV relative bias     5.39
                                         10% maximal IV size             22.30
                                         15% maximal IV size             12.83
                                         20% maximal IV size              9.54
                                         25% maximal IV size              7.80
Source: Stock-Yogo (2005).  Reproduced by permission.
NB: Critical values are for Cragg-Donald F statistic and i.i.d. errors.
------------------------------------------------------------------------------
Hansen J statistic (overidentification test of all instruments):         2.485
                                                   Chi-sq(2) P-val =    0.2886
------------------------------------------------------------------------------
Instrumented:         Ker5_w1
Excluded instruments: Z_pel Z_tbbm Z_tpi
Partialled-out:       2.r308b1d_c 2.r308b1e_c 2.r309a_c 3.r309a_c 1.r309b_c
                      2.r309b_c 3.r309b_c 1.r309d_c 2.r309d_c 3.r309d_c
                      1.r309e_c 2.r310_c 2.r403a_c 3.r403a_c 4.r403a_c 6.r403a_c
                      7.r403a_c 8.r403a_c 9.r403a_c 14.r403a_c 15.r403a_c
                      16.r403a_c 17.r403a_c 19.r403a_c 99.r403a_c 1.r403c1_c
                      2.r403c1_c 3.r403c1_c 4.r403c1_c 1.r403c2_c 2.r403c2_c
                      3.r403c2_c _cons
                      nb: total SS, model F and R2s are after partialling-out;
                          any small-sample adjustments include partialled-out
                          variables in regressor count K
Dropped collinear:    4.r309d_c 2.r309e_c 5.r403c1_c 4.r403c2_c
------------------------------------------------------------------------------

Absorbed degrees of freedom:
-----------------------------------------------------+
 Absorbed FE | Categories  - Redundant  = Num. Coefs |
-------------+---------------------------------------|
         kab |       325         325           0    *|
-----------------------------------------------------+
* = FE nested within cluster; treated as redundant for DoF computation
(output written to /Users/athamawardi/Desktop/Research-Projects/PSE_Pertamina/Output/tsls/tables/V1_M1_iv_homog_COAST_Wbasic_z_IVH_BASE.rtf)
(2 missing values generated)
(2 missing values generated)
(2 missing values generated)
(2 missing values generated)
(0 real changes made)
(variable iddesa was str10, now str32 to accommodate using data's values)
file /var/folders/97/_t7418h90z7_plcs1h17z0vh0000gn/T//S_70602.000001 saved as .dta format
-> Ker5 M1 Homog IV v1: Wbasic_z (COAST) [ IVH_NONE ]
(dropped 2 singleton observations)
(MWFE estimator converged in 1 iterations)

IV (2SLS) estimation
--------------------

Estimates efficient for homoskedasticity only
Statistics robust to heteroskedasticity and clustering on kab

Number of clusters (kab) =         325                Number of obs =    12966
                                                      F(  1,   324) =    88.89
                                                      Prob > F      =   0.0000
Total (centered) SS     =  2867.056115                Centered R2   =  -0.1607
Total (uncentered) SS   =  2867.056115                Uncentered R2 =  -0.1607
Residual SS             =   3327.86065                Root MSE      =    .5067

------------------------------------------------------------------------------
             |               Robust
    Wbasic_z | Coefficient  std. err.      t    P>|t|     [95% conf. interval]
-------------+----------------------------------------------------------------
     Ker5_w1 |   1.280094   .1357728     9.43   0.000     1.012986    1.547201
------------------------------------------------------------------------------
Underidentification test (Kleibergen-Paap rk LM statistic):             71.188
                                                   Chi-sq(3) P-val =    0.0000
------------------------------------------------------------------------------
Weak identification test (Cragg-Donald Wald F statistic):              958.428
                         (Kleibergen-Paap rk Wald F statistic):         45.270
Stock-Yogo weak ID test critical values:  5% maximal IV relative bias    13.91
                                         10% maximal IV relative bias     9.08
                                         20% maximal IV relative bias     6.46
                                         30% maximal IV relative bias     5.39
                                         10% maximal IV size             22.30
                                         15% maximal IV size             12.83
                                         20% maximal IV size              9.54
                                         25% maximal IV size              7.80
Source: Stock-Yogo (2005).  Reproduced by permission.
NB: Critical values are for Cragg-Donald F statistic and i.i.d. errors.
------------------------------------------------------------------------------
Hansen J statistic (overidentification test of all instruments):         4.054
                                                   Chi-sq(2) P-val =    0.1317
------------------------------------------------------------------------------
Instrumented:         Ker5_w1
Excluded instruments: Z_pel Z_tbbm Z_tpi
Partialled-out:       _cons
                      nb: total SS, model F and R2s are after partialling-out;
                          any small-sample adjustments include partialled-out
                          variables in regressor count K
------------------------------------------------------------------------------

Absorbed degrees of freedom:
-----------------------------------------------------+
 Absorbed FE | Categories  - Redundant  = Num. Coefs |
-------------+---------------------------------------|
         kab |       325         325           0    *|
-----------------------------------------------------+
* = FE nested within cluster; treated as redundant for DoF computation
(output written to /Users/athamawardi/Desktop/Research-Projects/PSE_Pertamina/Output/tsls/tables/V1_M1_iv_homog_COAST_Wbasic_z_IVH_NONE.rtf)
(2 missing values generated)
(2 missing values generated)
(2 missing values generated)
(2 missing values generated)
(0 real changes made)
(variable iddesa was str10, now str32 to accommodate using data's values)
file /var/folders/97/_t7418h90z7_plcs1h17z0vh0000gn/T//S_70602.000001 saved as .dta format
-> Ker5 M1 Homog IV v1: Wbasic_z (COAST) [ IVH_EDU_NB ]
(dropped 2 singleton observations)
(MWFE estimator converged in 1 iterations)

IV (2SLS) estimation
--------------------

Estimates efficient for homoskedasticity only
Statistics robust to heteroskedasticity and clustering on kab

Number of clusters (kab) =         325                Number of obs =    12966
                                                      F(  1,   324) =    22.10
                                                      Prob > F      =   0.0000
Total (centered) SS     =  2322.380031                Centered R2   =  -0.0345
Total (uncentered) SS   =  2322.380031                Uncentered R2 =  -0.0345
Residual SS             =  2402.451686                Root MSE      =    .4308

------------------------------------------------------------------------------
             |               Robust
    Wbasic_z | Coefficient  std. err.      t    P>|t|     [95% conf. interval]
-------------+----------------------------------------------------------------
     Ker5_w1 |   .5307862   .1128974     4.70   0.000     .3086818    .7528907
------------------------------------------------------------------------------
Underidentification test (Kleibergen-Paap rk LM statistic):             55.515
                                                   Chi-sq(3) P-val =    0.0000
------------------------------------------------------------------------------
Weak identification test (Cragg-Donald Wald F statistic):              500.097
                         (Kleibergen-Paap rk Wald F statistic):         35.253
Stock-Yogo weak ID test critical values:  5% maximal IV relative bias    13.91
                                         10% maximal IV relative bias     9.08
                                         20% maximal IV relative bias     6.46
                                         30% maximal IV relative bias     5.39
                                         10% maximal IV size             22.30
                                         15% maximal IV size             12.83
                                         20% maximal IV size              9.54
                                         25% maximal IV size              7.80
Source: Stock-Yogo (2005).  Reproduced by permission.
NB: Critical values are for Cragg-Donald F statistic and i.i.d. errors.
------------------------------------------------------------------------------
Hansen J statistic (overidentification test of all instruments):         0.787
                                                   Chi-sq(2) P-val =    0.6746
------------------------------------------------------------------------------
Instrumented:         Ker5_w1
Excluded instruments: Z_pel Z_tbbm Z_tpi
Partialled-out:       r701ak3_b r701ak4_b r701bk3_b r701bk4_b r701ck4_b
                      r701dk2_b r701dk3_b r701dk4_b r701ek4_b r701fk4_b
                      r701gk4_b r701hk4_b r701ik4_b r701jk4_b r701kk4_b
                      r701ok3_b r701qk3_b _cons
                      nb: total SS, model F and R2s are after partialling-out;
                          any small-sample adjustments include partialled-out
                          variables in regressor count K
------------------------------------------------------------------------------

Absorbed degrees of freedom:
-----------------------------------------------------+
 Absorbed FE | Categories  - Redundant  = Num. Coefs |
-------------+---------------------------------------|
         kab |       325         325           0    *|
-----------------------------------------------------+
* = FE nested within cluster; treated as redundant for DoF computation
(output written to /Users/athamawardi/Desktop/Research-Projects/PSE_Pertamina/Output/tsls/tables/V1_M1_iv_homog_COAST_Wbasic_z_IVH_EDU_NB.rtf)
(2 missing values generated)
(2 missing values generated)
(2 missing values generated)
(2 missing values generated)
(0 real changes made)
(variable iddesa was str10, now str32 to accommodate using data's values)
file /var/folders/97/_t7418h90z7_plcs1h17z0vh0000gn/T//S_70602.000001 saved as .dta format
-> Ker5 M1 Homog IV v1: Wbasic_z (COAST) [ IVH_HLTH_NB ]
(dropped 2 singleton observations)
Warning - collinearities detected
Vars dropped:       r711ck4_b r711ek3_b r711ek4_b r711fk4_b r711jk4_b
(MWFE estimator converged in 1 iterations)

IV (2SLS) estimation
--------------------

Estimates efficient for homoskedasticity only
Statistics robust to heteroskedasticity and clustering on kab

Number of clusters (kab) =         325                Number of obs =    12966
                                                      F(  1,   324) =    88.05
                                                      Prob > F      =   0.0000
Total (centered) SS     =  2851.225948                Centered R2   =  -0.1608
Total (uncentered) SS   =  2851.225948                Uncentered R2 =  -0.1608
Residual SS             =  3309.791473                Root MSE      =    .5056

------------------------------------------------------------------------------
             |               Robust
    Wbasic_z | Coefficient  std. err.      t    P>|t|     [95% conf. interval]
-------------+----------------------------------------------------------------
     Ker5_w1 |   1.272993   .1356659     9.38   0.000     1.006096     1.53989
------------------------------------------------------------------------------
Underidentification test (Kleibergen-Paap rk LM statistic):             70.580
                                                   Chi-sq(3) P-val =    0.0000
------------------------------------------------------------------------------
Weak identification test (Cragg-Donald Wald F statistic):              948.615
                         (Kleibergen-Paap rk Wald F statistic):         44.870
Stock-Yogo weak ID test critical values:  5% maximal IV relative bias    13.91
                                         10% maximal IV relative bias     9.08
                                         20% maximal IV relative bias     6.46
                                         30% maximal IV relative bias     5.39
                                         10% maximal IV size             22.30
                                         15% maximal IV size             12.83
                                         20% maximal IV size              9.54
                                         25% maximal IV size              7.80
Source: Stock-Yogo (2005).  Reproduced by permission.
NB: Critical values are for Cragg-Donald F statistic and i.i.d. errors.
------------------------------------------------------------------------------
Hansen J statistic (overidentification test of all instruments):         3.828
                                                   Chi-sq(2) P-val =    0.1475
------------------------------------------------------------------------------
Instrumented:         Ker5_w1
Excluded instruments: Z_pel Z_tbbm Z_tpi
Partialled-out:       r711ak3_b r711ak4_b r711bk3_b r711bk4_b r711ck3_b
                      r711dk3_b r711dk4_b r711fk3_b r711gk3_b r711gk4_b
                      r711hk3_b r711hk4_b r711ik3_b r711ik4_b r711jk3_b _cons
                      nb: total SS, model F and R2s are after partialling-out;
                          any small-sample adjustments include partialled-out
                          variables in regressor count K
Dropped collinear:    r711ck4_b r711ek3_b r711ek4_b r711fk4_b r711jk4_b
------------------------------------------------------------------------------

Absorbed degrees of freedom:
-----------------------------------------------------+
 Absorbed FE | Categories  - Redundant  = Num. Coefs |
-------------+---------------------------------------|
         kab |       325         325           0    *|
-----------------------------------------------------+
* = FE nested within cluster; treated as redundant for DoF computation
(output written to /Users/athamawardi/Desktop/Research-Projects/PSE_Pertamina/Output/tsls/tables/V1_M1_iv_homog_COAST_Wbasic_z_IVH_HLTH_NB.rtf)
(2 missing values generated)
(2 missing values generated)
(2 missing values generated)
(2 missing values generated)
(0 real changes made)
(variable iddesa was str10, now str32 to accommodate using data's values)
file /var/folders/97/_t7418h90z7_plcs1h17z0vh0000gn/T//S_70602.000001 saved as .dta format
-> Ker5 M1 Homog IV v1: Wbasic_z (COAST) [ IVH_UTIL_NB ]
(dropped 2 singleton observations)
(MWFE estimator converged in 1 iterations)

IV (2SLS) estimation
--------------------

Estimates efficient for homoskedasticity only
Statistics robust to heteroskedasticity and clustering on kab

Number of clusters (kab) =         325                Number of obs =    12966
                                                      F(  1,   324) =    89.45
                                                      Prob > F      =   0.0000
Total (centered) SS     =  2861.793439                Centered R2   =  -0.1590
Total (uncentered) SS   =  2861.793439                Uncentered R2 =  -0.1590
Residual SS             =  3316.712977                Root MSE      =    .5059

------------------------------------------------------------------------------
             |               Robust
    Wbasic_z | Coefficient  std. err.      t    P>|t|     [95% conf. interval]
-------------+----------------------------------------------------------------
     Ker5_w1 |   1.278562   .1351867     9.46   0.000     1.012607    1.544516
------------------------------------------------------------------------------
Underidentification test (Kleibergen-Paap rk LM statistic):             71.204
                                                   Chi-sq(3) P-val =    0.0000
------------------------------------------------------------------------------
Weak identification test (Cragg-Donald Wald F statistic):              959.355
                         (Kleibergen-Paap rk Wald F statistic):         45.299
Stock-Yogo weak ID test critical values:  5% maximal IV relative bias    13.91
                                         10% maximal IV relative bias     9.08
                                         20% maximal IV relative bias     6.46
                                         30% maximal IV relative bias     5.39
                                         10% maximal IV size             22.30
                                         15% maximal IV size             12.83
                                         20% maximal IV size              9.54
                                         25% maximal IV size              7.80
Source: Stock-Yogo (2005).  Reproduced by permission.
NB: Critical values are for Cragg-Donald F statistic and i.i.d. errors.
------------------------------------------------------------------------------
Hansen J statistic (overidentification test of all instruments):         3.740
                                                   Chi-sq(2) P-val =    0.1541
------------------------------------------------------------------------------
Instrumented:         Ker5_w1
Excluded instruments: Z_pel Z_tbbm Z_tpi
Partialled-out:       r509c1_b r509c2_b r509c3_b _cons
                      nb: total SS, model F and R2s are after partialling-out;
                          any small-sample adjustments include partialled-out
                          variables in regressor count K
------------------------------------------------------------------------------

Absorbed degrees of freedom:
-----------------------------------------------------+
 Absorbed FE | Categories  - Redundant  = Num. Coefs |
-------------+---------------------------------------|
         kab |       325         325           0    *|
-----------------------------------------------------+
* = FE nested within cluster; treated as redundant for DoF computation
(output written to /Users/athamawardi/Desktop/Research-Projects/PSE_Pertamina/Output/tsls/tables/V1_M1_iv_homog_COAST_Wbasic_z_IVH_UTIL_NB.rtf)
(2 missing values generated)
(2 missing values generated)
(2 missing values generated)
(2 missing values generated)
(0 real changes made)
(variable iddesa was str10, now str32 to accommodate using data's values)
file /var/folders/97/_t7418h90z7_plcs1h17z0vh0000gn/T//S_70602.000001 saved as .dta format
-> Ker5 M1 Homog IV v1: lnpov_z (COAST) [ IVH_EDU ]
(dropped 2 singleton observations)
Warning - collinearities detected
Vars dropped:       4.r309d_c 2.r309e_c 5.r403c1_c 4.r403c2_c
(MWFE estimator converged in 1 iterations)

IV (2SLS) estimation
--------------------

Estimates efficient for homoskedasticity only
Statistics robust to heteroskedasticity and clustering on kab

Number of clusters (kab) =         325                Number of obs =    12966
                                                      F(  1,   324) =     4.83
                                                      Prob > F      =   0.0287
Total (centered) SS     =  5221.537848                Centered R2   =  -0.0100
Total (uncentered) SS   =  5221.537848                Uncentered R2 =  -0.0100
Residual SS             =  5273.991429                Root MSE      =     .639

------------------------------------------------------------------------------
             |               Robust
     lnpov_z | Coefficient  std. err.      t    P>|t|     [95% conf. interval]
-------------+----------------------------------------------------------------
     Ker5_w1 |  -.4596082   .2091196    -2.20   0.029    -.8710117   -.0482046
------------------------------------------------------------------------------
Underidentification test (Kleibergen-Paap rk LM statistic):             54.383
                                                   Chi-sq(3) P-val =    0.0000
------------------------------------------------------------------------------
Weak identification test (Cragg-Donald Wald F statistic):              459.767
                         (Kleibergen-Paap rk Wald F statistic):         33.497
Stock-Yogo weak ID test critical values:  5% maximal IV relative bias    13.91
                                         10% maximal IV relative bias     9.08
                                         20% maximal IV relative bias     6.46
                                         30% maximal IV relative bias     5.39
                                         10% maximal IV size             22.30
                                         15% maximal IV size             12.83
                                         20% maximal IV size              9.54
                                         25% maximal IV size              7.80
Source: Stock-Yogo (2005).  Reproduced by permission.
NB: Critical values are for Cragg-Donald F statistic and i.i.d. errors.
------------------------------------------------------------------------------
Hansen J statistic (overidentification test of all instruments):         0.438
                                                   Chi-sq(2) P-val =    0.8033
------------------------------------------------------------------------------
Instrumented:         Ker5_w1
Excluded instruments: Z_pel Z_tbbm Z_tpi
Partialled-out:       2.r308b1d_c 2.r308b1e_c 2.r309a_c 3.r309a_c 1.r309b_c
                      2.r309b_c 3.r309b_c 1.r309d_c 2.r309d_c 3.r309d_c
                      1.r309e_c 2.r310_c 2.r403a_c 3.r403a_c 4.r403a_c 6.r403a_c
                      7.r403a_c 8.r403a_c 9.r403a_c 14.r403a_c 15.r403a_c
                      16.r403a_c 17.r403a_c 19.r403a_c 99.r403a_c 1.r403c1_c
                      2.r403c1_c 3.r403c1_c 4.r403c1_c 1.r403c2_c 2.r403c2_c
                      3.r403c2_c r701ak3_b r701ak4_b r701bk3_b r701bk4_b
                      r701ck4_b r701dk2_b r701dk3_b r701dk4_b r701ek4_b
                      r701fk4_b r701gk4_b r701hk4_b r701ik4_b r701jk4_b
                      r701kk4_b r701ok3_b r701qk3_b _cons
                      nb: total SS, model F and R2s are after partialling-out;
                          any small-sample adjustments include partialled-out
                          variables in regressor count K
Dropped collinear:    4.r309d_c 2.r309e_c 5.r403c1_c 4.r403c2_c
------------------------------------------------------------------------------

Absorbed degrees of freedom:
-----------------------------------------------------+
 Absorbed FE | Categories  - Redundant  = Num. Coefs |
-------------+---------------------------------------|
         kab |       325         325           0    *|
-----------------------------------------------------+
* = FE nested within cluster; treated as redundant for DoF computation
(output written to /Users/athamawardi/Desktop/Research-Projects/PSE_Pertamina/Output/tsls/tables/V1_M1_iv_homog_COAST_lnpov_z_IVH_EDU.rtf)
(2 missing values generated)
(2 missing values generated)
(2 missing values generated)
(2 missing values generated)
(0 real changes made)
(variable iddesa was str10, now str32 to accommodate using data's values)
file /var/folders/97/_t7418h90z7_plcs1h17z0vh0000gn/T//S_70602.000001 saved as .dta format
-> Ker5 M1 Homog IV v1: lnpov_z (COAST) [ IVH_HLTH ]
(dropped 2 singleton observations)
Warning - collinearities detected
Vars dropped:       4.r309d_c 2.r309e_c 5.r403c1_c 4.r403c2_c r711ck4_b
                    r711ek3_b r711ek4_b r711fk4_b r711jk4_b
(MWFE estimator converged in 1 iterations)

IV (2SLS) estimation
--------------------

Estimates efficient for homoskedasticity only
Statistics robust to heteroskedasticity and clustering on kab

Number of clusters (kab) =         325                Number of obs =    12966
                                                      F(  1,   324) =    43.52
                                                      Prob > F      =   0.0000
Total (centered) SS     =   6104.03432                Centered R2   =  -0.0981
Total (uncentered) SS   =   6104.03432                Uncentered R2 =  -0.0981
Residual SS             =  6703.118421                Root MSE      =    .7204

------------------------------------------------------------------------------
             |               Robust
     lnpov_z | Coefficient  std. err.      t    P>|t|     [95% conf. interval]
-------------+----------------------------------------------------------------
     Ker5_w1 |  -1.361535   .2063902    -6.60   0.000    -1.767569   -.9555007
------------------------------------------------------------------------------
Underidentification test (Kleibergen-Paap rk LM statistic):             70.703
                                                   Chi-sq(3) P-val =    0.0000
------------------------------------------------------------------------------
Weak identification test (Cragg-Donald Wald F statistic):              729.943
                         (Kleibergen-Paap rk Wald F statistic):         41.972
Stock-Yogo weak ID test critical values:  5% maximal IV relative bias    13.91
                                         10% maximal IV relative bias     9.08
                                         20% maximal IV relative bias     6.46
                                         30% maximal IV relative bias     5.39
                                         10% maximal IV size             22.30
                                         15% maximal IV size             12.83
                                         20% maximal IV size              9.54
                                         25% maximal IV size              7.80
Source: Stock-Yogo (2005).  Reproduced by permission.
NB: Critical values are for Cragg-Donald F statistic and i.i.d. errors.
------------------------------------------------------------------------------
Hansen J statistic (overidentification test of all instruments):         2.991
                                                   Chi-sq(2) P-val =    0.2241
------------------------------------------------------------------------------
Instrumented:         Ker5_w1
Excluded instruments: Z_pel Z_tbbm Z_tpi
Partialled-out:       2.r308b1d_c 2.r308b1e_c 2.r309a_c 3.r309a_c 1.r309b_c
                      2.r309b_c 3.r309b_c 1.r309d_c 2.r309d_c 3.r309d_c
                      1.r309e_c 2.r310_c 2.r403a_c 3.r403a_c 4.r403a_c 6.r403a_c
                      7.r403a_c 8.r403a_c 9.r403a_c 14.r403a_c 15.r403a_c
                      16.r403a_c 17.r403a_c 19.r403a_c 99.r403a_c 1.r403c1_c
                      2.r403c1_c 3.r403c1_c 4.r403c1_c 1.r403c2_c 2.r403c2_c
                      3.r403c2_c r711ak3_b r711ak4_b r711bk3_b r711bk4_b
                      r711ck3_b r711dk3_b r711dk4_b r711fk3_b r711gk3_b
                      r711gk4_b r711hk3_b r711hk4_b r711ik3_b r711ik4_b
                      r711jk3_b _cons
                      nb: total SS, model F and R2s are after partialling-out;
                          any small-sample adjustments include partialled-out
                          variables in regressor count K
Dropped collinear:    4.r309d_c 2.r309e_c 5.r403c1_c 4.r403c2_c r711ck4_b
                      r711ek3_b r711ek4_b r711fk4_b r711jk4_b
------------------------------------------------------------------------------

Absorbed degrees of freedom:
-----------------------------------------------------+
 Absorbed FE | Categories  - Redundant  = Num. Coefs |
-------------+---------------------------------------|
         kab |       325         325           0    *|
-----------------------------------------------------+
* = FE nested within cluster; treated as redundant for DoF computation
(output written to /Users/athamawardi/Desktop/Research-Projects/PSE_Pertamina/Output/tsls/tables/V1_M1_iv_homog_COAST_lnpov_z_IVH_HLTH.rtf)
(2 missing values generated)
(2 missing values generated)
(2 missing values generated)
(2 missing values generated)
(0 real changes made)
(variable iddesa was str10, now str32 to accommodate using data's values)
file /var/folders/97/_t7418h90z7_plcs1h17z0vh0000gn/T//S_70602.000001 saved as .dta format
-> Ker5 M1 Homog IV v1: lnpov_z (COAST) [ IVH_UTIL ]
(dropped 2 singleton observations)
Warning - collinearities detected
Vars dropped:       4.r309d_c 2.r309e_c 5.r403c1_c 4.r403c2_c
(MWFE estimator converged in 1 iterations)

IV (2SLS) estimation
--------------------

Estimates efficient for homoskedasticity only
Statistics robust to heteroskedasticity and clustering on kab

Number of clusters (kab) =         325                Number of obs =    12966
                                                      F(  1,   324) =    45.01
                                                      Prob > F      =   0.0000
Total (centered) SS     =   6127.63561                Centered R2   =  -0.0969
Total (uncentered) SS   =   6127.63561                Uncentered R2 =  -0.0969
Residual SS             =  6721.696181                Root MSE      =     .721

------------------------------------------------------------------------------
             |               Robust
     lnpov_z | Coefficient  std. err.      t    P>|t|     [95% conf. interval]
-------------+----------------------------------------------------------------
     Ker5_w1 |  -1.365238    .203492    -6.71   0.000     -1.76557   -.9649052
------------------------------------------------------------------------------
Underidentification test (Kleibergen-Paap rk LM statistic):             71.557
                                                   Chi-sq(3) P-val =    0.0000
------------------------------------------------------------------------------
Weak identification test (Cragg-Donald Wald F statistic):              736.826
                         (Kleibergen-Paap rk Wald F statistic):         42.444
Stock-Yogo weak ID test critical values:  5% maximal IV relative bias    13.91
                                         10% maximal IV relative bias     9.08
                                         20% maximal IV relative bias     6.46
                                         30% maximal IV relative bias     5.39
                                         10% maximal IV size             22.30
                                         15% maximal IV size             12.83
                                         20% maximal IV size              9.54
                                         25% maximal IV size              7.80
Source: Stock-Yogo (2005).  Reproduced by permission.
NB: Critical values are for Cragg-Donald F statistic and i.i.d. errors.
------------------------------------------------------------------------------
Hansen J statistic (overidentification test of all instruments):         2.983
                                                   Chi-sq(2) P-val =    0.2250
------------------------------------------------------------------------------
Instrumented:         Ker5_w1
Excluded instruments: Z_pel Z_tbbm Z_tpi
Partialled-out:       2.r308b1d_c 2.r308b1e_c 2.r309a_c 3.r309a_c 1.r309b_c
                      2.r309b_c 3.r309b_c 1.r309d_c 2.r309d_c 3.r309d_c
                      1.r309e_c 2.r310_c 2.r403a_c 3.r403a_c 4.r403a_c 6.r403a_c
                      7.r403a_c 8.r403a_c 9.r403a_c 14.r403a_c 15.r403a_c
                      16.r403a_c 17.r403a_c 19.r403a_c 99.r403a_c 1.r403c1_c
                      2.r403c1_c 3.r403c1_c 4.r403c1_c 1.r403c2_c 2.r403c2_c
                      3.r403c2_c r509c1_b r509c2_b r509c3_b _cons
                      nb: total SS, model F and R2s are after partialling-out;
                          any small-sample adjustments include partialled-out
                          variables in regressor count K
Dropped collinear:    4.r309d_c 2.r309e_c 5.r403c1_c 4.r403c2_c
------------------------------------------------------------------------------

Absorbed degrees of freedom:
-----------------------------------------------------+
 Absorbed FE | Categories  - Redundant  = Num. Coefs |
-------------+---------------------------------------|
         kab |       325         325           0    *|
-----------------------------------------------------+
* = FE nested within cluster; treated as redundant for DoF computation
(output written to /Users/athamawardi/Desktop/Research-Projects/PSE_Pertamina/Output/tsls/tables/V1_M1_iv_homog_COAST_lnpov_z_IVH_UTIL.rtf)
(2 missing values generated)
(2 missing values generated)
(2 missing values generated)
(2 missing values generated)
(0 real changes made)
(variable iddesa was str10, now str32 to accommodate using data's values)
file /var/folders/97/_t7418h90z7_plcs1h17z0vh0000gn/T//S_70602.000001 saved as .dta format
-> Ker5 M1 Homog IV v1: lnpov_z (COAST) [ IVH_BASE ]
(dropped 2 singleton observations)
Warning - collinearities detected
Vars dropped:       4.r309d_c 2.r309e_c 5.r403c1_c 4.r403c2_c
(MWFE estimator converged in 1 iterations)

IV (2SLS) estimation
--------------------

Estimates efficient for homoskedasticity only
Statistics robust to heteroskedasticity and clustering on kab

Number of clusters (kab) =         325                Number of obs =    12966
                                                      F(  1,   324) =    44.80
                                                      Prob > F      =   0.0000
Total (centered) SS     =  6130.448504                Centered R2   =  -0.0975
Total (uncentered) SS   =  6130.448504                Uncentered R2 =  -0.0975
Residual SS             =  6727.982896                Root MSE      =    .7213

------------------------------------------------------------------------------
             |               Robust
     lnpov_z | Coefficient  std. err.      t    P>|t|     [95% conf. interval]
-------------+----------------------------------------------------------------
     Ker5_w1 |  -1.365002   .2039416    -6.69   0.000    -1.766219   -.9637849
------------------------------------------------------------------------------
Underidentification test (Kleibergen-Paap rk LM statistic):             71.450
                                                   Chi-sq(3) P-val =    0.0000
------------------------------------------------------------------------------
Weak identification test (Cragg-Donald Wald F statistic):              736.519
                         (Kleibergen-Paap rk Wald F statistic):         42.395
Stock-Yogo weak ID test critical values:  5% maximal IV relative bias    13.91
                                         10% maximal IV relative bias     9.08
                                         20% maximal IV relative bias     6.46
                                         30% maximal IV relative bias     5.39
                                         10% maximal IV size             22.30
                                         15% maximal IV size             12.83
                                         20% maximal IV size              9.54
                                         25% maximal IV size              7.80
Source: Stock-Yogo (2005).  Reproduced by permission.
NB: Critical values are for Cragg-Donald F statistic and i.i.d. errors.
------------------------------------------------------------------------------
Hansen J statistic (overidentification test of all instruments):         3.148
                                                   Chi-sq(2) P-val =    0.2072
------------------------------------------------------------------------------
Instrumented:         Ker5_w1
Excluded instruments: Z_pel Z_tbbm Z_tpi
Partialled-out:       2.r308b1d_c 2.r308b1e_c 2.r309a_c 3.r309a_c 1.r309b_c
                      2.r309b_c 3.r309b_c 1.r309d_c 2.r309d_c 3.r309d_c
                      1.r309e_c 2.r310_c 2.r403a_c 3.r403a_c 4.r403a_c 6.r403a_c
                      7.r403a_c 8.r403a_c 9.r403a_c 14.r403a_c 15.r403a_c
                      16.r403a_c 17.r403a_c 19.r403a_c 99.r403a_c 1.r403c1_c
                      2.r403c1_c 3.r403c1_c 4.r403c1_c 1.r403c2_c 2.r403c2_c
                      3.r403c2_c _cons
                      nb: total SS, model F and R2s are after partialling-out;
                          any small-sample adjustments include partialled-out
                          variables in regressor count K
Dropped collinear:    4.r309d_c 2.r309e_c 5.r403c1_c 4.r403c2_c
------------------------------------------------------------------------------

Absorbed degrees of freedom:
-----------------------------------------------------+
 Absorbed FE | Categories  - Redundant  = Num. Coefs |
-------------+---------------------------------------|
         kab |       325         325           0    *|
-----------------------------------------------------+
* = FE nested within cluster; treated as redundant for DoF computation
(output written to /Users/athamawardi/Desktop/Research-Projects/PSE_Pertamina/Output/tsls/tables/V1_M1_iv_homog_COAST_lnpov_z_IVH_BASE.rtf)
(2 missing values generated)
(2 missing values generated)
(2 missing values generated)
(2 missing values generated)
(0 real changes made)
(variable iddesa was str10, now str32 to accommodate using data's values)
file /var/folders/97/_t7418h90z7_plcs1h17z0vh0000gn/T//S_70602.000001 saved as .dta format
-> Ker5 M1 Homog IV v1: lnpov_z (COAST) [ IVH_NONE ]
(dropped 2 singleton observations)
(MWFE estimator converged in 1 iterations)

IV (2SLS) estimation
--------------------

Estimates efficient for homoskedasticity only
Statistics robust to heteroskedasticity and clustering on kab

Number of clusters (kab) =         325                Number of obs =    12966
                                                      F(  1,   324) =    64.17
                                                      Prob > F      =   0.0000
Total (centered) SS     =  6452.095794                Centered R2   =  -0.1099
Total (uncentered) SS   =  6452.095794                Uncentered R2 =  -0.1099
Residual SS             =  7161.324527                Root MSE      =    .7432

------------------------------------------------------------------------------
             |               Robust
     lnpov_z | Coefficient  std. err.      t    P>|t|     [95% conf. interval]
-------------+----------------------------------------------------------------
     Ker5_w1 |  -1.570432   .1960441    -8.01   0.000    -1.956112   -1.184752
------------------------------------------------------------------------------
Underidentification test (Kleibergen-Paap rk LM statistic):             71.188
                                                   Chi-sq(3) P-val =    0.0000
------------------------------------------------------------------------------
Weak identification test (Cragg-Donald Wald F statistic):              958.428
                         (Kleibergen-Paap rk Wald F statistic):         45.270
Stock-Yogo weak ID test critical values:  5% maximal IV relative bias    13.91
                                         10% maximal IV relative bias     9.08
                                         20% maximal IV relative bias     6.46
                                         30% maximal IV relative bias     5.39
                                         10% maximal IV size             22.30
                                         15% maximal IV size             12.83
                                         20% maximal IV size              9.54
                                         25% maximal IV size              7.80
Source: Stock-Yogo (2005).  Reproduced by permission.
NB: Critical values are for Cragg-Donald F statistic and i.i.d. errors.
------------------------------------------------------------------------------
Hansen J statistic (overidentification test of all instruments):         3.220
                                                   Chi-sq(2) P-val =    0.1999
------------------------------------------------------------------------------
Instrumented:         Ker5_w1
Excluded instruments: Z_pel Z_tbbm Z_tpi
Partialled-out:       _cons
                      nb: total SS, model F and R2s are after partialling-out;
                          any small-sample adjustments include partialled-out
                          variables in regressor count K
------------------------------------------------------------------------------

Absorbed degrees of freedom:
-----------------------------------------------------+
 Absorbed FE | Categories  - Redundant  = Num. Coefs |
-------------+---------------------------------------|
         kab |       325         325           0    *|
-----------------------------------------------------+
* = FE nested within cluster; treated as redundant for DoF computation
(output written to /Users/athamawardi/Desktop/Research-Projects/PSE_Pertamina/Output/tsls/tables/V1_M1_iv_homog_COAST_lnpov_z_IVH_NONE.rtf)
(2 missing values generated)
(2 missing values generated)
(2 missing values generated)
(2 missing values generated)
(0 real changes made)
(variable iddesa was str10, now str32 to accommodate using data's values)
file /var/folders/97/_t7418h90z7_plcs1h17z0vh0000gn/T//S_70602.000001 saved as .dta format
-> Ker5 M1 Homog IV v1: lnpov_z (COAST) [ IVH_EDU_NB ]
(dropped 2 singleton observations)
(MWFE estimator converged in 1 iterations)

IV (2SLS) estimation
--------------------

Estimates efficient for homoskedasticity only
Statistics robust to heteroskedasticity and clustering on kab

Number of clusters (kab) =         325                Number of obs =    12966
                                                      F(  1,   324) =     5.21
                                                      Prob > F      =   0.0231
Total (centered) SS     =  5261.923519                Centered R2   =  -0.0095
Total (uncentered) SS   =  5261.923519                Uncentered R2 =  -0.0095
Residual SS             =  5311.894029                Root MSE      =    .6405

------------------------------------------------------------------------------
             |               Robust
     lnpov_z | Coefficient  std. err.      t    P>|t|     [95% conf. interval]
-------------+----------------------------------------------------------------
     Ker5_w1 |  -.4604546   .2016885    -2.28   0.023    -.8572389   -.0636702
------------------------------------------------------------------------------
Underidentification test (Kleibergen-Paap rk LM statistic):             55.515
                                                   Chi-sq(3) P-val =    0.0000
------------------------------------------------------------------------------
Weak identification test (Cragg-Donald Wald F statistic):              500.097
                         (Kleibergen-Paap rk Wald F statistic):         35.253
Stock-Yogo weak ID test critical values:  5% maximal IV relative bias    13.91
                                         10% maximal IV relative bias     9.08
                                         20% maximal IV relative bias     6.46
                                         30% maximal IV relative bias     5.39
                                         10% maximal IV size             22.30
                                         15% maximal IV size             12.83
                                         20% maximal IV size              9.54
                                         25% maximal IV size              7.80
Source: Stock-Yogo (2005).  Reproduced by permission.
NB: Critical values are for Cragg-Donald F statistic and i.i.d. errors.
------------------------------------------------------------------------------
Hansen J statistic (overidentification test of all instruments):         0.504
                                                   Chi-sq(2) P-val =    0.7771
------------------------------------------------------------------------------
Instrumented:         Ker5_w1
Excluded instruments: Z_pel Z_tbbm Z_tpi
Partialled-out:       r701ak3_b r701ak4_b r701bk3_b r701bk4_b r701ck4_b
                      r701dk2_b r701dk3_b r701dk4_b r701ek4_b r701fk4_b
                      r701gk4_b r701hk4_b r701ik4_b r701jk4_b r701kk4_b
                      r701ok3_b r701qk3_b _cons
                      nb: total SS, model F and R2s are after partialling-out;
                          any small-sample adjustments include partialled-out
                          variables in regressor count K
------------------------------------------------------------------------------

Absorbed degrees of freedom:
-----------------------------------------------------+
 Absorbed FE | Categories  - Redundant  = Num. Coefs |
-------------+---------------------------------------|
         kab |       325         325           0    *|
-----------------------------------------------------+
* = FE nested within cluster; treated as redundant for DoF computation
(output written to /Users/athamawardi/Desktop/Research-Projects/PSE_Pertamina/Output/tsls/tables/V1_M1_iv_homog_COAST_lnpov_z_IVH_EDU_NB.rtf)
(2 missing values generated)
(2 missing values generated)
(2 missing values generated)
(2 missing values generated)
(0 real changes made)
(variable iddesa was str10, now str32 to accommodate using data's values)
file /var/folders/97/_t7418h90z7_plcs1h17z0vh0000gn/T//S_70602.000001 saved as .dta format
-> Ker5 M1 Homog IV v1: lnpov_z (COAST) [ IVH_HLTH_NB ]
(dropped 2 singleton observations)
Warning - collinearities detected
Vars dropped:       r711ck4_b r711ek3_b r711ek4_b r711fk4_b r711jk4_b
(MWFE estimator converged in 1 iterations)

IV (2SLS) estimation
--------------------

Estimates efficient for homoskedasticity only
Statistics robust to heteroskedasticity and clustering on kab

Number of clusters (kab) =         325                Number of obs =    12966
                                                      F(  1,   324) =    62.77
                                                      Prob > F      =   0.0000
Total (centered) SS     =  6417.202456                Centered R2   =  -0.1105
Total (uncentered) SS   =  6417.202456                Uncentered R2 =  -0.1105
Residual SS             =  7126.459087                Root MSE      =    .7419

------------------------------------------------------------------------------
             |               Robust
     lnpov_z | Coefficient  std. err.      t    P>|t|     [95% conf. interval]
-------------+----------------------------------------------------------------
     Ker5_w1 |  -1.563024   .1972775    -7.92   0.000     -1.95113   -1.174917
------------------------------------------------------------------------------
Underidentification test (Kleibergen-Paap rk LM statistic):             70.580
                                                   Chi-sq(3) P-val =    0.0000
------------------------------------------------------------------------------
Weak identification test (Cragg-Donald Wald F statistic):              948.615
                         (Kleibergen-Paap rk Wald F statistic):         44.870
Stock-Yogo weak ID test critical values:  5% maximal IV relative bias    13.91
                                         10% maximal IV relative bias     9.08
                                         20% maximal IV relative bias     6.46
                                         30% maximal IV relative bias     5.39
                                         10% maximal IV size             22.30
                                         15% maximal IV size             12.83
                                         20% maximal IV size              9.54
                                         25% maximal IV size              7.80
Source: Stock-Yogo (2005).  Reproduced by permission.
NB: Critical values are for Cragg-Donald F statistic and i.i.d. errors.
------------------------------------------------------------------------------
Hansen J statistic (overidentification test of all instruments):         3.047
                                                   Chi-sq(2) P-val =    0.2179
------------------------------------------------------------------------------
Instrumented:         Ker5_w1
Excluded instruments: Z_pel Z_tbbm Z_tpi
Partialled-out:       r711ak3_b r711ak4_b r711bk3_b r711bk4_b r711ck3_b
                      r711dk3_b r711dk4_b r711fk3_b r711gk3_b r711gk4_b
                      r711hk3_b r711hk4_b r711ik3_b r711ik4_b r711jk3_b _cons
                      nb: total SS, model F and R2s are after partialling-out;
                          any small-sample adjustments include partialled-out
                          variables in regressor count K
Dropped collinear:    r711ck4_b r711ek3_b r711ek4_b r711fk4_b r711jk4_b
------------------------------------------------------------------------------

Absorbed degrees of freedom:
-----------------------------------------------------+
 Absorbed FE | Categories  - Redundant  = Num. Coefs |
-------------+---------------------------------------|
         kab |       325         325           0    *|
-----------------------------------------------------+
* = FE nested within cluster; treated as redundant for DoF computation
(output written to /Users/athamawardi/Desktop/Research-Projects/PSE_Pertamina/Output/tsls/tables/V1_M1_iv_homog_COAST_lnpov_z_IVH_HLTH_NB.rtf)
(2 missing values generated)
(2 missing values generated)
(2 missing values generated)
(2 missing values generated)
(0 real changes made)
(variable iddesa was str10, now str32 to accommodate using data's values)
file /var/folders/97/_t7418h90z7_plcs1h17z0vh0000gn/T//S_70602.000001 saved as .dta format
-> Ker5 M1 Homog IV v1: lnpov_z (COAST) [ IVH_UTIL_NB ]
(dropped 2 singleton observations)
(MWFE estimator converged in 1 iterations)

IV (2SLS) estimation
--------------------

Estimates efficient for homoskedasticity only
Statistics robust to heteroskedasticity and clustering on kab

Number of clusters (kab) =         325                Number of obs =    12966
                                                      F(  1,   324) =    64.33
                                                      Prob > F      =   0.0000
Total (centered) SS     =   6447.43935                Centered R2   =  -0.1089
Total (uncentered) SS   =   6447.43935                Uncentered R2 =  -0.1089
Residual SS             =  7149.472439                Root MSE      =    .7427

------------------------------------------------------------------------------
             |               Robust
     lnpov_z | Coefficient  std. err.      t    P>|t|     [95% conf. interval]
-------------+----------------------------------------------------------------
     Ker5_w1 |  -1.568699   .1955893    -8.02   0.000    -1.953484   -1.183914
------------------------------------------------------------------------------
Underidentification test (Kleibergen-Paap rk LM statistic):             71.204
                                                   Chi-sq(3) P-val =    0.0000
------------------------------------------------------------------------------
Weak identification test (Cragg-Donald Wald F statistic):              959.355
                         (Kleibergen-Paap rk Wald F statistic):         45.299
Stock-Yogo weak ID test critical values:  5% maximal IV relative bias    13.91
                                         10% maximal IV relative bias     9.08
                                         20% maximal IV relative bias     6.46
                                         30% maximal IV relative bias     5.39
                                         10% maximal IV size             22.30
                                         15% maximal IV size             12.83
                                         20% maximal IV size              9.54
                                         25% maximal IV size              7.80
Source: Stock-Yogo (2005).  Reproduced by permission.
NB: Critical values are for Cragg-Donald F statistic and i.i.d. errors.
------------------------------------------------------------------------------
Hansen J statistic (overidentification test of all instruments):         3.042
                                                   Chi-sq(2) P-val =    0.2185
------------------------------------------------------------------------------
Instrumented:         Ker5_w1
Excluded instruments: Z_pel Z_tbbm Z_tpi
Partialled-out:       r509c1_b r509c2_b r509c3_b _cons
                      nb: total SS, model F and R2s are after partialling-out;
                          any small-sample adjustments include partialled-out
                          variables in regressor count K
------------------------------------------------------------------------------

Absorbed degrees of freedom:
-----------------------------------------------------+
 Absorbed FE | Categories  - Redundant  = Num. Coefs |
-------------+---------------------------------------|
         kab |       325         325           0    *|
-----------------------------------------------------+
* = FE nested within cluster; treated as redundant for DoF computation
(output written to /Users/athamawardi/Desktop/Research-Projects/PSE_Pertamina/Output/tsls/tables/V1_M1_iv_homog_COAST_lnpov_z_IVH_UTIL_NB.rtf)
(2 missing values generated)
(2 missing values generated)
(2 missing values generated)
(2 missing values generated)
(0 real changes made)
(variable iddesa was str10, now str32 to accommodate using data's values)
file /var/folders/97/_t7418h90z7_plcs1h17z0vh0000gn/T//S_70602.000001 saved as .dta format
. }

. 
. if $RUN_ALL == 0 {
.     _run_one_sample, dataset("$DATA_ALL") tag("ALL")
(0 real changes made)
(0 real changes made)
(0 observations deleted)
(0 observations deleted)

(0 observations deleted)
(0 observations deleted)

(0 observations deleted)
(0 observations deleted)

(0 observations deleted)
(0 observations deleted)

(0 observations deleted)
(0 observations deleted)

(0 observations deleted)
(0 observations deleted)

(0 observations deleted)
(0 observations deleted)

(0 observations deleted)
(0 observations deleted)
11
Recode rare levels in r403a_c (<=1 kab cluster) -> 99: 11
(1 changes made to r403a_c)
(0 observations deleted)
(0 observations deleted)

(0 observations deleted)
(0 observations deleted)

-> Ker5 V1 M0 First stage (ALL)
(file /Users/athamawardi/Desktop/Research-Projects/PSE_Pertamina/Output/tsls/tables/Ker5_V1_M0_firststage_ALL.rtf not found)
(output written to /Users/athamawardi/Desktop/Research-Projects/PSE_Pertamina/Output/tsls/tables/Ker5_V1_M0_firststage_ALL.rtf)
-> Ker5 M1 Homog IV v1: Wbasic_z (ALL) [ IVH_EDU ]
Warning - collinearities detected
Vars dropped:       2.r308b1e_c 4.r309d_c 2.r309e_c 5.r403c1_c 4.r403c2_c
(MWFE estimator converged in 1 iterations)

IV (2SLS) estimation
--------------------

Estimates efficient for homoskedasticity only
Statistics robust to heteroskedasticity and clustering on kab

Number of clusters (kab) =         514                Number of obs =    84276
                                                      F(  1,   513) =     6.60
                                                      Prob > F      =   0.0105
Total (centered) SS     =    13610.103                Centered R2   =  -0.0033
Total (uncentered) SS   =    13610.103                Uncentered R2 =  -0.0033
Residual SS             =   13654.7162                Root MSE      =    .4027

------------------------------------------------------------------------------
             |               Robust
    Wbasic_z | Coefficient  std. err.      t    P>|t|     [95% conf. interval]
-------------+----------------------------------------------------------------
     Ker5_w1 |   .1963529   .0764315     2.57   0.010     .0461957    .3465102
------------------------------------------------------------------------------
Underidentification test (Kleibergen-Paap rk LM statistic):             87.524
                                                   Chi-sq(3) P-val =    0.0000
------------------------------------------------------------------------------
Weak identification test (Cragg-Donald Wald F statistic):             5454.478
                         (Kleibergen-Paap rk Wald F statistic):         48.599
Stock-Yogo weak ID test critical values:  5% maximal IV relative bias    13.91
                                         10% maximal IV relative bias     9.08
                                         20% maximal IV relative bias     6.46
                                         30% maximal IV relative bias     5.39
                                         10% maximal IV size             22.30
                                         15% maximal IV size             12.83
                                         20% maximal IV size              9.54
                                         25% maximal IV size              7.80
Source: Stock-Yogo (2005).  Reproduced by permission.
NB: Critical values are for Cragg-Donald F statistic and i.i.d. errors.
------------------------------------------------------------------------------
Hansen J statistic (overidentification test of all instruments):         7.352
                                                   Chi-sq(2) P-val =    0.0253
------------------------------------------------------------------------------
Instrumented:         Ker5_w1
Excluded instruments: Z_pel Z_tbbm Z_tpi
Partialled-out:       1.r308b1d_c 2.r308b1d_c 1.r308b1e_c 2.r309a_c 3.r309a_c
                      1.r309b_c 2.r309b_c 3.r309b_c 1.r309d_c 2.r309d_c
                      3.r309d_c 1.r309e_c 2.r310_c 2.r403a_c 3.r403a_c 4.r403a_c
                      5.r403a_c 6.r403a_c 7.r403a_c 8.r403a_c 9.r403a_c
                      13.r403a_c 14.r403a_c 15.r403a_c 16.r403a_c 17.r403a_c
                      18.r403a_c 19.r403a_c 20.r403a_c 99.r403a_c 1.r403c1_c
                      2.r403c1_c 3.r403c1_c 4.r403c1_c 1.r403c2_c 2.r403c2_c
                      3.r403c2_c r701ak3_b r701ak4_b r701bk3_b r701bk4_b
                      r701ck4_b r701dk2_b r701dk3_b r701dk4_b r701ek4_b
                      r701fk4_b r701gk4_b r701hk4_b r701ik4_b r701jk4_b
                      r701kk4_b r701ok3_b r701pk3_b r701qk3_b _cons
                      nb: total SS, model F and R2s are after partialling-out;
                          any small-sample adjustments include partialled-out
                          variables in regressor count K
Dropped collinear:    2.r308b1e_c 4.r309d_c 2.r309e_c 5.r403c1_c 4.r403c2_c
------------------------------------------------------------------------------

Absorbed degrees of freedom:
-----------------------------------------------------+
 Absorbed FE | Categories  - Redundant  = Num. Coefs |
-------------+---------------------------------------|
         kab |       514         514           0    *|
-----------------------------------------------------+
* = FE nested within cluster; treated as redundant for DoF computation
(output written to /Users/athamawardi/Desktop/Research-Projects/PSE_Pertamina/Output/tsls/tables/V1_M1_iv_homog_ALL_Wbasic_z_IVH_EDU.rtf)
(0 real changes made)
(variable iddesa was str10, now str32 to accommodate using data's values)
file /var/folders/97/_t7418h90z7_plcs1h17z0vh0000gn/T//S_70602.000001 saved as .dta format
-> Ker5 M1 Homog IV v1: Wbasic_z (ALL) [ IVH_HLTH ]
Warning - collinearities detected
Vars dropped:       2.r308b1e_c 4.r309d_c 2.r309e_c 5.r403c1_c 4.r403c2_c
                    r711ek4_b
(MWFE estimator converged in 1 iterations)

IV (2SLS) estimation
--------------------

Estimates efficient for homoskedasticity only
Statistics robust to heteroskedasticity and clustering on kab

Number of clusters (kab) =         514                Number of obs =    84276
                                                      F(  1,   513) =    38.34
                                                      Prob > F      =   0.0000
Total (centered) SS     =  15106.06717                Centered R2   =  -0.0257
Total (uncentered) SS   =  15106.06717                Uncentered R2 =  -0.0257
Residual SS             =  15493.65996                Root MSE      =    .4289

------------------------------------------------------------------------------
             |               Robust
    Wbasic_z | Coefficient  std. err.      t    P>|t|     [95% conf. interval]
-------------+----------------------------------------------------------------
     Ker5_w1 |   .5932914   .0958123     6.19   0.000     .4050586    .7815242
------------------------------------------------------------------------------
Underidentification test (Kleibergen-Paap rk LM statistic):             88.022
                                                   Chi-sq(3) P-val =    0.0000
------------------------------------------------------------------------------
Weak identification test (Cragg-Donald Wald F statistic):             6128.623
                         (Kleibergen-Paap rk Wald F statistic):         50.878
Stock-Yogo weak ID test critical values:  5% maximal IV relative bias    13.91
                                         10% maximal IV relative bias     9.08
                                         20% maximal IV relative bias     6.46
                                         30% maximal IV relative bias     5.39
                                         10% maximal IV size             22.30
                                         15% maximal IV size             12.83
                                         20% maximal IV size              9.54
                                         25% maximal IV size              7.80
Source: Stock-Yogo (2005).  Reproduced by permission.
NB: Critical values are for Cragg-Donald F statistic and i.i.d. errors.
------------------------------------------------------------------------------
Hansen J statistic (overidentification test of all instruments):        36.455
                                                   Chi-sq(2) P-val =    0.0000
------------------------------------------------------------------------------
Instrumented:         Ker5_w1
Excluded instruments: Z_pel Z_tbbm Z_tpi
Partialled-out:       1.r308b1d_c 2.r308b1d_c 1.r308b1e_c 2.r309a_c 3.r309a_c
                      1.r309b_c 2.r309b_c 3.r309b_c 1.r309d_c 2.r309d_c
                      3.r309d_c 1.r309e_c 2.r310_c 2.r403a_c 3.r403a_c 4.r403a_c
                      5.r403a_c 6.r403a_c 7.r403a_c 8.r403a_c 9.r403a_c
                      13.r403a_c 14.r403a_c 15.r403a_c 16.r403a_c 17.r403a_c
                      18.r403a_c 19.r403a_c 20.r403a_c 99.r403a_c 1.r403c1_c
                      2.r403c1_c 3.r403c1_c 4.r403c1_c 1.r403c2_c 2.r403c2_c
                      3.r403c2_c r711ak3_b r711ak4_b r711bk3_b r711bk4_b
                      r711ck3_b r711ck4_b r711dk3_b r711dk4_b r711ek3_b
                      r711fk3_b r711fk4_b r711gk3_b r711gk4_b r711hk3_b
                      r711hk4_b r711ik3_b r711ik4_b r711jk3_b r711jk4_b _cons
                      nb: total SS, model F and R2s are after partialling-out;
                          any small-sample adjustments include partialled-out
                          variables in regressor count K
Dropped collinear:    2.r308b1e_c 4.r309d_c 2.r309e_c 5.r403c1_c 4.r403c2_c
                      r711ek4_b
------------------------------------------------------------------------------

Absorbed degrees of freedom:
-----------------------------------------------------+
 Absorbed FE | Categories  - Redundant  = Num. Coefs |
-------------+---------------------------------------|
         kab |       514         514           0    *|
-----------------------------------------------------+
* = FE nested within cluster; treated as redundant for DoF computation
(output written to /Users/athamawardi/Desktop/Research-Projects/PSE_Pertamina/Output/tsls/tables/V1_M1_iv_homog_ALL_Wbasic_z_IVH_HLTH.rtf)
(0 real changes made)
(variable iddesa was str10, now str32 to accommodate using data's values)
file /var/folders/97/_t7418h90z7_plcs1h17z0vh0000gn/T//S_70602.000001 saved as .dta format
-> Ker5 M1 Homog IV v1: Wbasic_z (ALL) [ IVH_UTIL ]
Warning - collinearities detected
Vars dropped:       2.r308b1e_c 4.r309d_c 2.r309e_c 5.r403c1_c 4.r403c2_c
(MWFE estimator converged in 1 iterations)

IV (2SLS) estimation
--------------------

Estimates efficient for homoskedasticity only
Statistics robust to heteroskedasticity and clustering on kab

Number of clusters (kab) =         514                Number of obs =    84276
                                                      F(  1,   513) =    38.46
                                                      Prob > F      =   0.0000
Total (centered) SS     =  15104.60054                Centered R2   =  -0.0254
Total (uncentered) SS   =  15104.60054                Uncentered R2 =  -0.0254
Residual SS             =  15488.73017                Root MSE      =    .4288

------------------------------------------------------------------------------
             |               Robust
    Wbasic_z | Coefficient  std. err.      t    P>|t|     [95% conf. interval]
-------------+----------------------------------------------------------------
     Ker5_w1 |    .594033   .0957858     6.20   0.000     .4058524    .7822137
------------------------------------------------------------------------------
Underidentification test (Kleibergen-Paap rk LM statistic):             88.070
                                                   Chi-sq(3) P-val =    0.0000
------------------------------------------------------------------------------
Weak identification test (Cragg-Donald Wald F statistic):             6134.245
                         (Kleibergen-Paap rk Wald F statistic):         50.922
Stock-Yogo weak ID test critical values:  5% maximal IV relative bias    13.91
                                         10% maximal IV relative bias     9.08
                                         20% maximal IV relative bias     6.46
                                         30% maximal IV relative bias     5.39
                                         10% maximal IV size             22.30
                                         15% maximal IV size             12.83
                                         20% maximal IV size              9.54
                                         25% maximal IV size              7.80
Source: Stock-Yogo (2005).  Reproduced by permission.
NB: Critical values are for Cragg-Donald F statistic and i.i.d. errors.
------------------------------------------------------------------------------
Hansen J statistic (overidentification test of all instruments):        36.020
                                                   Chi-sq(2) P-val =    0.0000
------------------------------------------------------------------------------
Instrumented:         Ker5_w1
Excluded instruments: Z_pel Z_tbbm Z_tpi
Partialled-out:       1.r308b1d_c 2.r308b1d_c 1.r308b1e_c 2.r309a_c 3.r309a_c
                      1.r309b_c 2.r309b_c 3.r309b_c 1.r309d_c 2.r309d_c
                      3.r309d_c 1.r309e_c 2.r310_c 2.r403a_c 3.r403a_c 4.r403a_c
                      5.r403a_c 6.r403a_c 7.r403a_c 8.r403a_c 9.r403a_c
                      13.r403a_c 14.r403a_c 15.r403a_c 16.r403a_c 17.r403a_c
                      18.r403a_c 19.r403a_c 20.r403a_c 99.r403a_c 1.r403c1_c
                      2.r403c1_c 3.r403c1_c 4.r403c1_c 1.r403c2_c 2.r403c2_c
                      3.r403c2_c r509c1_b r509c2_b r509c3_b _cons
                      nb: total SS, model F and R2s are after partialling-out;
                          any small-sample adjustments include partialled-out
                          variables in regressor count K
Dropped collinear:    2.r308b1e_c 4.r309d_c 2.r309e_c 5.r403c1_c 4.r403c2_c
------------------------------------------------------------------------------

Absorbed degrees of freedom:
-----------------------------------------------------+
 Absorbed FE | Categories  - Redundant  = Num. Coefs |
-------------+---------------------------------------|
         kab |       514         514           0    *|
-----------------------------------------------------+
* = FE nested within cluster; treated as redundant for DoF computation
(output written to /Users/athamawardi/Desktop/Research-Projects/PSE_Pertamina/Output/tsls/tables/V1_M1_iv_homog_ALL_Wbasic_z_IVH_UTIL.rtf)
(0 real changes made)
(variable iddesa was str10, now str32 to accommodate using data's values)
file /var/folders/97/_t7418h90z7_plcs1h17z0vh0000gn/T//S_70602.000001 saved as .dta format
-> Ker5 M1 Homog IV v1: Wbasic_z (ALL) [ IVH_BASE ]
Warning - collinearities detected
Vars dropped:       2.r308b1e_c 4.r309d_c 2.r309e_c 5.r403c1_c 4.r403c2_c
(MWFE estimator converged in 1 iterations)

IV (2SLS) estimation
--------------------

Estimates efficient for homoskedasticity only
Statistics robust to heteroskedasticity and clustering on kab

Number of clusters (kab) =         514                Number of obs =    84276
                                                      F(  1,   513) =    38.45
                                                      Prob > F      =   0.0000
Total (centered) SS     =  15124.70502                Centered R2   =  -0.0256
Total (uncentered) SS   =  15124.70502                Uncentered R2 =  -0.0256
Residual SS             =  15512.49113                Root MSE      =    .4291

------------------------------------------------------------------------------
             |               Robust
    Wbasic_z | Coefficient  std. err.      t    P>|t|     [95% conf. interval]
-------------+----------------------------------------------------------------
     Ker5_w1 |   .5948633   .0959372     6.20   0.000     .4063852    .7833415
------------------------------------------------------------------------------
Underidentification test (Kleibergen-Paap rk LM statistic):             88.076
                                                   Chi-sq(3) P-val =    0.0000
------------------------------------------------------------------------------
Weak identification test (Cragg-Donald Wald F statistic):             6132.274
                         (Kleibergen-Paap rk Wald F statistic):         50.917
Stock-Yogo weak ID test critical values:  5% maximal IV relative bias    13.91
                                         10% maximal IV relative bias     9.08
                                         20% maximal IV relative bias     6.46
                                         30% maximal IV relative bias     5.39
                                         10% maximal IV size             22.30
                                         15% maximal IV size             12.83
                                         20% maximal IV size              9.54
                                         25% maximal IV size              7.80
Source: Stock-Yogo (2005).  Reproduced by permission.
NB: Critical values are for Cragg-Donald F statistic and i.i.d. errors.
------------------------------------------------------------------------------
Hansen J statistic (overidentification test of all instruments):        36.537
                                                   Chi-sq(2) P-val =    0.0000
------------------------------------------------------------------------------
Instrumented:         Ker5_w1
Excluded instruments: Z_pel Z_tbbm Z_tpi
Partialled-out:       1.r308b1d_c 2.r308b1d_c 1.r308b1e_c 2.r309a_c 3.r309a_c
                      1.r309b_c 2.r309b_c 3.r309b_c 1.r309d_c 2.r309d_c
                      3.r309d_c 1.r309e_c 2.r310_c 2.r403a_c 3.r403a_c 4.r403a_c
                      5.r403a_c 6.r403a_c 7.r403a_c 8.r403a_c 9.r403a_c
                      13.r403a_c 14.r403a_c 15.r403a_c 16.r403a_c 17.r403a_c
                      18.r403a_c 19.r403a_c 20.r403a_c 99.r403a_c 1.r403c1_c
                      2.r403c1_c 3.r403c1_c 4.r403c1_c 1.r403c2_c 2.r403c2_c
                      3.r403c2_c _cons
                      nb: total SS, model F and R2s are after partialling-out;
                          any small-sample adjustments include partialled-out
                          variables in regressor count K
Dropped collinear:    2.r308b1e_c 4.r309d_c 2.r309e_c 5.r403c1_c 4.r403c2_c
------------------------------------------------------------------------------

Absorbed degrees of freedom:
-----------------------------------------------------+
 Absorbed FE | Categories  - Redundant  = Num. Coefs |
-------------+---------------------------------------|
         kab |       514         514           0    *|
-----------------------------------------------------+
* = FE nested within cluster; treated as redundant for DoF computation
(output written to /Users/athamawardi/Desktop/Research-Projects/PSE_Pertamina/Output/tsls/tables/V1_M1_iv_homog_ALL_Wbasic_z_IVH_BASE.rtf)
(0 real changes made)
(variable iddesa was str10, now str32 to accommodate using data's values)
file /var/folders/97/_t7418h90z7_plcs1h17z0vh0000gn/T//S_70602.000001 saved as .dta format
-> Ker5 M1 Homog IV v1: Wbasic_z (ALL) [ IVH_NONE ]
(MWFE estimator converged in 1 iterations)

IV (2SLS) estimation
--------------------

Estimates efficient for homoskedasticity only
Statistics robust to heteroskedasticity and clustering on kab

Number of clusters (kab) =         514                Number of obs =    84276
                                                      F(  1,   513) =    68.17
                                                      Prob > F      =   0.0000
Total (centered) SS     =  17298.45242                Centered R2   =  -0.0547
Total (uncentered) SS   =  17298.45242                Uncentered R2 =  -0.0547
Residual SS             =  18245.14616                Root MSE      =    .4653

------------------------------------------------------------------------------
             |               Robust
    Wbasic_z | Coefficient  std. err.      t    P>|t|     [95% conf. interval]
-------------+----------------------------------------------------------------
     Ker5_w1 |   .9894051    .119831     8.26   0.000     .7539852    1.224825
------------------------------------------------------------------------------
Underidentification test (Kleibergen-Paap rk LM statistic):             88.305
                                                   Chi-sq(3) P-val =    0.0000
------------------------------------------------------------------------------
Weak identification test (Cragg-Donald Wald F statistic):             7498.706
                         (Kleibergen-Paap rk Wald F statistic):         55.324
Stock-Yogo weak ID test critical values:  5% maximal IV relative bias    13.91
                                         10% maximal IV relative bias     9.08
                                         20% maximal IV relative bias     6.46
                                         30% maximal IV relative bias     5.39
                                         10% maximal IV size             22.30
                                         15% maximal IV size             12.83
                                         20% maximal IV size              9.54
                                         25% maximal IV size              7.80
Source: Stock-Yogo (2005).  Reproduced by permission.
NB: Critical values are for Cragg-Donald F statistic and i.i.d. errors.
------------------------------------------------------------------------------
Hansen J statistic (overidentification test of all instruments):        59.382
                                                   Chi-sq(2) P-val =    0.0000
------------------------------------------------------------------------------
Instrumented:         Ker5_w1
Excluded instruments: Z_pel Z_tbbm Z_tpi
Partialled-out:       _cons
                      nb: total SS, model F and R2s are after partialling-out;
                          any small-sample adjustments include partialled-out
                          variables in regressor count K
------------------------------------------------------------------------------

Absorbed degrees of freedom:
-----------------------------------------------------+
 Absorbed FE | Categories  - Redundant  = Num. Coefs |
-------------+---------------------------------------|
         kab |       514         514           0    *|
-----------------------------------------------------+
* = FE nested within cluster; treated as redundant for DoF computation
(output written to /Users/athamawardi/Desktop/Research-Projects/PSE_Pertamina/Output/tsls/tables/V1_M1_iv_homog_ALL_Wbasic_z_IVH_NONE.rtf)
(0 real changes made)
(variable iddesa was str10, now str32 to accommodate using data's values)
file /var/folders/97/_t7418h90z7_plcs1h17z0vh0000gn/T//S_70602.000001 saved as .dta format
-> Ker5 M1 Homog IV v1: Wbasic_z (ALL) [ IVH_EDU_NB ]
(MWFE estimator converged in 1 iterations)

IV (2SLS) estimation
--------------------

Estimates efficient for homoskedasticity only
Statistics robust to heteroskedasticity and clustering on kab

Number of clusters (kab) =         514                Number of obs =    84276
                                                      F(  1,   513) =    14.28
                                                      Prob > F      =   0.0002
Total (centered) SS     =  14143.50422                Centered R2   =  -0.0064
Total (uncentered) SS   =  14143.50422                Uncentered R2 =  -0.0064
Residual SS             =  14233.34604                Root MSE      =     .411

------------------------------------------------------------------------------
             |               Robust
    Wbasic_z | Coefficient  std. err.      t    P>|t|     [95% conf. interval]
-------------+----------------------------------------------------------------
     Ker5_w1 |   .2998964   .0793748     3.78   0.000     .1439567    .4558362
------------------------------------------------------------------------------
Underidentification test (Kleibergen-Paap rk LM statistic):             88.497
                                                   Chi-sq(3) P-val =    0.0000
------------------------------------------------------------------------------
Weak identification test (Cragg-Donald Wald F statistic):             6355.149
                         (Kleibergen-Paap rk Wald F statistic):         51.379
Stock-Yogo weak ID test critical values:  5% maximal IV relative bias    13.91
                                         10% maximal IV relative bias     9.08
                                         20% maximal IV relative bias     6.46
                                         30% maximal IV relative bias     5.39
                                         10% maximal IV size             22.30
                                         15% maximal IV size             12.83
                                         20% maximal IV size              9.54
                                         25% maximal IV size              7.80
Source: Stock-Yogo (2005).  Reproduced by permission.
NB: Critical values are for Cragg-Donald F statistic and i.i.d. errors.
------------------------------------------------------------------------------
Hansen J statistic (overidentification test of all instruments):        12.763
                                                   Chi-sq(2) P-val =    0.0017
------------------------------------------------------------------------------
Instrumented:         Ker5_w1
Excluded instruments: Z_pel Z_tbbm Z_tpi
Partialled-out:       r701ak3_b r701ak4_b r701bk3_b r701bk4_b r701ck4_b
                      r701dk2_b r701dk3_b r701dk4_b r701ek4_b r701fk4_b
                      r701gk4_b r701hk4_b r701ik4_b r701jk4_b r701kk4_b
                      r701ok3_b r701pk3_b r701qk3_b _cons
                      nb: total SS, model F and R2s are after partialling-out;
                          any small-sample adjustments include partialled-out
                          variables in regressor count K
------------------------------------------------------------------------------

Absorbed degrees of freedom:
-----------------------------------------------------+
 Absorbed FE | Categories  - Redundant  = Num. Coefs |
-------------+---------------------------------------|
         kab |       514         514           0    *|
-----------------------------------------------------+
* = FE nested within cluster; treated as redundant for DoF computation
(output written to /Users/athamawardi/Desktop/Research-Projects/PSE_Pertamina/Output/tsls/tables/V1_M1_iv_homog_ALL_Wbasic_z_IVH_EDU_NB.rtf)
(0 real changes made)
(variable iddesa was str10, now str32 to accommodate using data's values)
file /var/folders/97/_t7418h90z7_plcs1h17z0vh0000gn/T//S_70602.000001 saved as .dta format
-> Ker5 M1 Homog IV v1: Wbasic_z (ALL) [ IVH_HLTH_NB ]
Warning - collinearities detected
Vars dropped:       r711ek4_b
(MWFE estimator converged in 1 iterations)

IV (2SLS) estimation
--------------------

Estimates efficient for homoskedasticity only
Statistics robust to heteroskedasticity and clustering on kab

Number of clusters (kab) =         514                Number of obs =    84276
                                                      F(  1,   513) =    67.93
                                                      Prob > F      =   0.0000
Total (centered) SS     =  17253.74801                Centered R2   =  -0.0545
Total (uncentered) SS   =  17253.74801                Uncentered R2 =  -0.0545
Residual SS             =  18194.40577                Root MSE      =    .4647

------------------------------------------------------------------------------
             |               Robust
    Wbasic_z | Coefficient  std. err.      t    P>|t|     [95% conf. interval]
-------------+----------------------------------------------------------------
     Ker5_w1 |   .9836413   .1193494     8.24   0.000     .7491676    1.218115
------------------------------------------------------------------------------
Underidentification test (Kleibergen-Paap rk LM statistic):             88.202
                                                   Chi-sq(3) P-val =    0.0000
------------------------------------------------------------------------------
Weak identification test (Cragg-Donald Wald F statistic):             7486.368
                         (Kleibergen-Paap rk Wald F statistic):         55.251
Stock-Yogo weak ID test critical values:  5% maximal IV relative bias    13.91
                                         10% maximal IV relative bias     9.08
                                         20% maximal IV relative bias     6.46
                                         30% maximal IV relative bias     5.39
                                         10% maximal IV size             22.30
                                         15% maximal IV size             12.83
                                         20% maximal IV size              9.54
                                         25% maximal IV size              7.80
Source: Stock-Yogo (2005).  Reproduced by permission.
NB: Critical values are for Cragg-Donald F statistic and i.i.d. errors.
------------------------------------------------------------------------------
Hansen J statistic (overidentification test of all instruments):        59.325
                                                   Chi-sq(2) P-val =    0.0000
------------------------------------------------------------------------------
Instrumented:         Ker5_w1
Excluded instruments: Z_pel Z_tbbm Z_tpi
Partialled-out:       r711ak3_b r711ak4_b r711bk3_b r711bk4_b r711ck3_b
                      r711ck4_b r711dk3_b r711dk4_b r711ek3_b r711fk3_b
                      r711fk4_b r711gk3_b r711gk4_b r711hk3_b r711hk4_b
                      r711ik3_b r711ik4_b r711jk3_b r711jk4_b _cons
                      nb: total SS, model F and R2s are after partialling-out;
                          any small-sample adjustments include partialled-out
                          variables in regressor count K
Dropped collinear:    r711ek4_b
------------------------------------------------------------------------------

Absorbed degrees of freedom:
-----------------------------------------------------+
 Absorbed FE | Categories  - Redundant  = Num. Coefs |
-------------+---------------------------------------|
         kab |       514         514           0    *|
-----------------------------------------------------+
* = FE nested within cluster; treated as redundant for DoF computation
(output written to /Users/athamawardi/Desktop/Research-Projects/PSE_Pertamina/Output/tsls/tables/V1_M1_iv_homog_ALL_Wbasic_z_IVH_HLTH_NB.rtf)
(0 real changes made)
(variable iddesa was str10, now str32 to accommodate using data's values)
file /var/folders/97/_t7418h90z7_plcs1h17z0vh0000gn/T//S_70602.000001 saved as .dta format
-> Ker5 M1 Homog IV v1: Wbasic_z (ALL) [ IVH_UTIL_NB ]
(MWFE estimator converged in 1 iterations)

IV (2SLS) estimation
--------------------

Estimates efficient for homoskedasticity only
Statistics robust to heteroskedasticity and clustering on kab

Number of clusters (kab) =         514                Number of obs =    84276
                                                      F(  1,   513) =    68.18
                                                      Prob > F      =   0.0000
Total (centered) SS     =  17254.06828                Centered R2   =  -0.0542
Total (uncentered) SS   =  17254.06828                Uncentered R2 =  -0.0542
Residual SS             =  18188.78468                Root MSE      =    .4646

------------------------------------------------------------------------------
             |               Robust
    Wbasic_z | Coefficient  std. err.      t    P>|t|     [95% conf. interval]
-------------+----------------------------------------------------------------
     Ker5_w1 |   .9860937    .119426     8.26   0.000     .7514695    1.220718
------------------------------------------------------------------------------
Underidentification test (Kleibergen-Paap rk LM statistic):             88.284
                                                   Chi-sq(3) P-val =    0.0000
------------------------------------------------------------------------------
Weak identification test (Cragg-Donald Wald F statistic):             7501.417
                         (Kleibergen-Paap rk Wald F statistic):         55.319
Stock-Yogo weak ID test critical values:  5% maximal IV relative bias    13.91
                                         10% maximal IV relative bias     9.08
                                         20% maximal IV relative bias     6.46
                                         30% maximal IV relative bias     5.39
                                         10% maximal IV size             22.30
                                         15% maximal IV size             12.83
                                         20% maximal IV size              9.54
                                         25% maximal IV size              7.80
Source: Stock-Yogo (2005).  Reproduced by permission.
NB: Critical values are for Cragg-Donald F statistic and i.i.d. errors.
------------------------------------------------------------------------------
Hansen J statistic (overidentification test of all instruments):        59.067
                                                   Chi-sq(2) P-val =    0.0000
------------------------------------------------------------------------------
Instrumented:         Ker5_w1
Excluded instruments: Z_pel Z_tbbm Z_tpi
Partialled-out:       r509c1_b r509c2_b r509c3_b _cons
                      nb: total SS, model F and R2s are after partialling-out;
                          any small-sample adjustments include partialled-out
                          variables in regressor count K
------------------------------------------------------------------------------

Absorbed degrees of freedom:
-----------------------------------------------------+
 Absorbed FE | Categories  - Redundant  = Num. Coefs |
-------------+---------------------------------------|
         kab |       514         514           0    *|
-----------------------------------------------------+
* = FE nested within cluster; treated as redundant for DoF computation
(output written to /Users/athamawardi/Desktop/Research-Projects/PSE_Pertamina/Output/tsls/tables/V1_M1_iv_homog_ALL_Wbasic_z_IVH_UTIL_NB.rtf)
(0 real changes made)
(variable iddesa was str10, now str32 to accommodate using data's values)
file /var/folders/97/_t7418h90z7_plcs1h17z0vh0000gn/T//S_70602.000001 saved as .dta format
-> Ker5 M1 Homog IV v1: lnpov_z (ALL) [ IVH_EDU ]
Warning - collinearities detected
Vars dropped:       2.r308b1e_c 4.r309d_c 2.r309e_c 5.r403c1_c 4.r403c2_c
(MWFE estimator converged in 1 iterations)

IV (2SLS) estimation
--------------------

Estimates efficient for homoskedasticity only
Statistics robust to heteroskedasticity and clustering on kab

Number of clusters (kab) =         514                Number of obs =    84276
                                                      F(  1,   513) =    21.56
                                                      Prob > F      =   0.0000
Total (centered) SS     =  31131.89106                Centered R2   =  -0.0071
Total (uncentered) SS   =  31131.89106                Uncentered R2 =  -0.0071
Residual SS             =  31351.83493                Root MSE      =    .6101

------------------------------------------------------------------------------
             |               Robust
     lnpov_z | Coefficient  std. err.      t    P>|t|     [95% conf. interval]
-------------+----------------------------------------------------------------
     Ker5_w1 |  -.5120545   .1102737    -4.64   0.000    -.7286982   -.2954109
------------------------------------------------------------------------------
Underidentification test (Kleibergen-Paap rk LM statistic):             87.524
                                                   Chi-sq(3) P-val =    0.0000
------------------------------------------------------------------------------
Weak identification test (Cragg-Donald Wald F statistic):             5454.478
                         (Kleibergen-Paap rk Wald F statistic):         48.599
Stock-Yogo weak ID test critical values:  5% maximal IV relative bias    13.91
                                         10% maximal IV relative bias     9.08
                                         20% maximal IV relative bias     6.46
                                         30% maximal IV relative bias     5.39
                                         10% maximal IV size             22.30
                                         15% maximal IV size             12.83
                                         20% maximal IV size              9.54
                                         25% maximal IV size              7.80
Source: Stock-Yogo (2005).  Reproduced by permission.
NB: Critical values are for Cragg-Donald F statistic and i.i.d. errors.
------------------------------------------------------------------------------
Hansen J statistic (overidentification test of all instruments):        16.611
                                                   Chi-sq(2) P-val =    0.0002
------------------------------------------------------------------------------
Instrumented:         Ker5_w1
Excluded instruments: Z_pel Z_tbbm Z_tpi
Partialled-out:       1.r308b1d_c 2.r308b1d_c 1.r308b1e_c 2.r309a_c 3.r309a_c
                      1.r309b_c 2.r309b_c 3.r309b_c 1.r309d_c 2.r309d_c
                      3.r309d_c 1.r309e_c 2.r310_c 2.r403a_c 3.r403a_c 4.r403a_c
                      5.r403a_c 6.r403a_c 7.r403a_c 8.r403a_c 9.r403a_c
                      13.r403a_c 14.r403a_c 15.r403a_c 16.r403a_c 17.r403a_c
                      18.r403a_c 19.r403a_c 20.r403a_c 99.r403a_c 1.r403c1_c
                      2.r403c1_c 3.r403c1_c 4.r403c1_c 1.r403c2_c 2.r403c2_c
                      3.r403c2_c r701ak3_b r701ak4_b r701bk3_b r701bk4_b
                      r701ck4_b r701dk2_b r701dk3_b r701dk4_b r701ek4_b
                      r701fk4_b r701gk4_b r701hk4_b r701ik4_b r701jk4_b
                      r701kk4_b r701ok3_b r701pk3_b r701qk3_b _cons
                      nb: total SS, model F and R2s are after partialling-out;
                          any small-sample adjustments include partialled-out
                          variables in regressor count K
Dropped collinear:    2.r308b1e_c 4.r309d_c 2.r309e_c 5.r403c1_c 4.r403c2_c
------------------------------------------------------------------------------

Absorbed degrees of freedom:
-----------------------------------------------------+
 Absorbed FE | Categories  - Redundant  = Num. Coefs |
-------------+---------------------------------------|
         kab |       514         514           0    *|
-----------------------------------------------------+
* = FE nested within cluster; treated as redundant for DoF computation
(output written to /Users/athamawardi/Desktop/Research-Projects/PSE_Pertamina/Output/tsls/tables/V1_M1_iv_homog_ALL_lnpov_z_IVH_EDU.rtf)
(0 real changes made)
(variable iddesa was str10, now str32 to accommodate using data's values)
file /var/folders/97/_t7418h90z7_plcs1h17z0vh0000gn/T//S_70602.000001 saved as .dta format
-> Ker5 M1 Homog IV v1: lnpov_z (ALL) [ IVH_HLTH ]
Warning - collinearities detected
Vars dropped:       2.r308b1e_c 4.r309d_c 2.r309e_c 5.r403c1_c 4.r403c2_c
                    r711ek4_b
(MWFE estimator converged in 1 iterations)

IV (2SLS) estimation
--------------------

Estimates efficient for homoskedasticity only
Statistics robust to heteroskedasticity and clustering on kab

Number of clusters (kab) =         514                Number of obs =    84276
                                                      F(  1,   513) =    52.80
                                                      Prob > F      =   0.0000
Total (centered) SS     =  35499.13703                Centered R2   =  -0.0291
Total (uncentered) SS   =  35499.13703                Uncentered R2 =  -0.0291
Residual SS             =  36531.88628                Root MSE      =    .6586

------------------------------------------------------------------------------
             |               Robust
     lnpov_z | Coefficient  std. err.      t    P>|t|     [95% conf. interval]
-------------+----------------------------------------------------------------
     Ker5_w1 |  -1.027242   .1413729    -7.27   0.000    -1.304983   -.7495005
------------------------------------------------------------------------------
Underidentification test (Kleibergen-Paap rk LM statistic):             88.022
                                                   Chi-sq(3) P-val =    0.0000
------------------------------------------------------------------------------
Weak identification test (Cragg-Donald Wald F statistic):             6128.623
                         (Kleibergen-Paap rk Wald F statistic):         50.878
Stock-Yogo weak ID test critical values:  5% maximal IV relative bias    13.91
                                         10% maximal IV relative bias     9.08
                                         20% maximal IV relative bias     6.46
                                         30% maximal IV relative bias     5.39
                                         10% maximal IV size             22.30
                                         15% maximal IV size             12.83
                                         20% maximal IV size              9.54
                                         25% maximal IV size              7.80
Source: Stock-Yogo (2005).  Reproduced by permission.
NB: Critical values are for Cragg-Donald F statistic and i.i.d. errors.
------------------------------------------------------------------------------
Hansen J statistic (overidentification test of all instruments):        38.975
                                                   Chi-sq(2) P-val =    0.0000
------------------------------------------------------------------------------
Instrumented:         Ker5_w1
Excluded instruments: Z_pel Z_tbbm Z_tpi
Partialled-out:       1.r308b1d_c 2.r308b1d_c 1.r308b1e_c 2.r309a_c 3.r309a_c
                      1.r309b_c 2.r309b_c 3.r309b_c 1.r309d_c 2.r309d_c
                      3.r309d_c 1.r309e_c 2.r310_c 2.r403a_c 3.r403a_c 4.r403a_c
                      5.r403a_c 6.r403a_c 7.r403a_c 8.r403a_c 9.r403a_c
                      13.r403a_c 14.r403a_c 15.r403a_c 16.r403a_c 17.r403a_c
                      18.r403a_c 19.r403a_c 20.r403a_c 99.r403a_c 1.r403c1_c
                      2.r403c1_c 3.r403c1_c 4.r403c1_c 1.r403c2_c 2.r403c2_c
                      3.r403c2_c r711ak3_b r711ak4_b r711bk3_b r711bk4_b
                      r711ck3_b r711ck4_b r711dk3_b r711dk4_b r711ek3_b
                      r711fk3_b r711fk4_b r711gk3_b r711gk4_b r711hk3_b
                      r711hk4_b r711ik3_b r711ik4_b r711jk3_b r711jk4_b _cons
                      nb: total SS, model F and R2s are after partialling-out;
                          any small-sample adjustments include partialled-out
                          variables in regressor count K
Dropped collinear:    2.r308b1e_c 4.r309d_c 2.r309e_c 5.r403c1_c 4.r403c2_c
                      r711ek4_b
------------------------------------------------------------------------------

Absorbed degrees of freedom:
-----------------------------------------------------+
 Absorbed FE | Categories  - Redundant  = Num. Coefs |
-------------+---------------------------------------|
         kab |       514         514           0    *|
-----------------------------------------------------+
* = FE nested within cluster; treated as redundant for DoF computation
(output written to /Users/athamawardi/Desktop/Research-Projects/PSE_Pertamina/Output/tsls/tables/V1_M1_iv_homog_ALL_lnpov_z_IVH_HLTH.rtf)
(0 real changes made)
(variable iddesa was str10, now str32 to accommodate using data's values)
file /var/folders/97/_t7418h90z7_plcs1h17z0vh0000gn/T//S_70602.000001 saved as .dta format
-> Ker5 M1 Homog IV v1: lnpov_z (ALL) [ IVH_UTIL ]
Warning - collinearities detected
Vars dropped:       2.r308b1e_c 4.r309d_c 2.r309e_c 5.r403c1_c 4.r403c2_c
(MWFE estimator converged in 1 iterations)

IV (2SLS) estimation
--------------------

Estimates efficient for homoskedasticity only
Statistics robust to heteroskedasticity and clustering on kab

Number of clusters (kab) =         514                Number of obs =    84276
                                                      F(  1,   513) =    52.75
                                                      Prob > F      =   0.0000
Total (centered) SS     =  35515.13526                Centered R2   =  -0.0287
Total (uncentered) SS   =  35515.13526                Uncentered R2 =  -0.0287
Residual SS             =  36534.56001                Root MSE      =    .6586

------------------------------------------------------------------------------
             |               Robust
     lnpov_z | Coefficient  std. err.      t    P>|t|     [95% conf. interval]
-------------+----------------------------------------------------------------
     Ker5_w1 |  -1.028109   .1415517    -7.26   0.000    -1.306202   -.7500171
------------------------------------------------------------------------------
Underidentification test (Kleibergen-Paap rk LM statistic):             88.070
                                                   Chi-sq(3) P-val =    0.0000
------------------------------------------------------------------------------
Weak identification test (Cragg-Donald Wald F statistic):             6134.245
                         (Kleibergen-Paap rk Wald F statistic):         50.922
Stock-Yogo weak ID test critical values:  5% maximal IV relative bias    13.91
                                         10% maximal IV relative bias     9.08
                                         20% maximal IV relative bias     6.46
                                         30% maximal IV relative bias     5.39
                                         10% maximal IV size             22.30
                                         15% maximal IV size             12.83
                                         20% maximal IV size              9.54
                                         25% maximal IV size              7.80
Source: Stock-Yogo (2005).  Reproduced by permission.
NB: Critical values are for Cragg-Donald F statistic and i.i.d. errors.
------------------------------------------------------------------------------
Hansen J statistic (overidentification test of all instruments):        38.333
                                                   Chi-sq(2) P-val =    0.0000
------------------------------------------------------------------------------
Instrumented:         Ker5_w1
Excluded instruments: Z_pel Z_tbbm Z_tpi
Partialled-out:       1.r308b1d_c 2.r308b1d_c 1.r308b1e_c 2.r309a_c 3.r309a_c
                      1.r309b_c 2.r309b_c 3.r309b_c 1.r309d_c 2.r309d_c
                      3.r309d_c 1.r309e_c 2.r310_c 2.r403a_c 3.r403a_c 4.r403a_c
                      5.r403a_c 6.r403a_c 7.r403a_c 8.r403a_c 9.r403a_c
                      13.r403a_c 14.r403a_c 15.r403a_c 16.r403a_c 17.r403a_c
                      18.r403a_c 19.r403a_c 20.r403a_c 99.r403a_c 1.r403c1_c
                      2.r403c1_c 3.r403c1_c 4.r403c1_c 1.r403c2_c 2.r403c2_c
                      3.r403c2_c r509c1_b r509c2_b r509c3_b _cons
                      nb: total SS, model F and R2s are after partialling-out;
                          any small-sample adjustments include partialled-out
                          variables in regressor count K
Dropped collinear:    2.r308b1e_c 4.r309d_c 2.r309e_c 5.r403c1_c 4.r403c2_c
------------------------------------------------------------------------------

Absorbed degrees of freedom:
-----------------------------------------------------+
 Absorbed FE | Categories  - Redundant  = Num. Coefs |
-------------+---------------------------------------|
         kab |       514         514           0    *|
-----------------------------------------------------+
* = FE nested within cluster; treated as redundant for DoF computation
(output written to /Users/athamawardi/Desktop/Research-Projects/PSE_Pertamina/Output/tsls/tables/V1_M1_iv_homog_ALL_lnpov_z_IVH_UTIL.rtf)
(0 real changes made)
(variable iddesa was str10, now str32 to accommodate using data's values)
file /var/folders/97/_t7418h90z7_plcs1h17z0vh0000gn/T//S_70602.000001 saved as .dta format
-> Ker5 M1 Homog IV v1: lnpov_z (ALL) [ IVH_BASE ]
Warning - collinearities detected
Vars dropped:       2.r308b1e_c 4.r309d_c 2.r309e_c 5.r403c1_c 4.r403c2_c
(MWFE estimator converged in 1 iterations)

IV (2SLS) estimation
--------------------

Estimates efficient for homoskedasticity only
Statistics robust to heteroskedasticity and clustering on kab

Number of clusters (kab) =         514                Number of obs =    84276
                                                      F(  1,   513) =    52.61
                                                      Prob > F      =   0.0000
Total (centered) SS     =  35603.85871                Centered R2   =  -0.0290
Total (uncentered) SS   =  35603.85871                Uncentered R2 =  -0.0290
Residual SS             =  36637.01518                Root MSE      =    .6595

------------------------------------------------------------------------------
             |               Robust
     lnpov_z | Coefficient  std. err.      t    P>|t|     [95% conf. interval]
-------------+----------------------------------------------------------------
     Ker5_w1 |  -1.030072   .1420098    -7.25   0.000    -1.309065     -.75108
------------------------------------------------------------------------------
Underidentification test (Kleibergen-Paap rk LM statistic):             88.076
                                                   Chi-sq(3) P-val =    0.0000
------------------------------------------------------------------------------
Weak identification test (Cragg-Donald Wald F statistic):             6132.274
                         (Kleibergen-Paap rk Wald F statistic):         50.917
Stock-Yogo weak ID test critical values:  5% maximal IV relative bias    13.91
                                         10% maximal IV relative bias     9.08
                                         20% maximal IV relative bias     6.46
                                         30% maximal IV relative bias     5.39
                                         10% maximal IV size             22.30
                                         15% maximal IV size             12.83
                                         20% maximal IV size              9.54
                                         25% maximal IV size              7.80
Source: Stock-Yogo (2005).  Reproduced by permission.
NB: Critical values are for Cragg-Donald F statistic and i.i.d. errors.
------------------------------------------------------------------------------
Hansen J statistic (overidentification test of all instruments):        39.157
                                                   Chi-sq(2) P-val =    0.0000
------------------------------------------------------------------------------
Instrumented:         Ker5_w1
Excluded instruments: Z_pel Z_tbbm Z_tpi
Partialled-out:       1.r308b1d_c 2.r308b1d_c 1.r308b1e_c 2.r309a_c 3.r309a_c
                      1.r309b_c 2.r309b_c 3.r309b_c 1.r309d_c 2.r309d_c
                      3.r309d_c 1.r309e_c 2.r310_c 2.r403a_c 3.r403a_c 4.r403a_c
                      5.r403a_c 6.r403a_c 7.r403a_c 8.r403a_c 9.r403a_c
                      13.r403a_c 14.r403a_c 15.r403a_c 16.r403a_c 17.r403a_c
                      18.r403a_c 19.r403a_c 20.r403a_c 99.r403a_c 1.r403c1_c
                      2.r403c1_c 3.r403c1_c 4.r403c1_c 1.r403c2_c 2.r403c2_c
                      3.r403c2_c _cons
                      nb: total SS, model F and R2s are after partialling-out;
                          any small-sample adjustments include partialled-out
                          variables in regressor count K
Dropped collinear:    2.r308b1e_c 4.r309d_c 2.r309e_c 5.r403c1_c 4.r403c2_c
------------------------------------------------------------------------------

Absorbed degrees of freedom:
-----------------------------------------------------+
 Absorbed FE | Categories  - Redundant  = Num. Coefs |
-------------+---------------------------------------|
         kab |       514         514           0    *|
-----------------------------------------------------+
* = FE nested within cluster; treated as redundant for DoF computation
(output written to /Users/athamawardi/Desktop/Research-Projects/PSE_Pertamina/Output/tsls/tables/V1_M1_iv_homog_ALL_lnpov_z_IVH_BASE.rtf)
(0 real changes made)
(variable iddesa was str10, now str32 to accommodate using data's values)
file /var/folders/97/_t7418h90z7_plcs1h17z0vh0000gn/T//S_70602.000001 saved as .dta format
-> Ker5 M1 Homog IV v1: lnpov_z (ALL) [ IVH_NONE ]
(MWFE estimator converged in 1 iterations)

IV (2SLS) estimation
--------------------

Estimates efficient for homoskedasticity only
Statistics robust to heteroskedasticity and clustering on kab

Number of clusters (kab) =         514                Number of obs =    84276
                                                      F(  1,   513) =    72.70
                                                      Prob > F      =   0.0000
Total (centered) SS     =  37317.65068                Centered R2   =  -0.0422
Total (uncentered) SS   =  37317.65068                Uncentered R2 =  -0.0422
Residual SS             =  38892.02465                Root MSE      =    .6793

------------------------------------------------------------------------------
             |               Robust
     lnpov_z | Coefficient  std. err.      t    P>|t|     [95% conf. interval]
-------------+----------------------------------------------------------------
     Ker5_w1 |  -1.347207   .1580006    -8.53   0.000    -1.657615   -1.036799
------------------------------------------------------------------------------
Underidentification test (Kleibergen-Paap rk LM statistic):             88.305
                                                   Chi-sq(3) P-val =    0.0000
------------------------------------------------------------------------------
Weak identification test (Cragg-Donald Wald F statistic):             7498.706
                         (Kleibergen-Paap rk Wald F statistic):         55.324
Stock-Yogo weak ID test critical values:  5% maximal IV relative bias    13.91
                                         10% maximal IV relative bias     9.08
                                         20% maximal IV relative bias     6.46
                                         30% maximal IV relative bias     5.39
                                         10% maximal IV size             22.30
                                         15% maximal IV size             12.83
                                         20% maximal IV size              9.54
                                         25% maximal IV size              7.80
Source: Stock-Yogo (2005).  Reproduced by permission.
NB: Critical values are for Cragg-Donald F statistic and i.i.d. errors.
------------------------------------------------------------------------------
Hansen J statistic (overidentification test of all instruments):        49.231
                                                   Chi-sq(2) P-val =    0.0000
------------------------------------------------------------------------------
Instrumented:         Ker5_w1
Excluded instruments: Z_pel Z_tbbm Z_tpi
Partialled-out:       _cons
                      nb: total SS, model F and R2s are after partialling-out;
                          any small-sample adjustments include partialled-out
                          variables in regressor count K
------------------------------------------------------------------------------

Absorbed degrees of freedom:
-----------------------------------------------------+
 Absorbed FE | Categories  - Redundant  = Num. Coefs |
-------------+---------------------------------------|
         kab |       514         514           0    *|
-----------------------------------------------------+
* = FE nested within cluster; treated as redundant for DoF computation
(output written to /Users/athamawardi/Desktop/Research-Projects/PSE_Pertamina/Output/tsls/tables/V1_M1_iv_homog_ALL_lnpov_z_IVH_NONE.rtf)
(0 real changes made)
(variable iddesa was str10, now str32 to accommodate using data's values)
file /var/folders/97/_t7418h90z7_plcs1h17z0vh0000gn/T//S_70602.000001 saved as .dta format
-> Ker5 M1 Homog IV v1: lnpov_z (ALL) [ IVH_EDU_NB ]
(MWFE estimator converged in 1 iterations)

IV (2SLS) estimation
--------------------

Estimates efficient for homoskedasticity only
Statistics robust to heteroskedasticity and clustering on kab

Number of clusters (kab) =         514                Number of obs =    84276
                                                      F(  1,   513) =    27.77
                                                      Prob > F      =   0.0000
Total (centered) SS     =  31319.78171                Centered R2   =  -0.0078
Total (uncentered) SS   =  31319.78171                Uncentered R2 =  -0.0078
Residual SS             =  31565.01773                Root MSE      =    .6121

------------------------------------------------------------------------------
             |               Robust
     lnpov_z | Coefficient  std. err.      t    P>|t|     [95% conf. interval]
-------------+----------------------------------------------------------------
     Ker5_w1 |  -.5740547   .1089381    -5.27   0.000    -.7880743   -.3600351
------------------------------------------------------------------------------
Underidentification test (Kleibergen-Paap rk LM statistic):             88.497
                                                   Chi-sq(3) P-val =    0.0000
------------------------------------------------------------------------------
Weak identification test (Cragg-Donald Wald F statistic):             6355.149
                         (Kleibergen-Paap rk Wald F statistic):         51.379
Stock-Yogo weak ID test critical values:  5% maximal IV relative bias    13.91
                                         10% maximal IV relative bias     9.08
                                         20% maximal IV relative bias     6.46
                                         30% maximal IV relative bias     5.39
                                         10% maximal IV size             22.30
                                         15% maximal IV size             12.83
                                         20% maximal IV size              9.54
                                         25% maximal IV size              7.80
Source: Stock-Yogo (2005).  Reproduced by permission.
NB: Critical values are for Cragg-Donald F statistic and i.i.d. errors.
------------------------------------------------------------------------------
Hansen J statistic (overidentification test of all instruments):        16.983
                                                   Chi-sq(2) P-val =    0.0002
------------------------------------------------------------------------------
Instrumented:         Ker5_w1
Excluded instruments: Z_pel Z_tbbm Z_tpi
Partialled-out:       r701ak3_b r701ak4_b r701bk3_b r701bk4_b r701ck4_b
                      r701dk2_b r701dk3_b r701dk4_b r701ek4_b r701fk4_b
                      r701gk4_b r701hk4_b r701ik4_b r701jk4_b r701kk4_b
                      r701ok3_b r701pk3_b r701qk3_b _cons
                      nb: total SS, model F and R2s are after partialling-out;
                          any small-sample adjustments include partialled-out
                          variables in regressor count K
------------------------------------------------------------------------------

Absorbed degrees of freedom:
-----------------------------------------------------+
 Absorbed FE | Categories  - Redundant  = Num. Coefs |
-------------+---------------------------------------|
         kab |       514         514           0    *|
-----------------------------------------------------+
* = FE nested within cluster; treated as redundant for DoF computation
(output written to /Users/athamawardi/Desktop/Research-Projects/PSE_Pertamina/Output/tsls/tables/V1_M1_iv_homog_ALL_lnpov_z_IVH_EDU_NB.rtf)
(0 real changes made)
(variable iddesa was str10, now str32 to accommodate using data's values)
file /var/folders/97/_t7418h90z7_plcs1h17z0vh0000gn/T//S_70602.000001 saved as .dta format
-> Ker5 M1 Homog IV v1: lnpov_z (ALL) [ IVH_HLTH_NB ]
Warning - collinearities detected
Vars dropped:       r711ek4_b
(MWFE estimator converged in 1 iterations)

IV (2SLS) estimation
--------------------

Estimates efficient for homoskedasticity only
Statistics robust to heteroskedasticity and clustering on kab

Number of clusters (kab) =         514                Number of obs =    84276
                                                      F(  1,   513) =    72.93
                                                      Prob > F      =   0.0000
Total (centered) SS     =  37174.77856                Centered R2   =  -0.0420
Total (uncentered) SS   =  37174.77856                Uncentered R2 =  -0.0420
Residual SS             =  38737.83255                Root MSE      =    .6781

------------------------------------------------------------------------------
             |               Robust
     lnpov_z | Coefficient  std. err.      t    P>|t|     [95% conf. interval]
-------------+----------------------------------------------------------------
     Ker5_w1 |  -1.338401   .1567238    -8.54   0.000    -1.646301   -1.030502
------------------------------------------------------------------------------
Underidentification test (Kleibergen-Paap rk LM statistic):             88.202
                                                   Chi-sq(3) P-val =    0.0000
------------------------------------------------------------------------------
Weak identification test (Cragg-Donald Wald F statistic):             7486.368
                         (Kleibergen-Paap rk Wald F statistic):         55.251
Stock-Yogo weak ID test critical values:  5% maximal IV relative bias    13.91
                                         10% maximal IV relative bias     9.08
                                         20% maximal IV relative bias     6.46
                                         30% maximal IV relative bias     5.39
                                         10% maximal IV size             22.30
                                         15% maximal IV size             12.83
                                         20% maximal IV size              9.54
                                         25% maximal IV size              7.80
Source: Stock-Yogo (2005).  Reproduced by permission.
NB: Critical values are for Cragg-Donald F statistic and i.i.d. errors.
------------------------------------------------------------------------------
Hansen J statistic (overidentification test of all instruments):        48.940
                                                   Chi-sq(2) P-val =    0.0000
------------------------------------------------------------------------------
Instrumented:         Ker5_w1
Excluded instruments: Z_pel Z_tbbm Z_tpi
Partialled-out:       r711ak3_b r711ak4_b r711bk3_b r711bk4_b r711ck3_b
                      r711ck4_b r711dk3_b r711dk4_b r711ek3_b r711fk3_b
                      r711fk4_b r711gk3_b r711gk4_b r711hk3_b r711hk4_b
                      r711ik3_b r711ik4_b r711jk3_b r711jk4_b _cons
                      nb: total SS, model F and R2s are after partialling-out;
                          any small-sample adjustments include partialled-out
                          variables in regressor count K
Dropped collinear:    r711ek4_b
------------------------------------------------------------------------------

Absorbed degrees of freedom:
-----------------------------------------------------+
 Absorbed FE | Categories  - Redundant  = Num. Coefs |
-------------+---------------------------------------|
         kab |       514         514           0    *|
-----------------------------------------------------+
* = FE nested within cluster; treated as redundant for DoF computation
(output written to /Users/athamawardi/Desktop/Research-Projects/PSE_Pertamina/Output/tsls/tables/V1_M1_iv_homog_ALL_lnpov_z_IVH_HLTH_NB.rtf)
(0 real changes made)
(variable iddesa was str10, now str32 to accommodate using data's values)
file /var/folders/97/_t7418h90z7_plcs1h17z0vh0000gn/T//S_70602.000001 saved as .dta format
-> Ker5 M1 Homog IV v1: lnpov_z (ALL) [ IVH_UTIL_NB ]
(MWFE estimator converged in 1 iterations)

IV (2SLS) estimation
--------------------

Estimates efficient for homoskedasticity only
Statistics robust to heteroskedasticity and clustering on kab

Number of clusters (kab) =         514                Number of obs =    84276
                                                      F(  1,   513) =    72.81
                                                      Prob > F      =   0.0000
Total (centered) SS     =  37187.51223                Centered R2   =  -0.0416
Total (uncentered) SS   =  37187.51223                Uncentered R2 =  -0.0416
Residual SS             =  38733.29674                Root MSE      =     .678

------------------------------------------------------------------------------
             |               Robust
     lnpov_z | Coefficient  std. err.      t    P>|t|     [95% conf. interval]
-------------+----------------------------------------------------------------
     Ker5_w1 |  -1.341171   .1571756    -8.53   0.000    -1.649958   -1.032384
------------------------------------------------------------------------------
Underidentification test (Kleibergen-Paap rk LM statistic):             88.284
                                                   Chi-sq(3) P-val =    0.0000
------------------------------------------------------------------------------
Weak identification test (Cragg-Donald Wald F statistic):             7501.417
                         (Kleibergen-Paap rk Wald F statistic):         55.319
Stock-Yogo weak ID test critical values:  5% maximal IV relative bias    13.91
                                         10% maximal IV relative bias     9.08
                                         20% maximal IV relative bias     6.46
                                         30% maximal IV relative bias     5.39
                                         10% maximal IV size             22.30
                                         15% maximal IV size             12.83
                                         20% maximal IV size              9.54
                                         25% maximal IV size              7.80
Source: Stock-Yogo (2005).  Reproduced by permission.
NB: Critical values are for Cragg-Donald F statistic and i.i.d. errors.
------------------------------------------------------------------------------
Hansen J statistic (overidentification test of all instruments):        48.373
                                                   Chi-sq(2) P-val =    0.0000
------------------------------------------------------------------------------
Instrumented:         Ker5_w1
Excluded instruments: Z_pel Z_tbbm Z_tpi
Partialled-out:       r509c1_b r509c2_b r509c3_b _cons
                      nb: total SS, model F and R2s are after partialling-out;
                          any small-sample adjustments include partialled-out
                          variables in regressor count K
------------------------------------------------------------------------------

Absorbed degrees of freedom:
-----------------------------------------------------+
 Absorbed FE | Categories  - Redundant  = Num. Coefs |
-------------+---------------------------------------|
         kab |       514         514           0    *|
-----------------------------------------------------+
* = FE nested within cluster; treated as redundant for DoF computation
(output written to /Users/athamawardi/Desktop/Research-Projects/PSE_Pertamina/Output/tsls/tables/V1_M1_iv_homog_ALL_lnpov_z_IVH_UTIL_NB.rtf)
(0 real changes made)
(variable iddesa was str10, now str32 to accommodate using data's values)
file /var/folders/97/_t7418h90z7_plcs1h17z0vh0000gn/T//S_70602.000001 saved as .dta format
. }

. 
. 
. /****************************************************************************************
> I. EXPORT MASTER VILLAGE TABLE
> ****************************************************************************************/
. use "$VMASTER1X1", clear

. 
. cap confirm variable $ID

. if _rc gen str32 $ID = ""

. 
. foreach v in sample outcome spec {
  2.     cap confirm variable `v'
  3.     if _rc gen str18 `v' = ""
  4. }

. 
. foreach v in Ker5_used W_hat uhat beta_vill A_contrib {
  2.     cap confirm variable `v'
  3.     if _rc gen double `v' = .
  4. }

. 
. drop if missing($ID)
(0 observations deleted)

. order $ID sample outcome spec Ker5_used W_hat uhat beta_vill A_contrib

. compress
  variable iddesa was str32 now str10
  variable sample was str10 now str5
  variable outcome was str18 now str8
  variable spec was str12 now str11
  (59,124,352 bytes saved)

. 
. save "$outdir/village_values/Ker5_village_values_long_v1.dta", replace
file /Users/athamawardi/Desktop/Research-Projects/PSE_Pertamina/Output/tsls/village_values/Ker5_village_values_long_v1.dta saved

. export delimited using "$outdir/village_values/Ker5_village_values_long_v1.csv", replace
file /Users/athamawardi/Desktop/Research-Projects/PSE_Pertamina/Output/tsls/village_values/Ker5_village_values_long_v1.csv saved

. 
. use "$VMASTER2X1", clear

. 
. cap confirm variable $ID

. if _rc gen str32 $ID = ""

. 
. foreach v in sample outcome spec {
  2.     cap confirm variable `v'
  3.     if _rc gen str18 `v' = ""
  4. }

. 
. foreach v in Ker5_used W_hat uhat beta_vill A_contrib {
  2.     cap confirm variable `v'
  3.     if _rc gen double `v' = .
  4. }

. 
. drop if missing($ID)
(0 observations deleted)

. order $ID sample outcome spec Ker5_used W_hat uhat beta_vill A_contrib

. compress

. 
. save "$outdir/village_values/Ker5_village_values_long_v2.dta", replace
(dataset contains 0 observations)
file /Users/athamawardi/Desktop/Research-Projects/PSE_Pertamina/Output/tsls/village_values/Ker5_village_values_long_v2.dta saved

. export delimited using "$outdir/village_values/Ker5_village_values_long_v2.csv", replace
file /Users/athamawardi/Desktop/Research-Projects/PSE_Pertamina/Output/tsls/village_values/Ker5_village_values_long_v2.csv saved

. 
. 
. log close
      name:  <unnamed>
       log:  /Users/athamawardi/Desktop/Research-Projects/PSE_Pertamina/Output/tsls/logs/Ker5_V1_run_iv_suite.log
  log type:  text
 closed on:   3 Feb 2026, 14:16:01
---------------------------------------------------------------------------------------------------------------------------------------------------------------------------------------------------------------------------------------------------------------
